Component: ARM Compiler 5.06 update 7 (build 960) Tool: armlink [4d3601]

==============================================================================

Section Cross References

    main.o(i.CAN_Config) refers to can.o(i.CAN_Init) for CAN_Init
    main.o(i.CAN_Config) refers to main.o(.bss) for CAN_InitStructure
    main.o(i.CAN_Config) refers to main.o(.data) for CAN_FilterInit
    main.o(i.CAN_TX) refers to can.o(i.CAN_Transmit) for CAN_Transmit
    main.o(i.CAN_TX) refers to main.o(.bss) for TxMsg
    main.o(i.CAN_TX) refers to main.o(.data) for count
    main.o(i.main) refers to crg.o(i.PLL_Init) for PLL_Init
    main.o(i.main) refers to delay.o(i.Delay_Init) for Delay_Init
    main.o(i.main) refers to main.o(i.CAN_Config) for CAN_Config
    main.o(i.main) refers to main.o(i.CAN_TX) for CAN_TX
    rjs32k116_it.o(i.CAN_IRQHandler) refers to can.o(i.CAN_Receive) for CAN_Receive
    rjs32k116_it.o(i.CAN_IRQHandler) refers to rjs32k116_it.o(.bss) for pRxMsg
    startup_rjs32k116.o(RESET) refers to startup_rjs32k116.o(STACK) for __initial_sp
    startup_rjs32k116.o(RESET) refers to startup_rjs32k116.o(.text) for Reset_Handler
    startup_rjs32k116.o(RESET) refers to rjs32k116_it.o(i.SysTick_Handler) for SysTick_Handler
    startup_rjs32k116.o(RESET) refers to rjs32k116_it.o(i.PVD_IRQHandler) for PVD_IRQHandler
    startup_rjs32k116.o(RESET) refers to rjs32k116_it.o(i.IWDG_IRQHandler) for IWDG_IRQHandler
    startup_rjs32k116.o(RESET) refers to rjs32k116_it.o(i.I2C0_IRQHandler) for I2C0_IRQHandler
    startup_rjs32k116.o(RESET) refers to rjs32k116_it.o(i.I2C1_IRQHandler) for I2C1_IRQHandler
    startup_rjs32k116.o(RESET) refers to rjs32k116_it.o(i.SPI0_IRQHandler) for SPI0_IRQHandler
    startup_rjs32k116.o(RESET) refers to rjs32k116_it.o(i.SPI1_IRQHandler) for SPI1_IRQHandler
    startup_rjs32k116.o(RESET) refers to rjs32k116_it.o(i.UART0_IRQHandler) for UART0_IRQHandler
    startup_rjs32k116.o(RESET) refers to rjs32k116_it.o(i.UART1_IRQHandler) for UART1_IRQHandler
    startup_rjs32k116.o(RESET) refers to rjs32k116_it.o(i.UART2_IRQHandler) for UART2_IRQHandler
    startup_rjs32k116.o(RESET) refers to rjs32k116_it.o(i.UART3_IRQHandler) for UART3_IRQHandler
    startup_rjs32k116.o(RESET) refers to rjs32k116_it.o(i.LPUART_IRQHandler) for LPUART_IRQHandler
    startup_rjs32k116.o(RESET) refers to rjs32k116_it.o(i.RTC_IRQHandler) for RTC_IRQHandler
    startup_rjs32k116.o(RESET) refers to rjs32k116_it.o(i.GPIOA_IRQHandler) for GPIOA_IRQHandler
    startup_rjs32k116.o(RESET) refers to rjs32k116_it.o(i.GPIOB_IRQHandler) for GPIOB_IRQHandler
    startup_rjs32k116.o(RESET) refers to rjs32k116_it.o(i.GPIOC_IRQHandler) for GPIOC_IRQHandler
    startup_rjs32k116.o(RESET) refers to rjs32k116_it.o(i.GPIOH_IRQHandler) for GPIOH_IRQHandler
    startup_rjs32k116.o(RESET) refers to rjs32k116_it.o(i.TIMER0_IRQHandler) for TIMER0_IRQHandler
    startup_rjs32k116.o(RESET) refers to rjs32k116_it.o(i.TIMER1_IRQHandler) for TIMER1_IRQHandler
    startup_rjs32k116.o(RESET) refers to rjs32k116_it.o(i.TIMER2_IRQHandler) for TIMER2_IRQHandler
    startup_rjs32k116.o(RESET) refers to rjs32k116_it.o(i.TIMER3_IRQHandler) for TIMER3_IRQHandler
    startup_rjs32k116.o(RESET) refers to rjs32k116_it.o(i.TIMER4_IRQHandler) for TIMER4_IRQHandler
    startup_rjs32k116.o(RESET) refers to rjs32k116_it.o(i.LPTIMER_IRQHandler) for LPTIMER_IRQHandler
    startup_rjs32k116.o(RESET) refers to rjs32k116_it.o(i.WDG_IRQHandler) for WDG_IRQHandler
    startup_rjs32k116.o(RESET) refers to rjs32k116_it.o(i.ADC_IRQHandler) for ADC_IRQHandler
    startup_rjs32k116.o(RESET) refers to rjs32k116_it.o(i.CLKCHK_IRQHandler) for CLKCHK_IRQHandler
    startup_rjs32k116.o(RESET) refers to rjs32k116_it.o(i.COMP1COMP2_IRQHandler) for COMP1COMP2_IRQHandler
    startup_rjs32k116.o(RESET) refers to rjs32k116_it.o(i.CAN_IRQHandler) for CAN_IRQHandler
    startup_rjs32k116.o(RESET) refers to rjs32k116_it.o(i.SRAM_ERROR_IRQHandler) for SRAM_ERROR_IRQHandler
    startup_rjs32k116.o(RESET) refers to rjs32k116_it.o(i.DMA_IRQHandler) for DMA_IRQHandler
    startup_rjs32k116.o(.text) refers to entry.o(.ARM.Collect$$$$00000000) for __main
    uart.o(i.UART0_Init) refers to uidiv.o(.text) for __aeabi_uidivmod
    uart.o(i.fputc) refers to uart.o(i.UART0_SendData) for UART0_SendData
    delay.o(i.Delay_Init) refers to delay.o(.data) for us
    delay.o(i.Delay_ms) refers to delay.o(.data) for ms
    delay.o(i.Delay_us) refers to delay.o(.data) for us
    entry.o(.ARM.Collect$$$$00000000) refers (Special) to entry10a.o(.ARM.Collect$$$$0000000F) for __rt_final_cpp
    entry.o(.ARM.Collect$$$$00000000) refers (Special) to entry11a.o(.ARM.Collect$$$$00000011) for __rt_final_exit
    entry.o(.ARM.Collect$$$$00000000) refers (Special) to entry12b.o(.ARM.Collect$$$$0000000E) for __rt_lib_shutdown_fini
    entry.o(.ARM.Collect$$$$00000000) refers (Special) to entry7b.o(.ARM.Collect$$$$00000008) for _main_clock
    entry.o(.ARM.Collect$$$$00000000) refers (Special) to entry8b.o(.ARM.Collect$$$$0000000A) for _main_cpp_init
    entry.o(.ARM.Collect$$$$00000000) refers (Special) to entry9a.o(.ARM.Collect$$$$0000000B) for _main_init
    entry.o(.ARM.Collect$$$$00000000) refers (Special) to entry5.o(.ARM.Collect$$$$00000004) for _main_scatterload
    entry.o(.ARM.Collect$$$$00000000) refers (Special) to entry2.o(.ARM.Collect$$$$00000001) for _main_stk
    entry2.o(.ARM.Collect$$$$00000001) refers to entry2.o(.ARM.Collect$$$$00002712) for __lit__00000000
    entry2.o(.ARM.Collect$$$$00002712) refers to startup_rjs32k116.o(STACK) for __initial_sp
    entry2.o(__vectab_stack_and_reset_area) refers to startup_rjs32k116.o(STACK) for __initial_sp
    entry2.o(__vectab_stack_and_reset_area) refers to entry.o(.ARM.Collect$$$$00000000) for __main
    entry5.o(.ARM.Collect$$$$00000004) refers to init.o(.text) for __scatterload
    entry9a.o(.ARM.Collect$$$$0000000B) refers to main.o(i.main) for main
    entry9b.o(.ARM.Collect$$$$0000000C) refers to main.o(i.main) for main
    init.o(.text) refers to entry5.o(.ARM.Collect$$$$00000004) for __main_after_scatterload


==============================================================================

Removing Unused input sections from the image.

    Removing main.o(.rev16_text), (4 bytes).
    Removing main.o(.revsh_text), (4 bytes).
    Removing rjs32k116_it.o(.rev16_text), (4 bytes).
    Removing rjs32k116_it.o(.revsh_text), (4 bytes).
    Removing rjs32k116_it.o(.data), (2 bytes).
    Removing startup_rjs32k116.o(HEAP), (512 bytes).
    Removing uart.o(.rev16_text), (4 bytes).
    Removing uart.o(.revsh_text), (4 bytes).
    Removing uart.o(i.UART0_Init), (176 bytes).
    Removing uart.o(i.UART0_ReceiveData), (16 bytes).
    Removing uart.o(i.UART0_SendData), (28 bytes).
    Removing uart.o(i.fputc), (16 bytes).
    Removing crg.o(.rev16_text), (4 bytes).
    Removing crg.o(.revsh_text), (4 bytes).
    Removing crg.o(i.HSI_Init), (76 bytes).
    Removing delay.o(.rev16_text), (4 bytes).
    Removing delay.o(.revsh_text), (4 bytes).
    Removing delay.o(i.Delay_ms), (64 bytes).
    Removing delay.o(i.Delay_us), (64 bytes).
    Removing can.o(.rev16_text), (4 bytes).
    Removing can.o(.revsh_text), (4 bytes).

21 unused section(s) (total 1002 bytes) removed from the image.

==============================================================================

Image Symbol Table

    Local Symbols

    Symbol Name                              Value     Ov Type        Size  Object(Section)

    RESET                                    0x00000000   Section      192  startup_rjs32k116.o(RESET)
    ../clib/microlib/division.c              0x00000000   Number         0  uidiv.o ABSOLUTE
    ../clib/microlib/init/entry.s            0x00000000   Number         0  entry10b.o ABSOLUTE
    ../clib/microlib/init/entry.s            0x00000000   Number         0  entry12b.o ABSOLUTE
    ../clib/microlib/init/entry.s            0x00000000   Number         0  entry12a.o ABSOLUTE
    ../clib/microlib/init/entry.s            0x00000000   Number         0  entry11b.o ABSOLUTE
    ../clib/microlib/init/entry.s            0x00000000   Number         0  entry11a.o ABSOLUTE
    ../clib/microlib/init/entry.s            0x00000000   Number         0  entry10a.o ABSOLUTE
    ../clib/microlib/init/entry.s            0x00000000   Number         0  entry9b.o ABSOLUTE
    ../clib/microlib/init/entry.s            0x00000000   Number         0  entry9a.o ABSOLUTE
    ../clib/microlib/init/entry.s            0x00000000   Number         0  entry8b.o ABSOLUTE
    ../clib/microlib/init/entry.s            0x00000000   Number         0  entry8a.o ABSOLUTE
    ../clib/microlib/init/entry.s            0x00000000   Number         0  entry.o ABSOLUTE
    ../clib/microlib/init/entry.s            0x00000000   Number         0  entry7b.o ABSOLUTE
    ../clib/microlib/init/entry.s            0x00000000   Number         0  entry7a.o ABSOLUTE
    ../clib/microlib/init/entry.s            0x00000000   Number         0  entry5.o ABSOLUTE
    ../clib/microlib/init/entry.s            0x00000000   Number         0  entry2.o ABSOLUTE
    ..\..\..\..\CMSIS\startup_rjs32k116.s    0x00000000   Number         0  startup_rjs32k116.o ABSOLUTE
    System\Src\can.c                         0x00000000   Number         0  can.o ABSOLUTE
    System\Src\crg.c                         0x00000000   Number         0  crg.o ABSOLUTE
    System\Src\delay.c                       0x00000000   Number         0  delay.o ABSOLUTE
    System\Src\uart.c                        0x00000000   Number         0  uart.o ABSOLUTE
    System\\Src\\can.c                       0x00000000   Number         0  can.o ABSOLUTE
    System\\Src\\crg.c                       0x00000000   Number         0  crg.o ABSOLUTE
    System\\Src\\delay.c                     0x00000000   Number         0  delay.o ABSOLUTE
    System\\Src\\uart.c                      0x00000000   Number         0  uart.o ABSOLUTE
    User\\main.c                             0x00000000   Number         0  main.o ABSOLUTE
    User\\rjs32k116_it.c                     0x00000000   Number         0  rjs32k116_it.o ABSOLUTE
    User\main.c                              0x00000000   Number         0  main.o ABSOLUTE
    User\rjs32k116_it.c                      0x00000000   Number         0  rjs32k116_it.o ABSOLUTE
    dc.s                                     0x00000000   Number         0  dc.o ABSOLUTE
    handlers.s                               0x00000000   Number         0  handlers.o ABSOLUTE
    init.s                                   0x00000000   Number         0  init.o ABSOLUTE
    .ARM.Collect$$$$00000000                 0x000000c0   Section        0  entry.o(.ARM.Collect$$$$00000000)
    .ARM.Collect$$$$00000001                 0x000000c0   Section        4  entry2.o(.ARM.Collect$$$$00000001)
    .ARM.Collect$$$$00000004                 0x000000c4   Section        4  entry5.o(.ARM.Collect$$$$00000004)
    .ARM.Collect$$$$00000008                 0x000000c8   Section        0  entry7b.o(.ARM.Collect$$$$00000008)
    .ARM.Collect$$$$0000000A                 0x000000c8   Section        0  entry8b.o(.ARM.Collect$$$$0000000A)
    .ARM.Collect$$$$0000000B                 0x000000c8   Section        8  entry9a.o(.ARM.Collect$$$$0000000B)
    .ARM.Collect$$$$0000000E                 0x000000d0   Section        4  entry12b.o(.ARM.Collect$$$$0000000E)
    .ARM.Collect$$$$0000000F                 0x000000d4   Section        0  entry10a.o(.ARM.Collect$$$$0000000F)
    .ARM.Collect$$$$00000011                 0x000000d4   Section        0  entry11a.o(.ARM.Collect$$$$00000011)
    .ARM.Collect$$$$00002712                 0x000000d4   Section        4  entry2.o(.ARM.Collect$$$$00002712)
    __lit__00000000                          0x000000d4   Data           4  entry2.o(.ARM.Collect$$$$00002712)
    .text                                    0x000000d8   Section       20  startup_rjs32k116.o(.text)
    .text                                    0x000000ec   Section       36  init.o(.text)
    i.ADC_IRQHandler                         0x00000110   Section        0  rjs32k116_it.o(i.ADC_IRQHandler)
    i.CAN_Config                             0x00000114   Section        0  main.o(i.CAN_Config)
    i.CAN_IRQHandler                         0x00000198   Section        0  rjs32k116_it.o(i.CAN_IRQHandler)
    i.CAN_Init                               0x000002e0   Section        0  can.o(i.CAN_Init)
    i.CAN_Receive                            0x000005ec   Section        0  can.o(i.CAN_Receive)
    i.CAN_TX                                 0x00000650   Section        0  main.o(i.CAN_TX)
    i.CAN_Transmit                           0x000006b4   Section        0  can.o(i.CAN_Transmit)
    i.CLKCHK_IRQHandler                      0x00000868   Section        0  rjs32k116_it.o(i.CLKCHK_IRQHandler)
    i.COMP1COMP2_IRQHandler                  0x0000086a   Section        0  rjs32k116_it.o(i.COMP1COMP2_IRQHandler)
    i.DMA_IRQHandler                         0x0000086c   Section        0  rjs32k116_it.o(i.DMA_IRQHandler)
    i.Delay_Init                             0x00000870   Section        0  delay.o(i.Delay_Init)
    i.GPIOA_IRQHandler                       0x000008ac   Section        0  rjs32k116_it.o(i.GPIOA_IRQHandler)
    i.GPIOB_IRQHandler                       0x000008ae   Section        0  rjs32k116_it.o(i.GPIOB_IRQHandler)
    i.GPIOC_IRQHandler                       0x000008b0   Section        0  rjs32k116_it.o(i.GPIOC_IRQHandler)
    i.GPIOH_IRQHandler                       0x000008b2   Section        0  rjs32k116_it.o(i.GPIOH_IRQHandler)
    i.I2C0_IRQHandler                        0x000008b4   Section        0  rjs32k116_it.o(i.I2C0_IRQHandler)
    i.I2C1_IRQHandler                        0x000008b6   Section        0  rjs32k116_it.o(i.I2C1_IRQHandler)
    i.IWDG_IRQHandler                        0x000008b8   Section        0  rjs32k116_it.o(i.IWDG_IRQHandler)
    i.LPTIMER_IRQHandler                     0x000008ba   Section        0  rjs32k116_it.o(i.LPTIMER_IRQHandler)
    i.LPUART_IRQHandler                      0x000008bc   Section        0  rjs32k116_it.o(i.LPUART_IRQHandler)
    i.PLL_Init                               0x000008c0   Section        0  crg.o(i.PLL_Init)
    i.PVD_IRQHandler                         0x0000092c   Section        0  rjs32k116_it.o(i.PVD_IRQHandler)
    i.RTC_IRQHandler                         0x0000092e   Section        0  rjs32k116_it.o(i.RTC_IRQHandler)
    i.SPI0_IRQHandler                        0x00000930   Section        0  rjs32k116_it.o(i.SPI0_IRQHandler)
    i.SPI1_IRQHandler                        0x00000932   Section        0  rjs32k116_it.o(i.SPI1_IRQHandler)
    i.SRAM_ERROR_IRQHandler                  0x00000934   Section        0  rjs32k116_it.o(i.SRAM_ERROR_IRQHandler)
    i.SysTick_Handler                        0x00000936   Section        0  rjs32k116_it.o(i.SysTick_Handler)
    i.TIMER0_IRQHandler                      0x00000938   Section        0  rjs32k116_it.o(i.TIMER0_IRQHandler)
    i.TIMER1_IRQHandler                      0x0000093a   Section        0  rjs32k116_it.o(i.TIMER1_IRQHandler)
    i.TIMER2_IRQHandler                      0x0000093c   Section        0  rjs32k116_it.o(i.TIMER2_IRQHandler)
    i.TIMER3_IRQHandler                      0x0000093e   Section        0  rjs32k116_it.o(i.TIMER3_IRQHandler)
    i.TIMER4_IRQHandler                      0x00000940   Section        0  rjs32k116_it.o(i.TIMER4_IRQHandler)
    i.UART0_IRQHandler                       0x00000942   Section        0  rjs32k116_it.o(i.UART0_IRQHandler)
    i.UART1_IRQHandler                       0x00000944   Section        0  rjs32k116_it.o(i.UART1_IRQHandler)
    i.UART2_IRQHandler                       0x00000946   Section        0  rjs32k116_it.o(i.UART2_IRQHandler)
    i.UART3_IRQHandler                       0x00000948   Section        0  rjs32k116_it.o(i.UART3_IRQHandler)
    i.WDG_IRQHandler                         0x0000094a   Section        0  rjs32k116_it.o(i.WDG_IRQHandler)
    i.__scatterload_copy                     0x0000094c   Section       14  handlers.o(i.__scatterload_copy)
    i.__scatterload_null                     0x0000095a   Section        2  handlers.o(i.__scatterload_null)
    i.__scatterload_zeroinit                 0x0000095c   Section       14  handlers.o(i.__scatterload_zeroinit)
    i.main                                   0x0000096c   Section        0  main.o(i.main)
    .data                                    0x20000000   Section      196  main.o(.data)
    .data                                    0x200000c4   Section        8  delay.o(.data)
    .bss                                     0x200000cc   Section      132  main.o(.bss)
    .bss                                     0x20000150   Section     1052  rjs32k116_it.o(.bss)
    STACK                                    0x20000570   Section     1024  startup_rjs32k116.o(STACK)

    Global Symbols

    Symbol Name                              Value     Ov Type        Size  Object(Section)

    BuildAttributes$$THM_ISAv3M$S$PE$A:L22$X:L11$S22$IEEE1$IW$USESV6$~STKCKD$USESV7$~SHL$OSPACE$EBA8$MICROLIB$REQ8$PRES8$EABIv2 0x00000000   Number         0  anon$$obj.o ABSOLUTE
    __ARM_use_no_argv                        0x00000000   Number         0  main.o ABSOLUTE
    __Vectors                                0x00000000   Data           4  startup_rjs32k116.o(RESET)
    __arm_fini_                               - Undefined Weak Reference
    __cpp_initialize__aeabi_                  - Undefined Weak Reference
    __cxa_finalize                            - Undefined Weak Reference
    __decompress                              - Undefined Weak Reference
    _clock_init                               - Undefined Weak Reference
    _microlib_exit                            - Undefined Weak Reference
    __Vectors_End                            0x000000c0   Data           0  startup_rjs32k116.o(RESET)
    __Vectors_Size                           0x000000c0   Number         0  startup_rjs32k116.o ABSOLUTE
    __main                                   0x000000c1   Thumb Code     0  entry.o(.ARM.Collect$$$$00000000)
    _main_stk                                0x000000c1   Thumb Code     0  entry2.o(.ARM.Collect$$$$00000001)
    _main_scatterload                        0x000000c5   Thumb Code     0  entry5.o(.ARM.Collect$$$$00000004)
    __main_after_scatterload                 0x000000c9   Thumb Code     0  entry5.o(.ARM.Collect$$$$00000004)
    _main_clock                              0x000000c9   Thumb Code     0  entry7b.o(.ARM.Collect$$$$00000008)
    _main_cpp_init                           0x000000c9   Thumb Code     0  entry8b.o(.ARM.Collect$$$$0000000A)
    _main_init                               0x000000c9   Thumb Code     0  entry9a.o(.ARM.Collect$$$$0000000B)
    __rt_lib_shutdown_fini                   0x000000d1   Thumb Code     0  entry12b.o(.ARM.Collect$$$$0000000E)
    __rt_final_cpp                           0x000000d5   Thumb Code     0  entry10a.o(.ARM.Collect$$$$0000000F)
    __rt_final_exit                          0x000000d5   Thumb Code     0  entry11a.o(.ARM.Collect$$$$00000011)
    Reset_Handler                            0x000000d9   Thumb Code     4  startup_rjs32k116.o(.text)
    NMI_Handler                              0x000000dd   Thumb Code     2  startup_rjs32k116.o(.text)
    HardFault_Handler                        0x000000df   Thumb Code     2  startup_rjs32k116.o(.text)
    SVC_Handler                              0x000000e1   Thumb Code     2  startup_rjs32k116.o(.text)
    PendSV_Handler                           0x000000e3   Thumb Code     2  startup_rjs32k116.o(.text)
    __scatterload                            0x000000ed   Thumb Code    28  init.o(.text)
    __scatterload_rt2                        0x000000ed   Thumb Code     0  init.o(.text)
    ADC_IRQHandler                           0x00000111   Thumb Code     2  rjs32k116_it.o(i.ADC_IRQHandler)
    CAN_Config                               0x00000115   Thumb Code   114  main.o(i.CAN_Config)
    CAN_IRQHandler                           0x00000199   Thumb Code   320  rjs32k116_it.o(i.CAN_IRQHandler)
    CAN_Init                                 0x000002e1   Thumb Code   764  can.o(i.CAN_Init)
    CAN_Receive                              0x000005ed   Thumb Code    94  can.o(i.CAN_Receive)
    CAN_TX                                   0x00000651   Thumb Code    86  main.o(i.CAN_TX)
    CAN_Transmit                             0x000006b5   Thumb Code   432  can.o(i.CAN_Transmit)
    CLKCHK_IRQHandler                        0x00000869   Thumb Code     2  rjs32k116_it.o(i.CLKCHK_IRQHandler)
    COMP1COMP2_IRQHandler                    0x0000086b   Thumb Code     2  rjs32k116_it.o(i.COMP1COMP2_IRQHandler)
    DMA_IRQHandler                           0x0000086d   Thumb Code     2  rjs32k116_it.o(i.DMA_IRQHandler)
    Delay_Init                               0x00000871   Thumb Code    44  delay.o(i.Delay_Init)
    GPIOA_IRQHandler                         0x000008ad   Thumb Code     2  rjs32k116_it.o(i.GPIOA_IRQHandler)
    GPIOB_IRQHandler                         0x000008af   Thumb Code     2  rjs32k116_it.o(i.GPIOB_IRQHandler)
    GPIOC_IRQHandler                         0x000008b1   Thumb Code     2  rjs32k116_it.o(i.GPIOC_IRQHandler)
    GPIOH_IRQHandler                         0x000008b3   Thumb Code     2  rjs32k116_it.o(i.GPIOH_IRQHandler)
    I2C0_IRQHandler                          0x000008b5   Thumb Code     2  rjs32k116_it.o(i.I2C0_IRQHandler)
    I2C1_IRQHandler                          0x000008b7   Thumb Code     2  rjs32k116_it.o(i.I2C1_IRQHandler)
    IWDG_IRQHandler                          0x000008b9   Thumb Code     2  rjs32k116_it.o(i.IWDG_IRQHandler)
    LPTIMER_IRQHandler                       0x000008bb   Thumb Code     2  rjs32k116_it.o(i.LPTIMER_IRQHandler)
    LPUART_IRQHandler                        0x000008bd   Thumb Code     2  rjs32k116_it.o(i.LPUART_IRQHandler)
    PLL_Init                                 0x000008c1   Thumb Code    90  crg.o(i.PLL_Init)
    PVD_IRQHandler                           0x0000092d   Thumb Code     2  rjs32k116_it.o(i.PVD_IRQHandler)
    RTC_IRQHandler                           0x0000092f   Thumb Code     2  rjs32k116_it.o(i.RTC_IRQHandler)
    SPI0_IRQHandler                          0x00000931   Thumb Code     2  rjs32k116_it.o(i.SPI0_IRQHandler)
    SPI1_IRQHandler                          0x00000933   Thumb Code     2  rjs32k116_it.o(i.SPI1_IRQHandler)
    SRAM_ERROR_IRQHandler                    0x00000935   Thumb Code     2  rjs32k116_it.o(i.SRAM_ERROR_IRQHandler)
    SysTick_Handler                          0x00000937   Thumb Code     2  rjs32k116_it.o(i.SysTick_Handler)
    TIMER0_IRQHandler                        0x00000939   Thumb Code     2  rjs32k116_it.o(i.TIMER0_IRQHandler)
    TIMER1_IRQHandler                        0x0000093b   Thumb Code     2  rjs32k116_it.o(i.TIMER1_IRQHandler)
    TIMER2_IRQHandler                        0x0000093d   Thumb Code     2  rjs32k116_it.o(i.TIMER2_IRQHandler)
    TIMER3_IRQHandler                        0x0000093f   Thumb Code     2  rjs32k116_it.o(i.TIMER3_IRQHandler)
    TIMER4_IRQHandler                        0x00000941   Thumb Code     2  rjs32k116_it.o(i.TIMER4_IRQHandler)
    UART0_IRQHandler                         0x00000943   Thumb Code     2  rjs32k116_it.o(i.UART0_IRQHandler)
    UART1_IRQHandler                         0x00000945   Thumb Code     2  rjs32k116_it.o(i.UART1_IRQHandler)
    UART2_IRQHandler                         0x00000947   Thumb Code     2  rjs32k116_it.o(i.UART2_IRQHandler)
    UART3_IRQHandler                         0x00000949   Thumb Code     2  rjs32k116_it.o(i.UART3_IRQHandler)
    WDG_IRQHandler                           0x0000094b   Thumb Code     2  rjs32k116_it.o(i.WDG_IRQHandler)
    __scatterload_copy                       0x0000094d   Thumb Code    14  handlers.o(i.__scatterload_copy)
    __scatterload_null                       0x0000095b   Thumb Code     2  handlers.o(i.__scatterload_null)
    __scatterload_zeroinit                   0x0000095d   Thumb Code    14  handlers.o(i.__scatterload_zeroinit)
    main                                     0x0000096d   Thumb Code    50  main.o(i.main)
    Region$$Table$$Base                      0x000009a4   Number         0  anon$$obj.o(Region$$Table)
    Region$$Table$$Limit                     0x000009c4   Number         0  anon$$obj.o(Region$$Table)
    count                                    0x20000000   Data           1  main.o(.data)
    CAN_FilterInit                           0x20000004   Data         192  main.o(.data)
    us                                       0x200000c4   Data           4  delay.o(.data)
    ms                                       0x200000c8   Data           4  delay.o(.data)
    can_data                                 0x200000cc   Data         100  main.o(.bss)
    TxMsg                                    0x20000130   Data          16  main.o(.bss)
    CAN_InitStructure                        0x20000140   Data          16  main.o(.bss)
    data_buff                                0x20000150   Data        1024  rjs32k116_it.o(.bss)
    pRxMsg                                   0x20000550   Data          28  rjs32k116_it.o(.bss)
    __initial_sp                             0x20000970   Data           0  startup_rjs32k116.o(STACK)



==============================================================================

Memory Map of the image

  Image Entry point : 0x000000c1

  Load Region LR_IROM1 (Base: 0x00000000, Size: 0x00000a90, Max: 0x00020000, ABSOLUTE)

    Execution Region ER_IROM1 (Exec base: 0x00000000, Load base: 0x00000000, Size: 0x000009c4, Max: 0x00020000, ABSOLUTE)

    Exec Addr    Load Addr    Size         Type   Attr      Idx    E Section Name        Object

    0x00000000   0x00000000   0x000000c0   Data   RO          289    RESET               startup_rjs32k116.o
    0x000000c0   0x000000c0   0x00000000   Code   RO          450  * .ARM.Collect$$$$00000000  mc_p.l(entry.o)
    0x000000c0   0x000000c0   0x00000004   Code   RO          455    .ARM.Collect$$$$00000001  mc_p.l(entry2.o)
    0x000000c4   0x000000c4   0x00000004   Code   RO          458    .ARM.Collect$$$$00000004  mc_p.l(entry5.o)
    0x000000c8   0x000000c8   0x00000000   Code   RO          460    .ARM.Collect$$$$00000008  mc_p.l(entry7b.o)
    0x000000c8   0x000000c8   0x00000000   Code   RO          462    .ARM.Collect$$$$0000000A  mc_p.l(entry8b.o)
    0x000000c8   0x000000c8   0x00000008   Code   RO          463    .ARM.Collect$$$$0000000B  mc_p.l(entry9a.o)
    0x000000d0   0x000000d0   0x00000004   Code   RO          470    .ARM.Collect$$$$0000000E  mc_p.l(entry12b.o)
    0x000000d4   0x000000d4   0x00000000   Code   RO          465    .ARM.Collect$$$$0000000F  mc_p.l(entry10a.o)
    0x000000d4   0x000000d4   0x00000000   Code   RO          467    .ARM.Collect$$$$00000011  mc_p.l(entry11a.o)
    0x000000d4   0x000000d4   0x00000004   Code   RO          456    .ARM.Collect$$$$00002712  mc_p.l(entry2.o)
    0x000000d8   0x000000d8   0x00000014   Code   RO          290    .text               startup_rjs32k116.o
    0x000000ec   0x000000ec   0x00000024   Code   RO          471    .text               mc_p.l(init.o)
    0x00000110   0x00000110   0x00000002   Code   RO           79    i.ADC_IRQHandler    rjs32k116_it.o
    0x00000112   0x00000112   0x00000002   PAD
    0x00000114   0x00000114   0x00000084   Code   RO            3    i.CAN_Config        main.o
    0x00000198   0x00000198   0x00000148   Code   RO           80    i.CAN_IRQHandler    rjs32k116_it.o
    0x000002e0   0x000002e0   0x0000030c   Code   RO          399    i.CAN_Init          can.o
    0x000005ec   0x000005ec   0x00000064   Code   RO          400    i.CAN_Receive       can.o
    0x00000650   0x00000650   0x00000064   Code   RO            4    i.CAN_TX            main.o
    0x000006b4   0x000006b4   0x000001b4   Code   RO          401    i.CAN_Transmit      can.o
    0x00000868   0x00000868   0x00000002   Code   RO           81    i.CLKCHK_IRQHandler  rjs32k116_it.o
    0x0000086a   0x0000086a   0x00000002   Code   RO           82    i.COMP1COMP2_IRQHandler  rjs32k116_it.o
    0x0000086c   0x0000086c   0x00000002   Code   RO           83    i.DMA_IRQHandler    rjs32k116_it.o
    0x0000086e   0x0000086e   0x00000002   PAD
    0x00000870   0x00000870   0x0000003c   Code   RO          364    i.Delay_Init        delay.o
    0x000008ac   0x000008ac   0x00000002   Code   RO           84    i.GPIOA_IRQHandler  rjs32k116_it.o
    0x000008ae   0x000008ae   0x00000002   Code   RO           85    i.GPIOB_IRQHandler  rjs32k116_it.o
    0x000008b0   0x000008b0   0x00000002   Code   RO           86    i.GPIOC_IRQHandler  rjs32k116_it.o
    0x000008b2   0x000008b2   0x00000002   Code   RO           87    i.GPIOH_IRQHandler  rjs32k116_it.o
    0x000008b4   0x000008b4   0x00000002   Code   RO           88    i.I2C0_IRQHandler   rjs32k116_it.o
    0x000008b6   0x000008b6   0x00000002   Code   RO           89    i.I2C1_IRQHandler   rjs32k116_it.o
    0x000008b8   0x000008b8   0x00000002   Code   RO           90    i.IWDG_IRQHandler   rjs32k116_it.o
    0x000008ba   0x000008ba   0x00000002   Code   RO           91    i.LPTIMER_IRQHandler  rjs32k116_it.o
    0x000008bc   0x000008bc   0x00000002   Code   RO           92    i.LPUART_IRQHandler  rjs32k116_it.o
    0x000008be   0x000008be   0x00000002   PAD
    0x000008c0   0x000008c0   0x0000006c   Code   RO          339    i.PLL_Init          crg.o
    0x0000092c   0x0000092c   0x00000002   Code   RO           93    i.PVD_IRQHandler    rjs32k116_it.o
    0x0000092e   0x0000092e   0x00000002   Code   RO           94    i.RTC_IRQHandler    rjs32k116_it.o
    0x00000930   0x00000930   0x00000002   Code   RO           95    i.SPI0_IRQHandler   rjs32k116_it.o
    0x00000932   0x00000932   0x00000002   Code   RO           96    i.SPI1_IRQHandler   rjs32k116_it.o
    0x00000934   0x00000934   0x00000002   Code   RO           97    i.SRAM_ERROR_IRQHandler  rjs32k116_it.o
    0x00000936   0x00000936   0x00000002   Code   RO           98    i.SysTick_Handler   rjs32k116_it.o
    0x00000938   0x00000938   0x00000002   Code   RO           99    i.TIMER0_IRQHandler  rjs32k116_it.o
    0x0000093a   0x0000093a   0x00000002   Code   RO          100    i.TIMER1_IRQHandler  rjs32k116_it.o
    0x0000093c   0x0000093c   0x00000002   Code   RO          101    i.TIMER2_IRQHandler  rjs32k116_it.o
    0x0000093e   0x0000093e   0x00000002   Code   RO          102    i.TIMER3_IRQHandler  rjs32k116_it.o
    0x00000940   0x00000940   0x00000002   Code   RO          103    i.TIMER4_IRQHandler  rjs32k116_it.o
    0x00000942   0x00000942   0x00000002   Code   RO          104    i.UART0_IRQHandler  rjs32k116_it.o
    0x00000944   0x00000944   0x00000002   Code   RO          105    i.UART1_IRQHandler  rjs32k116_it.o
    0x00000946   0x00000946   0x00000002   Code   RO          106    i.UART2_IRQHandler  rjs32k116_it.o
    0x00000948   0x00000948   0x00000002   Code   RO          107    i.UART3_IRQHandler  rjs32k116_it.o
    0x0000094a   0x0000094a   0x00000002   Code   RO          108    i.WDG_IRQHandler    rjs32k116_it.o
    0x0000094c   0x0000094c   0x0000000e   Code   RO          475    i.__scatterload_copy  mc_p.l(handlers.o)
    0x0000095a   0x0000095a   0x00000002   Code   RO          476    i.__scatterload_null  mc_p.l(handlers.o)
    0x0000095c   0x0000095c   0x0000000e   Code   RO          477    i.__scatterload_zeroinit  mc_p.l(handlers.o)
    0x0000096a   0x0000096a   0x00000002   PAD
    0x0000096c   0x0000096c   0x00000038   Code   RO            5    i.main              main.o
    0x000009a4   0x000009a4   0x00000020   Data   RO          473    Region$$Table       anon$$obj.o


    Execution Region RW_IRAM1 (Exec base: 0x20000000, Load base: 0x000009c4, Size: 0x00000970, Max: 0x00004000, ABSOLUTE)

    Exec Addr    Load Addr    Size         Type   Attr      Idx    E Section Name        Object

    0x20000000   0x000009c4   0x000000c4   Data   RW            7    .data               main.o
    0x200000c4   0x00000a88   0x00000008   Data   RW          367    .data               delay.o
    0x200000cc        -       0x00000084   Zero   RW            6    .bss                main.o
    0x20000150        -       0x0000041c   Zero   RW          109    .bss                rjs32k116_it.o
    0x2000056c   0x00000a90   0x00000004   PAD
    0x20000570        -       0x00000400   Zero   RW          287    STACK               startup_rjs32k116.o


==============================================================================

Image component sizes


      Code (inc. data)   RO Data    RW Data    ZI Data      Debug   Object Name

      1316         26          0          0          0      19028   can.o
       108         18          0          0          0        447   crg.o
        60         16          0          8          0        733   delay.o
       288         38          0        196        132      32825   main.o
       386          8          0          0       1052      30145   rjs32k116_it.o
        20          4        192          0       1024        648   startup_rjs32k116.o

    ----------------------------------------------------------------------
      2184        110        224        204       2212      83826   Object Totals
         0          0         32          0          0          0   (incl. Generated)
         6          0          0          0          4          0   (incl. Padding)

    ----------------------------------------------------------------------

      Code (inc. data)   RO Data    RW Data    ZI Data      Debug   Library Member Name

         0          0          0          0          0          0   entry.o
         0          0          0          0          0          0   entry10a.o
         0          0          0          0          0          0   entry11a.o
         4          0          0          0          0          0   entry12b.o
         8          4          0          0          0          0   entry2.o
         4          0          0          0          0          0   entry5.o
         0          0          0          0          0          0   entry7b.o
         0          0          0          0          0          0   entry8b.o
         8          4          0          0          0          0   entry9a.o
        30          0          0          0          0          0   handlers.o
        36          8          0          0          0         68   init.o

    ----------------------------------------------------------------------
        92         16          0          0          0         68   Library Totals
         2          0          0          0          0          0   (incl. Padding)

    ----------------------------------------------------------------------

      Code (inc. data)   RO Data    RW Data    ZI Data      Debug   Library Name

        90         16          0          0          0         68   mc_p.l

    ----------------------------------------------------------------------
        92         16          0          0          0         68   Library Totals

    ----------------------------------------------------------------------

==============================================================================


      Code (inc. data)   RO Data    RW Data    ZI Data      Debug   

      2276        126        224        204       2212      82550   Grand Totals
      2276        126        224        204       2212      82550   ELF Image Totals
      2276        126        224        204          0          0   ROM Totals

==============================================================================

    Total RO  Size (Code + RO Data)                 2500 (   2.44kB)
    Total RW  Size (RW Data + ZI Data)              2416 (   2.36kB)
    Total ROM Size (Code + RO Data + RW Data)       2704 (   2.64kB)

==============================================================================

