<html>
<body>
<pre>
<h1>µVision Build Log</h1>
<h2>Tool Versions:</h2>
IDE-Version: ¦ÌVision V5.38.0.0
Copyright (C) 2022 ARM Ltd and ARM Germany GmbH. All rights reserved.
License Information: PKB404 Administrator, 0, LIC=UB4EI-TQ9AV-GQM0H-WR5KX-13VTD-7EMK5
 
Tool Versions:
Toolchain:       MDK-ARM Professional  Version: 5.38.0.0
Toolchain Path:  E:\Keil\ARM\ARMCC\Bin
C Compiler:      Armcc.exe V5.06 update 7 (build 960)
Assembler:       Armasm.exe V5.06 update 7 (build 960)
Linker/Locator:  ArmLink.exe V5.06 update 7 (build 960)
Library Manager: ArmAr.exe V5.06 update 7 (build 960)
Hex Converter:   FromElf.exe V5.06 update 7 (build 960)
CPU DLL:         SARMCM3.DLL V5.38.0.0
Dialog DLL:      DARMCM1.DLL V1.19.6.0
Target DLL:      UL2CM3.DLL V1.164.8.0
Dialog DLL:      TARMCM1.DLL V1.14.6.0
 
<h2>Project:</h2>
E:\Work\Code\RJS32K116\COB-2023-9-26\CODE\Test Code\RJS32K116_CAN\CAN2.0\CAN2.0 Send info\RJS32K116_CAN.uvprojx
Project File Date:  10/20/2023

<h2>Output:</h2>
*** Using Compiler 'V5.06 update 7 (build 960)', folder: 'E:\Keil\ARM\ARMCC\Bin'
Rebuild target 'Target 1'
assembling startup_rjs32k116.s...
compiling rjs32k116_it.c...
compiling uart.c...
compiling delay.c...
compiling crg.c...
compiling main.c...
User\main.c(59): warning:  #177-D: variable "t_count"  was declared but never referenced
      uint8_t t_count;
User\main.c: 1 warning, 0 errors
compiling can.c...
linking...
Program Size: Code=1344 RO-data=224 RW-data=24 ZI-data=1152  
FromELF: creating hex file...
".\User\Objects\RJS32K116_CAN_PLL72M.axf" - 0 Error(s), 1 Warning(s).

<h2>Software Packages used:</h2>

Package Vendor: ARM
                http://www.keil.com/pack/ARM.CMSIS.5.9.0.pack
                ARM.CMSIS.5.9.0
                CMSIS (Common Microcontroller Software Interface Standard)

<h2>Collection of Component include folders:</h2>
  E:/Keil/ARM/CMSIS/5.9.0/Device/ARM/ARMCM0plus/Include

<h2>Collection of Component Files used:</h2>
Build Time Elapsed:  00:00:01
</pre>
</body>
</html>
