Component: ARM Compiler 5.06 update 7 (build 960) Tool: armlink [4d3601]

==============================================================================

Section Cross References

    main.o(.text) refers to stm32f10x_rcc.o(.text) for RCC_APB2PeriphClockCmd
    main.o(.text) refers to stm32f10x_gpio.o(.text) for GPIO_Init
    main.o(.text) refers to delay.o(.text) for delay_ms
    main.o(.text) refers to key.o(.text) for KEY_Init
    main.o(.text) refers to misc.o(.text) for NVIC_PriorityGroupConfig
    main.o(.text) refers to stm32f10x_usart.o(.text) for USART_GetITStatus
    main.o(.text) refers to usart.o(.text) for USART1_SendBuff
    main.o(.text) refers to main.o(.data) for Test_Data
    main.o(.text) refers to main.o(.bss) for Data_Buffer
    system_stm32f10x.o(.text) refers to system_stm32f10x.o(.data) for SystemCoreClock
    led.o(.text) refers to stm32f10x_rcc.o(.text) for RCC_APB2PeriphClockCmd
    led.o(.text) refers to stm32f10x_gpio.o(.text) for GPIO_Init
    key.o(.text) refers to stm32f10x_rcc.o(.text) for RCC_APB2PeriphClockCmd
    key.o(.text) refers to stm32f10x_gpio.o(.text) for GPIO_Init
    key.o(.text) refers to delay.o(.text) for delay_ms
    key.o(.text) refers to key.o(.data) for key_up
    timer.o(.text) refers to stm32f10x_rcc.o(.text) for RCC_APB1PeriphClockCmd
    timer.o(.text) refers to stm32f10x_tim.o(.text) for TIM_TimeBaseInit
    timer.o(.text) refers to misc.o(.text) for NVIC_Init
    timer.o(.text) refers to stm32f10x_gpio.o(.text) for GPIO_PinRemapConfig
    delay.o(.text) refers to misc.o(.text) for SysTick_CLKSourceConfig
    delay.o(.text) refers to system_stm32f10x.o(.data) for SystemCoreClock
    delay.o(.text) refers to delay.o(.data) for fac_us
    usart.o(.text) refers to stm32f10x_rcc.o(.text) for RCC_APB2PeriphClockCmd
    usart.o(.text) refers to stm32f10x_gpio.o(.text) for GPIO_Init
    usart.o(.text) refers to misc.o(.text) for NVIC_Init
    usart.o(.text) refers to stm32f10x_usart.o(.text) for USART_Init
    startup_stm32f10x_hd.o(RESET) refers to startup_stm32f10x_hd.o(STACK) for __initial_sp
    startup_stm32f10x_hd.o(RESET) refers to startup_stm32f10x_hd.o(.text) for Reset_Handler
    startup_stm32f10x_hd.o(RESET) refers to stm32f10x_it.o(.text) for NMI_Handler
    startup_stm32f10x_hd.o(RESET) refers to timer.o(.text) for TIM3_IRQHandler
    startup_stm32f10x_hd.o(RESET) refers to main.o(.text) for USART1_IRQHandler
    startup_stm32f10x_hd.o(.text) refers to system_stm32f10x.o(.text) for SystemInit
    startup_stm32f10x_hd.o(.text) refers to entry.o(.ARM.Collect$$$$00000000) for __main
    stm32f10x_gpio.o(.text) refers to stm32f10x_rcc.o(.text) for RCC_APB2PeriphResetCmd
    stm32f10x_rcc.o(.text) refers to stm32f10x_rcc.o(.data) for APBAHBPrescTable
    stm32f10x_tim.o(.text) refers to stm32f10x_rcc.o(.text) for RCC_APB2PeriphResetCmd
    stm32f10x_usart.o(.text) refers to stm32f10x_rcc.o(.text) for RCC_APB2PeriphResetCmd
    entry.o(.ARM.Collect$$$$00000000) refers (Special) to entry10a.o(.ARM.Collect$$$$0000000F) for __rt_final_cpp
    entry.o(.ARM.Collect$$$$00000000) refers (Special) to entry11a.o(.ARM.Collect$$$$00000011) for __rt_final_exit
    entry.o(.ARM.Collect$$$$00000000) refers (Special) to entry12b.o(.ARM.Collect$$$$0000000E) for __rt_lib_shutdown_fini
    entry.o(.ARM.Collect$$$$00000000) refers (Special) to entry7b.o(.ARM.Collect$$$$00000008) for _main_clock
    entry.o(.ARM.Collect$$$$00000000) refers (Special) to entry8b.o(.ARM.Collect$$$$0000000A) for _main_cpp_init
    entry.o(.ARM.Collect$$$$00000000) refers (Special) to entry9a.o(.ARM.Collect$$$$0000000B) for _main_init
    entry.o(.ARM.Collect$$$$00000000) refers (Special) to entry5.o(.ARM.Collect$$$$00000004) for _main_scatterload
    entry.o(.ARM.Collect$$$$00000000) refers (Special) to entry2.o(.ARM.Collect$$$$00000001) for _main_stk
    entry2.o(.ARM.Collect$$$$00000001) refers to entry2.o(.ARM.Collect$$$$00002712) for __lit__00000000
    entry2.o(.ARM.Collect$$$$00002712) refers to startup_stm32f10x_hd.o(STACK) for __initial_sp
    entry2.o(__vectab_stack_and_reset_area) refers to startup_stm32f10x_hd.o(STACK) for __initial_sp
    entry2.o(__vectab_stack_and_reset_area) refers to entry.o(.ARM.Collect$$$$00000000) for __main
    entry5.o(.ARM.Collect$$$$00000004) refers to init.o(.text) for __scatterload
    entry9a.o(.ARM.Collect$$$$0000000B) refers to main.o(.text) for main
    entry9b.o(.ARM.Collect$$$$0000000C) refers to main.o(.text) for main
    init.o(.text) refers to entry5.o(.ARM.Collect$$$$00000004) for __main_after_scatterload


==============================================================================

Removing Unused input sections from the image.

    Removing led.o(.text), (76 bytes).
    Removing sys.o(.emb_text), (6 bytes).
    Removing sys.o(.text), (12 bytes).
    Removing core_cm3.o(.emb_text), (32 bytes).
    Removing startup_stm32f10x_hd.o(HEAP), (512 bytes).

5 unused section(s) (total 638 bytes) removed from the image.

==============================================================================

Image Symbol Table

    Local Symbols

    Symbol Name                              Value     Ov Type        Size  Object(Section)

    ../clib/../cmprslib/lz77c.c              0x00000000   Number         0  __dclz77c.o ABSOLUTE
    ../clib/microlib/init/entry.s            0x00000000   Number         0  entry12b.o ABSOLUTE
    ../clib/microlib/init/entry.s            0x00000000   Number         0  entry11b.o ABSOLUTE
    ../clib/microlib/init/entry.s            0x00000000   Number         0  entry11a.o ABSOLUTE
    ../clib/microlib/init/entry.s            0x00000000   Number         0  entry10b.o ABSOLUTE
    ../clib/microlib/init/entry.s            0x00000000   Number         0  entry7b.o ABSOLUTE
    ../clib/microlib/init/entry.s            0x00000000   Number         0  entry10a.o ABSOLUTE
    ../clib/microlib/init/entry.s            0x00000000   Number         0  entry9b.o ABSOLUTE
    ../clib/microlib/init/entry.s            0x00000000   Number         0  entry9a.o ABSOLUTE
    ../clib/microlib/init/entry.s            0x00000000   Number         0  entry7a.o ABSOLUTE
    ../clib/microlib/init/entry.s            0x00000000   Number         0  entry12a.o ABSOLUTE
    ../clib/microlib/init/entry.s            0x00000000   Number         0  entry8b.o ABSOLUTE
    ../clib/microlib/init/entry.s            0x00000000   Number         0  entry8a.o ABSOLUTE
    ../clib/microlib/init/entry.s            0x00000000   Number         0  entry5.o ABSOLUTE
    ../clib/microlib/init/entry.s            0x00000000   Number         0  entry2.o ABSOLUTE
    ../clib/microlib/init/entry.s            0x00000000   Number         0  entry.o ABSOLUTE
    ..\CORE\core_cm3.c                       0x00000000   Number         0  core_cm3.o ABSOLUTE
    ..\CORE\startup_stm32f10x_hd.s           0x00000000   Number         0  startup_stm32f10x_hd.o ABSOLUTE
    ..\HARDWARE\KEY\key.c                    0x00000000   Number         0  key.o ABSOLUTE
    ..\HARDWARE\LED\led.c                    0x00000000   Number         0  led.o ABSOLUTE
    ..\HARDWARE\TIMER\timer.c                0x00000000   Number         0  timer.o ABSOLUTE
    ..\STM32F10x_FWLib\src\misc.c            0x00000000   Number         0  misc.o ABSOLUTE
    ..\STM32F10x_FWLib\src\stm32f10x_gpio.c  0x00000000   Number         0  stm32f10x_gpio.o ABSOLUTE
    ..\STM32F10x_FWLib\src\stm32f10x_rcc.c   0x00000000   Number         0  stm32f10x_rcc.o ABSOLUTE
    ..\STM32F10x_FWLib\src\stm32f10x_tim.c   0x00000000   Number         0  stm32f10x_tim.o ABSOLUTE
    ..\STM32F10x_FWLib\src\stm32f10x_usart.c 0x00000000   Number         0  stm32f10x_usart.o ABSOLUTE
    ..\SYSTEM\delay\delay.c                  0x00000000   Number         0  delay.o ABSOLUTE
    ..\SYSTEM\sys\sys.c                      0x00000000   Number         0  sys.o ABSOLUTE
    ..\SYSTEM\usart\usart.c                  0x00000000   Number         0  usart.o ABSOLUTE
    ..\\CORE\\core_cm3.c                     0x00000000   Number         0  core_cm3.o ABSOLUTE
    ..\\SYSTEM\\sys\\sys.c                   0x00000000   Number         0  sys.o ABSOLUTE
    dc.s                                     0x00000000   Number         0  dc.o ABSOLUTE
    handlers.s                               0x00000000   Number         0  handlers.o ABSOLUTE
    init.s                                   0x00000000   Number         0  init.o ABSOLUTE
    main.c                                   0x00000000   Number         0  main.o ABSOLUTE
    stm32f10x_it.c                           0x00000000   Number         0  stm32f10x_it.o ABSOLUTE
    system_stm32f10x.c                       0x00000000   Number         0  system_stm32f10x.o ABSOLUTE
    RESET                                    0x08000000   Section      304  startup_stm32f10x_hd.o(RESET)
    .ARM.Collect$$$$00000000                 0x08000130   Section        0  entry.o(.ARM.Collect$$$$00000000)
    .ARM.Collect$$$$00000001                 0x08000130   Section        4  entry2.o(.ARM.Collect$$$$00000001)
    .ARM.Collect$$$$00000004                 0x08000134   Section        4  entry5.o(.ARM.Collect$$$$00000004)
    .ARM.Collect$$$$00000008                 0x08000138   Section        0  entry7b.o(.ARM.Collect$$$$00000008)
    .ARM.Collect$$$$0000000A                 0x08000138   Section        0  entry8b.o(.ARM.Collect$$$$0000000A)
    .ARM.Collect$$$$0000000B                 0x08000138   Section        8  entry9a.o(.ARM.Collect$$$$0000000B)
    .ARM.Collect$$$$0000000E                 0x08000140   Section        4  entry12b.o(.ARM.Collect$$$$0000000E)
    .ARM.Collect$$$$0000000F                 0x08000144   Section        0  entry10a.o(.ARM.Collect$$$$0000000F)
    .ARM.Collect$$$$00000011                 0x08000144   Section        0  entry11a.o(.ARM.Collect$$$$00000011)
    .ARM.Collect$$$$00002712                 0x08000144   Section        4  entry2.o(.ARM.Collect$$$$00002712)
    __lit__00000000                          0x08000144   Data           4  entry2.o(.ARM.Collect$$$$00002712)
    .text                                    0x08000148   Section        0  main.o(.text)
    .text                                    0x08000a38   Section        0  stm32f10x_it.o(.text)
    .text                                    0x08000a54   Section        0  system_stm32f10x.o(.text)
    SetSysClockTo72                          0x08000a55   Thumb Code   214  system_stm32f10x.o(.text)
    SetSysClock                              0x08000b2b   Thumb Code     8  system_stm32f10x.o(.text)
    .text                                    0x08000c34   Section        0  key.o(.text)
    .text                                    0x08000d0c   Section        0  timer.o(.text)
    .text                                    0x08000e20   Section        0  delay.o(.text)
    .text                                    0x08000ef4   Section        0  usart.o(.text)
    .text                                    0x08001018   Section       36  startup_stm32f10x_hd.o(.text)
    .text                                    0x0800103c   Section        0  misc.o(.text)
    .text                                    0x08001118   Section        0  stm32f10x_gpio.o(.text)
    .text                                    0x08001474   Section        0  stm32f10x_rcc.o(.text)
    .text                                    0x08001818   Section        0  stm32f10x_tim.o(.text)
    TI4_Config                               0x08001cbf   Thumb Code   130  stm32f10x_tim.o(.text)
    TI3_Config                               0x08001d53   Thumb Code   122  stm32f10x_tim.o(.text)
    TI2_Config                               0x08001de7   Thumb Code   130  stm32f10x_tim.o(.text)
    TI1_Config                               0x08001e7b   Thumb Code   108  stm32f10x_tim.o(.text)
    .text                                    0x08002634   Section        0  stm32f10x_usart.o(.text)
    .text                                    0x08002a3c   Section       36  init.o(.text)
    .text                                    0x08002a60   Section        0  __dclz77c.o(.text)
    i.__scatterload_copy                     0x08002abe   Section       14  handlers.o(i.__scatterload_copy)
    i.__scatterload_null                     0x08002acc   Section        2  handlers.o(i.__scatterload_null)
    i.__scatterload_zeroinit                 0x08002ace   Section       14  handlers.o(i.__scatterload_zeroinit)
    .data                                    0x20000000   Section      517  main.o(.data)
    .data                                    0x20000208   Section       20  system_stm32f10x.o(.data)
    .data                                    0x2000021c   Section        1  key.o(.data)
    key_up                                   0x2000021c   Data           1  key.o(.data)
    .data                                    0x2000021e   Section        4  delay.o(.data)
    fac_us                                   0x2000021e   Data           1  delay.o(.data)
    fac_ms                                   0x20000220   Data           2  delay.o(.data)
    .data                                    0x20000222   Section       20  stm32f10x_rcc.o(.data)
    APBAHBPrescTable                         0x20000222   Data          16  stm32f10x_rcc.o(.data)
    ADCPrescTable                            0x20000232   Data           4  stm32f10x_rcc.o(.data)
    .bss                                     0x20000238   Section     1024  main.o(.bss)
    STACK                                    0x20000638   Section     1024  startup_stm32f10x_hd.o(STACK)

    Global Symbols

    Symbol Name                              Value     Ov Type        Size  Object(Section)

    BuildAttributes$$THM_ISAv4$P$D$K$B$S$PE$A:L22UL41UL21$X:L11$S22US41US21$IEEE1$IW$USESV6$~STKCKD$USESV7$~SHL$OSPACE$EBA8$MICROLIB$REQ8$PRES8$EABIv2 0x00000000   Number         0  anon$$obj.o ABSOLUTE
    __ARM_use_no_argv                        0x00000000   Number         0  main.o ABSOLUTE
    __arm_fini_                               - Undefined Weak Reference
    __cpp_initialize__aeabi_                  - Undefined Weak Reference
    __cxa_finalize                            - Undefined Weak Reference
    _clock_init                               - Undefined Weak Reference
    _microlib_exit                            - Undefined Weak Reference
    __Vectors_Size                           0x00000130   Number         0  startup_stm32f10x_hd.o ABSOLUTE
    __Vectors                                0x08000000   Data           4  startup_stm32f10x_hd.o(RESET)
    __Vectors_End                            0x08000130   Data           0  startup_stm32f10x_hd.o(RESET)
    __main                                   0x08000131   Thumb Code     0  entry.o(.ARM.Collect$$$$00000000)
    _main_stk                                0x08000131   Thumb Code     0  entry2.o(.ARM.Collect$$$$00000001)
    _main_scatterload                        0x08000135   Thumb Code     0  entry5.o(.ARM.Collect$$$$00000004)
    __main_after_scatterload                 0x08000139   Thumb Code     0  entry5.o(.ARM.Collect$$$$00000004)
    _main_clock                              0x08000139   Thumb Code     0  entry7b.o(.ARM.Collect$$$$00000008)
    _main_cpp_init                           0x08000139   Thumb Code     0  entry8b.o(.ARM.Collect$$$$0000000A)
    _main_init                               0x08000139   Thumb Code     0  entry9a.o(.ARM.Collect$$$$0000000B)
    __rt_lib_shutdown_fini                   0x08000141   Thumb Code     0  entry12b.o(.ARM.Collect$$$$0000000E)
    __rt_final_cpp                           0x08000145   Thumb Code     0  entry10a.o(.ARM.Collect$$$$0000000F)
    __rt_final_exit                          0x08000145   Thumb Code     0  entry11a.o(.ARM.Collect$$$$00000011)
    IO_Init                                  0x08000149   Thumb Code    84  main.o(.text)
    CAN_BitError_test                        0x0800019d   Thumb Code   308  main.o(.text)
    CAN_StuffError_test                      0x080002d1   Thumb Code    52  main.o(.text)
    CAN_FromError_test                       0x08000305   Thumb Code   462  main.o(.text)
    CAN_CRCError_test                        0x080004d3   Thumb Code   354  main.o(.text)
    CANFD_FromError_test                     0x08000635   Thumb Code     2  main.o(.text)
    CANFD_StuffError_test                    0x08000637   Thumb Code   440  main.o(.text)
    CANFD_CRCError_test                      0x080007ef   Thumb Code   460  main.o(.text)
    main                                     0x080009bb   Thumb Code    44  main.o(.text)
    USART1_IRQHandler                        0x080009e7   Thumb Code    60  main.o(.text)
    NMI_Handler                              0x08000a39   Thumb Code     2  stm32f10x_it.o(.text)
    HardFault_Handler                        0x08000a3b   Thumb Code     4  stm32f10x_it.o(.text)
    MemManage_Handler                        0x08000a3f   Thumb Code     4  stm32f10x_it.o(.text)
    BusFault_Handler                         0x08000a43   Thumb Code     4  stm32f10x_it.o(.text)
    UsageFault_Handler                       0x08000a47   Thumb Code     4  stm32f10x_it.o(.text)
    SVC_Handler                              0x08000a4b   Thumb Code     2  stm32f10x_it.o(.text)
    DebugMon_Handler                         0x08000a4d   Thumb Code     2  stm32f10x_it.o(.text)
    PendSV_Handler                           0x08000a4f   Thumb Code     2  stm32f10x_it.o(.text)
    SysTick_Handler                          0x08000a51   Thumb Code     2  stm32f10x_it.o(.text)
    SystemInit                               0x08000b33   Thumb Code    78  system_stm32f10x.o(.text)
    SystemCoreClockUpdate                    0x08000b81   Thumb Code   142  system_stm32f10x.o(.text)
    KEY_Init                                 0x08000c35   Thumb Code    52  key.o(.text)
    KEY_Scan                                 0x08000c69   Thumb Code   150  key.o(.text)
    TIM3_Int_Init                            0x08000d0d   Thumb Code    90  timer.o(.text)
    TIM3_IRQHandler                          0x08000d67   Thumb Code    38  timer.o(.text)
    TIM3_PWM_Init                            0x08000d8d   Thumb Code   130  timer.o(.text)
    delay_init                               0x08000e21   Thumb Code    50  delay.o(.text)
    delay_us                                 0x08000e53   Thumb Code    72  delay.o(.text)
    delay_ms                                 0x08000e9b   Thumb Code    72  delay.o(.text)
    fputc                                    0x08000ef5   Thumb Code    24  usart.o(.text)
    uart_init                                0x08000f0d   Thumb Code   218  usart.o(.text)
    USART1_SendBuff                          0x08000fe7   Thumb Code    42  usart.o(.text)
    Reset_Handler                            0x08001019   Thumb Code     8  startup_stm32f10x_hd.o(.text)
    ADC1_2_IRQHandler                        0x08001033   Thumb Code     0  startup_stm32f10x_hd.o(.text)
    ADC3_IRQHandler                          0x08001033   Thumb Code     0  startup_stm32f10x_hd.o(.text)
    CAN1_RX1_IRQHandler                      0x08001033   Thumb Code     0  startup_stm32f10x_hd.o(.text)
    CAN1_SCE_IRQHandler                      0x08001033   Thumb Code     0  startup_stm32f10x_hd.o(.text)
    DMA1_Channel1_IRQHandler                 0x08001033   Thumb Code     0  startup_stm32f10x_hd.o(.text)
    DMA1_Channel2_IRQHandler                 0x08001033   Thumb Code     0  startup_stm32f10x_hd.o(.text)
    DMA1_Channel3_IRQHandler                 0x08001033   Thumb Code     0  startup_stm32f10x_hd.o(.text)
    DMA1_Channel4_IRQHandler                 0x08001033   Thumb Code     0  startup_stm32f10x_hd.o(.text)
    DMA1_Channel5_IRQHandler                 0x08001033   Thumb Code     0  startup_stm32f10x_hd.o(.text)
    DMA1_Channel6_IRQHandler                 0x08001033   Thumb Code     0  startup_stm32f10x_hd.o(.text)
    DMA1_Channel7_IRQHandler                 0x08001033   Thumb Code     0  startup_stm32f10x_hd.o(.text)
    DMA2_Channel1_IRQHandler                 0x08001033   Thumb Code     0  startup_stm32f10x_hd.o(.text)
    DMA2_Channel2_IRQHandler                 0x08001033   Thumb Code     0  startup_stm32f10x_hd.o(.text)
    DMA2_Channel3_IRQHandler                 0x08001033   Thumb Code     0  startup_stm32f10x_hd.o(.text)
    DMA2_Channel4_5_IRQHandler               0x08001033   Thumb Code     0  startup_stm32f10x_hd.o(.text)
    EXTI0_IRQHandler                         0x08001033   Thumb Code     0  startup_stm32f10x_hd.o(.text)
    EXTI15_10_IRQHandler                     0x08001033   Thumb Code     0  startup_stm32f10x_hd.o(.text)
    EXTI1_IRQHandler                         0x08001033   Thumb Code     0  startup_stm32f10x_hd.o(.text)
    EXTI2_IRQHandler                         0x08001033   Thumb Code     0  startup_stm32f10x_hd.o(.text)
    EXTI3_IRQHandler                         0x08001033   Thumb Code     0  startup_stm32f10x_hd.o(.text)
    EXTI4_IRQHandler                         0x08001033   Thumb Code     0  startup_stm32f10x_hd.o(.text)
    EXTI9_5_IRQHandler                       0x08001033   Thumb Code     0  startup_stm32f10x_hd.o(.text)
    FLASH_IRQHandler                         0x08001033   Thumb Code     0  startup_stm32f10x_hd.o(.text)
    FSMC_IRQHandler                          0x08001033   Thumb Code     0  startup_stm32f10x_hd.o(.text)
    I2C1_ER_IRQHandler                       0x08001033   Thumb Code     0  startup_stm32f10x_hd.o(.text)
    I2C1_EV_IRQHandler                       0x08001033   Thumb Code     0  startup_stm32f10x_hd.o(.text)
    I2C2_ER_IRQHandler                       0x08001033   Thumb Code     0  startup_stm32f10x_hd.o(.text)
    I2C2_EV_IRQHandler                       0x08001033   Thumb Code     0  startup_stm32f10x_hd.o(.text)
    PVD_IRQHandler                           0x08001033   Thumb Code     0  startup_stm32f10x_hd.o(.text)
    RCC_IRQHandler                           0x08001033   Thumb Code     0  startup_stm32f10x_hd.o(.text)
    RTCAlarm_IRQHandler                      0x08001033   Thumb Code     0  startup_stm32f10x_hd.o(.text)
    RTC_IRQHandler                           0x08001033   Thumb Code     0  startup_stm32f10x_hd.o(.text)
    SDIO_IRQHandler                          0x08001033   Thumb Code     0  startup_stm32f10x_hd.o(.text)
    SPI1_IRQHandler                          0x08001033   Thumb Code     0  startup_stm32f10x_hd.o(.text)
    SPI2_IRQHandler                          0x08001033   Thumb Code     0  startup_stm32f10x_hd.o(.text)
    SPI3_IRQHandler                          0x08001033   Thumb Code     0  startup_stm32f10x_hd.o(.text)
    TAMPER_IRQHandler                        0x08001033   Thumb Code     0  startup_stm32f10x_hd.o(.text)
    TIM1_BRK_IRQHandler                      0x08001033   Thumb Code     0  startup_stm32f10x_hd.o(.text)
    TIM1_CC_IRQHandler                       0x08001033   Thumb Code     0  startup_stm32f10x_hd.o(.text)
    TIM1_TRG_COM_IRQHandler                  0x08001033   Thumb Code     0  startup_stm32f10x_hd.o(.text)
    TIM1_UP_IRQHandler                       0x08001033   Thumb Code     0  startup_stm32f10x_hd.o(.text)
    TIM2_IRQHandler                          0x08001033   Thumb Code     0  startup_stm32f10x_hd.o(.text)
    TIM4_IRQHandler                          0x08001033   Thumb Code     0  startup_stm32f10x_hd.o(.text)
    TIM5_IRQHandler                          0x08001033   Thumb Code     0  startup_stm32f10x_hd.o(.text)
    TIM6_IRQHandler                          0x08001033   Thumb Code     0  startup_stm32f10x_hd.o(.text)
    TIM7_IRQHandler                          0x08001033   Thumb Code     0  startup_stm32f10x_hd.o(.text)
    TIM8_BRK_IRQHandler                      0x08001033   Thumb Code     0  startup_stm32f10x_hd.o(.text)
    TIM8_CC_IRQHandler                       0x08001033   Thumb Code     0  startup_stm32f10x_hd.o(.text)
    TIM8_TRG_COM_IRQHandler                  0x08001033   Thumb Code     0  startup_stm32f10x_hd.o(.text)
    TIM8_UP_IRQHandler                       0x08001033   Thumb Code     0  startup_stm32f10x_hd.o(.text)
    UART4_IRQHandler                         0x08001033   Thumb Code     0  startup_stm32f10x_hd.o(.text)
    UART5_IRQHandler                         0x08001033   Thumb Code     0  startup_stm32f10x_hd.o(.text)
    USART2_IRQHandler                        0x08001033   Thumb Code     0  startup_stm32f10x_hd.o(.text)
    USART3_IRQHandler                        0x08001033   Thumb Code     0  startup_stm32f10x_hd.o(.text)
    USBWakeUp_IRQHandler                     0x08001033   Thumb Code     0  startup_stm32f10x_hd.o(.text)
    USB_HP_CAN1_TX_IRQHandler                0x08001033   Thumb Code     0  startup_stm32f10x_hd.o(.text)
    USB_LP_CAN1_RX0_IRQHandler               0x08001033   Thumb Code     0  startup_stm32f10x_hd.o(.text)
    WWDG_IRQHandler                          0x08001033   Thumb Code     0  startup_stm32f10x_hd.o(.text)
    NVIC_PriorityGroupConfig                 0x0800103d   Thumb Code    10  misc.o(.text)
    NVIC_Init                                0x08001047   Thumb Code   100  misc.o(.text)
    NVIC_SetVectorTable                      0x080010ab   Thumb Code    14  misc.o(.text)
    NVIC_SystemLPConfig                      0x080010b9   Thumb Code    34  misc.o(.text)
    SysTick_CLKSourceConfig                  0x080010db   Thumb Code    40  misc.o(.text)
    GPIO_DeInit                              0x08001119   Thumb Code   172  stm32f10x_gpio.o(.text)
    GPIO_AFIODeInit                          0x080011c5   Thumb Code    20  stm32f10x_gpio.o(.text)
    GPIO_Init                                0x080011d9   Thumb Code   278  stm32f10x_gpio.o(.text)
    GPIO_StructInit                          0x080012ef   Thumb Code    16  stm32f10x_gpio.o(.text)
    GPIO_ReadInputDataBit                    0x080012ff   Thumb Code    18  stm32f10x_gpio.o(.text)
    GPIO_ReadInputData                       0x08001311   Thumb Code     8  stm32f10x_gpio.o(.text)
    GPIO_ReadOutputDataBit                   0x08001319   Thumb Code    18  stm32f10x_gpio.o(.text)
    GPIO_ReadOutputData                      0x0800132b   Thumb Code     8  stm32f10x_gpio.o(.text)
    GPIO_SetBits                             0x08001333   Thumb Code     4  stm32f10x_gpio.o(.text)
    GPIO_ResetBits                           0x08001337   Thumb Code     4  stm32f10x_gpio.o(.text)
    GPIO_WriteBit                            0x0800133b   Thumb Code    10  stm32f10x_gpio.o(.text)
    GPIO_Write                               0x08001345   Thumb Code     4  stm32f10x_gpio.o(.text)
    GPIO_PinLockConfig                       0x08001349   Thumb Code    18  stm32f10x_gpio.o(.text)
    GPIO_EventOutputConfig                   0x0800135b   Thumb Code    26  stm32f10x_gpio.o(.text)
    GPIO_EventOutputCmd                      0x08001375   Thumb Code     6  stm32f10x_gpio.o(.text)
    GPIO_PinRemapConfig                      0x0800137b   Thumb Code   138  stm32f10x_gpio.o(.text)
    GPIO_EXTILineConfig                      0x08001405   Thumb Code    66  stm32f10x_gpio.o(.text)
    GPIO_ETH_MediaInterfaceConfig            0x08001447   Thumb Code     8  stm32f10x_gpio.o(.text)
    RCC_DeInit                               0x08001475   Thumb Code    64  stm32f10x_rcc.o(.text)
    RCC_HSEConfig                            0x080014b5   Thumb Code    70  stm32f10x_rcc.o(.text)
    RCC_GetFlagStatus                        0x080014fb   Thumb Code    56  stm32f10x_rcc.o(.text)
    RCC_WaitForHSEStartUp                    0x08001533   Thumb Code    56  stm32f10x_rcc.o(.text)
    RCC_AdjustHSICalibrationValue            0x0800156b   Thumb Code    20  stm32f10x_rcc.o(.text)
    RCC_HSICmd                               0x0800157f   Thumb Code     6  stm32f10x_rcc.o(.text)
    RCC_PLLConfig                            0x08001585   Thumb Code    24  stm32f10x_rcc.o(.text)
    RCC_PLLCmd                               0x0800159d   Thumb Code     6  stm32f10x_rcc.o(.text)
    RCC_SYSCLKConfig                         0x080015a3   Thumb Code    18  stm32f10x_rcc.o(.text)
    RCC_GetSYSCLKSource                      0x080015b5   Thumb Code    10  stm32f10x_rcc.o(.text)
    RCC_HCLKConfig                           0x080015bf   Thumb Code    18  stm32f10x_rcc.o(.text)
    RCC_PCLK1Config                          0x080015d1   Thumb Code    18  stm32f10x_rcc.o(.text)
    RCC_PCLK2Config                          0x080015e3   Thumb Code    20  stm32f10x_rcc.o(.text)
    RCC_ITConfig                             0x080015f7   Thumb Code    26  stm32f10x_rcc.o(.text)
    RCC_USBCLKConfig                         0x08001611   Thumb Code     8  stm32f10x_rcc.o(.text)
    RCC_ADCCLKConfig                         0x08001619   Thumb Code    18  stm32f10x_rcc.o(.text)
    RCC_LSEConfig                            0x0800162b   Thumb Code    50  stm32f10x_rcc.o(.text)
    RCC_LSICmd                               0x0800165d   Thumb Code     6  stm32f10x_rcc.o(.text)
    RCC_RTCCLKConfig                         0x08001663   Thumb Code    12  stm32f10x_rcc.o(.text)
    RCC_RTCCLKCmd                            0x0800166f   Thumb Code     8  stm32f10x_rcc.o(.text)
    RCC_GetClocksFreq                        0x08001677   Thumb Code   192  stm32f10x_rcc.o(.text)
    RCC_AHBPeriphClockCmd                    0x08001737   Thumb Code    26  stm32f10x_rcc.o(.text)
    RCC_APB2PeriphClockCmd                   0x08001751   Thumb Code    26  stm32f10x_rcc.o(.text)
    RCC_APB1PeriphClockCmd                   0x0800176b   Thumb Code    26  stm32f10x_rcc.o(.text)
    RCC_APB2PeriphResetCmd                   0x08001785   Thumb Code    26  stm32f10x_rcc.o(.text)
    RCC_APB1PeriphResetCmd                   0x0800179f   Thumb Code    26  stm32f10x_rcc.o(.text)
    RCC_BackupResetCmd                       0x080017b9   Thumb Code     8  stm32f10x_rcc.o(.text)
    RCC_ClockSecuritySystemCmd               0x080017c1   Thumb Code     6  stm32f10x_rcc.o(.text)
    RCC_MCOConfig                            0x080017c7   Thumb Code     6  stm32f10x_rcc.o(.text)
    RCC_ClearFlag                            0x080017cd   Thumb Code    14  stm32f10x_rcc.o(.text)
    RCC_GetITStatus                          0x080017db   Thumb Code    20  stm32f10x_rcc.o(.text)
    RCC_ClearITPendingBit                    0x080017ef   Thumb Code     6  stm32f10x_rcc.o(.text)
    TIM_DeInit                               0x08001819   Thumb Code   424  stm32f10x_tim.o(.text)
    TIM_TimeBaseInit                         0x080019c1   Thumb Code   122  stm32f10x_tim.o(.text)
    TIM_OC1Init                              0x08001a3b   Thumb Code   132  stm32f10x_tim.o(.text)
    TIM_OC2Init                              0x08001abf   Thumb Code   154  stm32f10x_tim.o(.text)
    TIM_OC3Init                              0x08001b59   Thumb Code   150  stm32f10x_tim.o(.text)
    TIM_OC4Init                              0x08001bef   Thumb Code   182  stm32f10x_tim.o(.text)
    TIM_SetIC4Prescaler                      0x08001ca5   Thumb Code    26  stm32f10x_tim.o(.text)
    TIM_SetIC3Prescaler                      0x08001d41   Thumb Code    18  stm32f10x_tim.o(.text)
    TIM_SetIC2Prescaler                      0x08001dcd   Thumb Code    26  stm32f10x_tim.o(.text)
    TIM_SetIC1Prescaler                      0x08001e69   Thumb Code    18  stm32f10x_tim.o(.text)
    TIM_ICInit                               0x08001ee7   Thumb Code   150  stm32f10x_tim.o(.text)
    TIM_PWMIConfig                           0x08001f7d   Thumb Code   124  stm32f10x_tim.o(.text)
    TIM_BDTRConfig                           0x08001ff9   Thumb Code    32  stm32f10x_tim.o(.text)
    TIM_TimeBaseStructInit                   0x08002019   Thumb Code    18  stm32f10x_tim.o(.text)
    TIM_OCStructInit                         0x0800202b   Thumb Code    20  stm32f10x_tim.o(.text)
    TIM_ICStructInit                         0x0800203f   Thumb Code    18  stm32f10x_tim.o(.text)
    TIM_BDTRStructInit                       0x08002051   Thumb Code    40  stm32f10x_tim.o(.text)
    TIM_Cmd                                  0x08002079   Thumb Code    24  stm32f10x_tim.o(.text)
    TIM_CtrlPWMOutputs                       0x08002091   Thumb Code    30  stm32f10x_tim.o(.text)
    TIM_ITConfig                             0x080020af   Thumb Code    18  stm32f10x_tim.o(.text)
    TIM_GenerateEvent                        0x080020c1   Thumb Code     4  stm32f10x_tim.o(.text)
    TIM_DMAConfig                            0x080020c5   Thumb Code    10  stm32f10x_tim.o(.text)
    TIM_DMACmd                               0x080020cf   Thumb Code    18  stm32f10x_tim.o(.text)
    TIM_InternalClockConfig                  0x080020e1   Thumb Code    12  stm32f10x_tim.o(.text)
    TIM_SelectInputTrigger                   0x080020ed   Thumb Code    18  stm32f10x_tim.o(.text)
    TIM_ITRxExternalClockConfig              0x080020ff   Thumb Code    24  stm32f10x_tim.o(.text)
    TIM_TIxExternalClockConfig               0x08002117   Thumb Code    62  stm32f10x_tim.o(.text)
    TIM_ETRConfig                            0x08002155   Thumb Code    28  stm32f10x_tim.o(.text)
    TIM_ETRClockMode1Config                  0x08002171   Thumb Code    54  stm32f10x_tim.o(.text)
    TIM_ETRClockMode2Config                  0x080021a7   Thumb Code    32  stm32f10x_tim.o(.text)
    TIM_PrescalerConfig                      0x080021c7   Thumb Code     6  stm32f10x_tim.o(.text)
    TIM_CounterModeConfig                    0x080021cd   Thumb Code    18  stm32f10x_tim.o(.text)
    TIM_EncoderInterfaceConfig               0x080021df   Thumb Code    66  stm32f10x_tim.o(.text)
    TIM_ForcedOC1Config                      0x08002221   Thumb Code    18  stm32f10x_tim.o(.text)
    TIM_ForcedOC2Config                      0x08002233   Thumb Code    26  stm32f10x_tim.o(.text)
    TIM_ForcedOC3Config                      0x0800224d   Thumb Code    18  stm32f10x_tim.o(.text)
    TIM_ForcedOC4Config                      0x0800225f   Thumb Code    26  stm32f10x_tim.o(.text)
    TIM_ARRPreloadConfig                     0x08002279   Thumb Code    24  stm32f10x_tim.o(.text)
    TIM_SelectCOM                            0x08002291   Thumb Code    24  stm32f10x_tim.o(.text)
    TIM_SelectCCDMA                          0x080022a9   Thumb Code    24  stm32f10x_tim.o(.text)
    TIM_CCPreloadControl                     0x080022c1   Thumb Code    24  stm32f10x_tim.o(.text)
    TIM_OC1PreloadConfig                     0x080022d9   Thumb Code    18  stm32f10x_tim.o(.text)
    TIM_OC2PreloadConfig                     0x080022eb   Thumb Code    26  stm32f10x_tim.o(.text)
    TIM_OC3PreloadConfig                     0x08002305   Thumb Code    18  stm32f10x_tim.o(.text)
    TIM_OC4PreloadConfig                     0x08002317   Thumb Code    26  stm32f10x_tim.o(.text)
    TIM_OC1FastConfig                        0x08002331   Thumb Code    18  stm32f10x_tim.o(.text)
    TIM_OC2FastConfig                        0x08002343   Thumb Code    26  stm32f10x_tim.o(.text)
    TIM_OC3FastConfig                        0x0800235d   Thumb Code    18  stm32f10x_tim.o(.text)
    TIM_OC4FastConfig                        0x0800236f   Thumb Code    26  stm32f10x_tim.o(.text)
    TIM_ClearOC1Ref                          0x08002389   Thumb Code    18  stm32f10x_tim.o(.text)
    TIM_ClearOC2Ref                          0x0800239b   Thumb Code    24  stm32f10x_tim.o(.text)
    TIM_ClearOC3Ref                          0x080023b3   Thumb Code    18  stm32f10x_tim.o(.text)
    TIM_ClearOC4Ref                          0x080023c5   Thumb Code    24  stm32f10x_tim.o(.text)
    TIM_OC1PolarityConfig                    0x080023dd   Thumb Code    18  stm32f10x_tim.o(.text)
    TIM_OC1NPolarityConfig                   0x080023ef   Thumb Code    18  stm32f10x_tim.o(.text)
    TIM_OC2PolarityConfig                    0x08002401   Thumb Code    26  stm32f10x_tim.o(.text)
    TIM_OC2NPolarityConfig                   0x0800241b   Thumb Code    26  stm32f10x_tim.o(.text)
    TIM_OC3PolarityConfig                    0x08002435   Thumb Code    26  stm32f10x_tim.o(.text)
    TIM_OC3NPolarityConfig                   0x0800244f   Thumb Code    26  stm32f10x_tim.o(.text)
    TIM_OC4PolarityConfig                    0x08002469   Thumb Code    26  stm32f10x_tim.o(.text)
    TIM_CCxCmd                               0x08002483   Thumb Code    30  stm32f10x_tim.o(.text)
    TIM_CCxNCmd                              0x080024a1   Thumb Code    30  stm32f10x_tim.o(.text)
    TIM_SelectOCxM                           0x080024bf   Thumb Code    82  stm32f10x_tim.o(.text)
    TIM_UpdateDisableConfig                  0x08002511   Thumb Code    24  stm32f10x_tim.o(.text)
    TIM_UpdateRequestConfig                  0x08002529   Thumb Code    24  stm32f10x_tim.o(.text)
    TIM_SelectHallSensor                     0x08002541   Thumb Code    24  stm32f10x_tim.o(.text)
    TIM_SelectOnePulseMode                   0x08002559   Thumb Code    18  stm32f10x_tim.o(.text)
    TIM_SelectOutputTrigger                  0x0800256b   Thumb Code    18  stm32f10x_tim.o(.text)
    TIM_SelectSlaveMode                      0x0800257d   Thumb Code    18  stm32f10x_tim.o(.text)
    TIM_SelectMasterSlaveMode                0x0800258f   Thumb Code    18  stm32f10x_tim.o(.text)
    TIM_SetCounter                           0x080025a1   Thumb Code     4  stm32f10x_tim.o(.text)
    TIM_SetAutoreload                        0x080025a5   Thumb Code     4  stm32f10x_tim.o(.text)
    TIM_SetCompare1                          0x080025a9   Thumb Code     4  stm32f10x_tim.o(.text)
    TIM_SetCompare2                          0x080025ad   Thumb Code     4  stm32f10x_tim.o(.text)
    TIM_SetCompare3                          0x080025b1   Thumb Code     4  stm32f10x_tim.o(.text)
    TIM_SetCompare4                          0x080025b5   Thumb Code     6  stm32f10x_tim.o(.text)
    TIM_SetClockDivision                     0x080025bb   Thumb Code    18  stm32f10x_tim.o(.text)
    TIM_GetCapture1                          0x080025cd   Thumb Code     6  stm32f10x_tim.o(.text)
    TIM_GetCapture2                          0x080025d3   Thumb Code     6  stm32f10x_tim.o(.text)
    TIM_GetCapture3                          0x080025d9   Thumb Code     6  stm32f10x_tim.o(.text)
    TIM_GetCapture4                          0x080025df   Thumb Code     8  stm32f10x_tim.o(.text)
    TIM_GetCounter                           0x080025e7   Thumb Code     6  stm32f10x_tim.o(.text)
    TIM_GetPrescaler                         0x080025ed   Thumb Code     6  stm32f10x_tim.o(.text)
    TIM_GetFlagStatus                        0x080025f3   Thumb Code    18  stm32f10x_tim.o(.text)
    TIM_ClearFlag                            0x08002605   Thumb Code     6  stm32f10x_tim.o(.text)
    TIM_GetITStatus                          0x0800260b   Thumb Code    34  stm32f10x_tim.o(.text)
    TIM_ClearITPendingBit                    0x0800262d   Thumb Code     6  stm32f10x_tim.o(.text)
    USART_DeInit                             0x08002635   Thumb Code   134  stm32f10x_usart.o(.text)
    USART_Init                               0x080026bb   Thumb Code   210  stm32f10x_usart.o(.text)
    USART_StructInit                         0x0800278d   Thumb Code    24  stm32f10x_usart.o(.text)
    USART_ClockInit                          0x080027a5   Thumb Code    34  stm32f10x_usart.o(.text)
    USART_ClockStructInit                    0x080027c7   Thumb Code    12  stm32f10x_usart.o(.text)
    USART_Cmd                                0x080027d3   Thumb Code    24  stm32f10x_usart.o(.text)
    USART_ITConfig                           0x080027eb   Thumb Code    74  stm32f10x_usart.o(.text)
    USART_DMACmd                             0x08002835   Thumb Code    18  stm32f10x_usart.o(.text)
    USART_SetAddress                         0x08002847   Thumb Code    18  stm32f10x_usart.o(.text)
    USART_WakeUpConfig                       0x08002859   Thumb Code    18  stm32f10x_usart.o(.text)
    USART_ReceiverWakeUpCmd                  0x0800286b   Thumb Code    24  stm32f10x_usart.o(.text)
    USART_LINBreakDetectLengthConfig         0x08002883   Thumb Code    18  stm32f10x_usart.o(.text)
    USART_LINCmd                             0x08002895   Thumb Code    24  stm32f10x_usart.o(.text)
    USART_SendData                           0x080028ad   Thumb Code     8  stm32f10x_usart.o(.text)
    USART_ReceiveData                        0x080028b5   Thumb Code    10  stm32f10x_usart.o(.text)
    USART_SendBreak                          0x080028bf   Thumb Code    10  stm32f10x_usart.o(.text)
    USART_SetGuardTime                       0x080028c9   Thumb Code    16  stm32f10x_usart.o(.text)
    USART_SetPrescaler                       0x080028d9   Thumb Code    16  stm32f10x_usart.o(.text)
    USART_SmartCardCmd                       0x080028e9   Thumb Code    24  stm32f10x_usart.o(.text)
    USART_SmartCardNACKCmd                   0x08002901   Thumb Code    24  stm32f10x_usart.o(.text)
    USART_HalfDuplexCmd                      0x08002919   Thumb Code    24  stm32f10x_usart.o(.text)
    USART_OverSampling8Cmd                   0x08002931   Thumb Code    22  stm32f10x_usart.o(.text)
    USART_OneBitMethodCmd                    0x08002947   Thumb Code    24  stm32f10x_usart.o(.text)
    USART_IrDAConfig                         0x0800295f   Thumb Code    18  stm32f10x_usart.o(.text)
    USART_IrDACmd                            0x08002971   Thumb Code    24  stm32f10x_usart.o(.text)
    USART_GetFlagStatus                      0x08002989   Thumb Code    26  stm32f10x_usart.o(.text)
    USART_ClearFlag                          0x080029a3   Thumb Code    18  stm32f10x_usart.o(.text)
    USART_GetITStatus                        0x080029b5   Thumb Code    84  stm32f10x_usart.o(.text)
    USART_ClearITPendingBit                  0x08002a09   Thumb Code    52  stm32f10x_usart.o(.text)
    __scatterload                            0x08002a3d   Thumb Code    28  init.o(.text)
    __scatterload_rt2                        0x08002a3d   Thumb Code     0  init.o(.text)
    __decompress                             0x08002a61   Thumb Code     0  __dclz77c.o(.text)
    __decompress2                            0x08002a61   Thumb Code    94  __dclz77c.o(.text)
    __scatterload_copy                       0x08002abf   Thumb Code    14  handlers.o(i.__scatterload_copy)
    __scatterload_null                       0x08002acd   Thumb Code     2  handlers.o(i.__scatterload_null)
    __scatterload_zeroinit                   0x08002acf   Thumb Code    14  handlers.o(i.__scatterload_zeroinit)
    Region$$Table$$Base                      0x08002adc   Number         0  anon$$obj.o(Region$$Table)
    Region$$Table$$Limit                     0x08002afc   Number         0  anon$$obj.o(Region$$Table)
    Test_Data                                0x20000000   Data         512  main.o(.data)
    count                                    0x20000200   Data           2  main.o(.data)
    us_count                                 0x20000202   Data           2  main.o(.data)
    cts_flag                                 0x20000204   Data           1  main.o(.data)
    SystemCoreClock                          0x20000208   Data           4  system_stm32f10x.o(.data)
    AHBPrescTable                            0x2000020c   Data          16  system_stm32f10x.o(.data)
    Data_Buffer                              0x20000238   Data        1024  main.o(.bss)
    __initial_sp                             0x20000a38   Data           0  startup_stm32f10x_hd.o(STACK)



==============================================================================

Memory Map of the image

  Image Entry point : 0x08000131

  Load Region LR_IROM1 (Base: 0x08000000, Size: 0x00002d34, Max: 0x00080000, ABSOLUTE, COMPRESSED[0x00002b38])

    Execution Region ER_IROM1 (Exec base: 0x08000000, Load base: 0x08000000, Size: 0x00002afc, Max: 0x00080000, ABSOLUTE)

    Exec Addr    Load Addr    Size         Type   Attr      Idx    E Section Name        Object

    0x08000000   0x08000000   0x00000130   Data   RO          382    RESET               startup_stm32f10x_hd.o
    0x08000130   0x08000130   0x00000000   Code   RO          449  * .ARM.Collect$$$$00000000  mc_w.l(entry.o)
    0x08000130   0x08000130   0x00000004   Code   RO          452    .ARM.Collect$$$$00000001  mc_w.l(entry2.o)
    0x08000134   0x08000134   0x00000004   Code   RO          455    .ARM.Collect$$$$00000004  mc_w.l(entry5.o)
    0x08000138   0x08000138   0x00000000   Code   RO          457    .ARM.Collect$$$$00000008  mc_w.l(entry7b.o)
    0x08000138   0x08000138   0x00000000   Code   RO          459    .ARM.Collect$$$$0000000A  mc_w.l(entry8b.o)
    0x08000138   0x08000138   0x00000008   Code   RO          460    .ARM.Collect$$$$0000000B  mc_w.l(entry9a.o)
    0x08000140   0x08000140   0x00000004   Code   RO          467    .ARM.Collect$$$$0000000E  mc_w.l(entry12b.o)
    0x08000144   0x08000144   0x00000000   Code   RO          462    .ARM.Collect$$$$0000000F  mc_w.l(entry10a.o)
    0x08000144   0x08000144   0x00000000   Code   RO          464    .ARM.Collect$$$$00000011  mc_w.l(entry11a.o)
    0x08000144   0x08000144   0x00000004   Code   RO          453    .ARM.Collect$$$$00002712  mc_w.l(entry2.o)
    0x08000148   0x08000148   0x000008f0   Code   RO            1    .text               main.o
    0x08000a38   0x08000a38   0x0000001a   Code   RO          130    .text               stm32f10x_it.o
    0x08000a52   0x08000a52   0x00000002   PAD
    0x08000a54   0x08000a54   0x000001e0   Code   RO          228    .text               system_stm32f10x.o
    0x08000c34   0x08000c34   0x000000d8   Code   RO          290    .text               key.o
    0x08000d0c   0x08000d0c   0x00000114   Code   RO          309    .text               timer.o
    0x08000e20   0x08000e20   0x000000d4   Code   RO          327    .text               delay.o
    0x08000ef4   0x08000ef4   0x00000124   Code   RO          358    .text               usart.o
    0x08001018   0x08001018   0x00000024   Code   RO          383    .text               startup_stm32f10x_hd.o
    0x0800103c   0x0800103c   0x000000dc   Code   RO          387    .text               misc.o
    0x08001118   0x08001118   0x0000035c   Code   RO          399    .text               stm32f10x_gpio.o
    0x08001474   0x08001474   0x000003a4   Code   RO          411    .text               stm32f10x_rcc.o
    0x08001818   0x08001818   0x00000e1a   Code   RO          425    .text               stm32f10x_tim.o
    0x08002632   0x08002632   0x00000002   PAD
    0x08002634   0x08002634   0x00000408   Code   RO          437    .text               stm32f10x_usart.o
    0x08002a3c   0x08002a3c   0x00000024   Code   RO          468    .text               mc_w.l(init.o)
    0x08002a60   0x08002a60   0x0000005e   Code   RO          478    .text               mc_w.l(__dclz77c.o)
    0x08002abe   0x08002abe   0x0000000e   Code   RO          472    i.__scatterload_copy  mc_w.l(handlers.o)
    0x08002acc   0x08002acc   0x00000002   Code   RO          473    i.__scatterload_null  mc_w.l(handlers.o)
    0x08002ace   0x08002ace   0x0000000e   Code   RO          474    i.__scatterload_zeroinit  mc_w.l(handlers.o)
    0x08002adc   0x08002adc   0x00000020   Data   RO          470    Region$$Table       anon$$obj.o


    Execution Region RW_IRAM1 (Exec base: 0x20000000, Load base: 0x08002afc, Size: 0x00000a38, Max: 0x00010000, ABSOLUTE, COMPRESSED[0x0000003c])

    Exec Addr    Load Addr    Size         Type   Attr      Idx    E Section Name        Object

    0x20000000   COMPRESSED   0x00000205   Data   RW            3    .data               main.o
    0x20000205   COMPRESSED   0x00000003   PAD
    0x20000208   COMPRESSED   0x00000014   Data   RW          229    .data               system_stm32f10x.o
    0x2000021c   COMPRESSED   0x00000001   Data   RW          291    .data               key.o
    0x2000021d   COMPRESSED   0x00000001   PAD
    0x2000021e   COMPRESSED   0x00000004   Data   RW          328    .data               delay.o
    0x20000222   COMPRESSED   0x00000014   Data   RW          412    .data               stm32f10x_rcc.o
    0x20000236   COMPRESSED   0x00000002   PAD
    0x20000238        -       0x00000400   Zero   RW            2    .bss                main.o
    0x20000638        -       0x00000400   Zero   RW          380    STACK               startup_stm32f10x_hd.o


==============================================================================

Image component sizes


      Code (inc. data)   RO Data    RW Data    ZI Data      Debug   Object Name

       212         18          0          4          0       1103   delay.o
       216         14          0          1          0        848   key.o
         0          0          0          0          0     204828   led.o
      2288         36          0        517       1024      17895   main.o
       220         22          0          0          0       1857   misc.o
        36          8        304          0       1024        824   startup_stm32f10x_hd.o
       860         38          0          0          0       5793   stm32f10x_gpio.o
        26          0          0          0          0      44834   stm32f10x_it.o
       932         36          0         20          0       9004   stm32f10x_rcc.o
      3610         88          0          0          0      22900   stm32f10x_tim.o
      1032         22          0          0          0       8516   stm32f10x_usart.o
         0          0          0          0          0         32   sys.o
       480         38          0         20          0       1827   system_stm32f10x.o
       276         18          0          0          0       1226   timer.o
       292          8          0          0          0       1542   usart.o

    ----------------------------------------------------------------------
     10484        346        336        568       2048     323029   Object Totals
         0          0         32          0          0          0   (incl. Generated)
         4          0          0          6          0          0   (incl. Padding)

    ----------------------------------------------------------------------

      Code (inc. data)   RO Data    RW Data    ZI Data      Debug   Library Member Name

        94          0          0          0          0          0   __dclz77c.o
         0          0          0          0          0          0   entry.o
         0          0          0          0          0          0   entry10a.o
         0          0          0          0          0          0   entry11a.o
         4          0          0          0          0          0   entry12b.o
         8          4          0          0          0          0   entry2.o
         4          0          0          0          0          0   entry5.o
         0          0          0          0          0          0   entry7b.o
         0          0          0          0          0          0   entry8b.o
         8          4          0          0          0          0   entry9a.o
        30          0          0          0          0          0   handlers.o
        36          8          0          0          0         68   init.o

    ----------------------------------------------------------------------
       184         16          0          0          0         68   Library Totals
         0          0          0          0          0          0   (incl. Padding)

    ----------------------------------------------------------------------

      Code (inc. data)   RO Data    RW Data    ZI Data      Debug   Library Name

       184         16          0          0          0         68   mc_w.l

    ----------------------------------------------------------------------
       184         16          0          0          0         68   Library Totals

    ----------------------------------------------------------------------

==============================================================================


      Code (inc. data)   RO Data    RW Data    ZI Data      Debug   

     10668        362        336        568       2048     322393   Grand Totals
     10668        362        336         60       2048     322393   ELF Image Totals (compressed)
     10668        362        336         60          0          0   ROM Totals

==============================================================================

    Total RO  Size (Code + RO Data)                11004 (  10.75kB)
    Total RW  Size (RW Data + ZI Data)              2616 (   2.55kB)
    Total ROM Size (Code + RO Data + RW Data)      11064 (  10.80kB)

==============================================================================

