<html>
<body>
<pre>
<h1>µVision Build Log</h1>
<h2>Tool Versions:</h2>
IDE-Version: ¦ÌVision V5.27.1.0
Copyright (C) 2019 ARM Ltd and ARM Germany GmbH. All rights reserved.
License Information: 1 sven, 1, LIC=TIVNB-25B84-UHT8H-WNGAU-5ZIPR-VGWXD
 
Tool Versions:
Toolchain:       MDK-ARM Plus  Version: 5.27.1.0
Toolchain Path:  G:\SoftWare\MDK527\ARM\ARMCC\Bin
C Compiler:      Armcc.exe V5.06 update 6 (build 750)
Assembler:       Armasm.exe V5.06 update 6 (build 750)
Linker/Locator:  ArmLink.exe V5.06 update 6 (build 750)
Library Manager: ArmAr.exe V5.06 update 6 (build 750)
Hex Converter:   FromElf.exe V5.06 update 6 (build 750)
CPU DLL:         SARMCM3.DLL V5.27.1.0
Dialog DLL:      DARMSTM.DLL V1.68.0.0
Target DLL:      STLink\ST-LINKIII-KEIL_SWO.dll V3.0.6.0
Dialog DLL:      TARMSTM.DLL   V1.66.0.0
 
<h2>Project:</h2>
F:\Template_demo\user\Template.uvprojx
Project File Date:  08/06/2024

<h2>Output:</h2>
*** Using Compiler 'V5.06 update 6 (build 750)', folder: 'G:\SoftWare\MDK527\ARM\ARMCC\Bin'
Rebuild target 'Template'
assembling startup_stm32f10x_hd.s...
compiling button_drv.c...
compiling core_cm3.c...
compiling delay.c...
compiling pwm_drv.c...
compiling usart.c...
compiling rgb_drv.c...
compiling stm32f10x_it.c...
compiling system_stm32f10x.c...
compiling main.c...
compiling common.c...
compiling wifista.c...
..\app\ESP8266\wifista.c(14): warning:  #177-D: variable "i"  was declared but never referenced
  	u16 rlen=0, i = 0;
..\app\ESP8266\wifista.c: 1 warning, 0 errors
compiling sys.c...
compiling bsp_pwm.c...
compiling pal_button.c...
compiling bsp_key.c...
compiling misc.c...
compiling bsp_led.c...
compiling pal_rgb.c...
..\driver\pal_rgb.c(313): warning:  #550-D: parameter "start_index"  was set but never used
  void rainbowEffect(RGBController_t* controllers, uint8_t start_index, uint8_t length) {
..\driver\pal_rgb.c: 1 warning, 0 errors
compiling malloc.c...
compiling bsp_iic.c...
compiling stm32f10x_dma.c...
compiling bsp_usart2.c...
compiling stm32f10x_dbgmcu.c...
compiling stm32f10x_gpio.c...
compiling stm32f10x_rcc.c...
compiling stm32f10x_usart.c...
compiling stm32f10x_tim.c...
linking...
Program Size: Code=28504 RO-data=1340 RW-data=200 ZI-data=42376  
FromELF: creating hex file...
".\obj\Template.axf" - 0 Error(s), 2 Warning(s).

<h2>Software Packages used:</h2>

Package Vendor: Keil
                http://www.keil.com/pack/Keil.STM32F1xx_DFP.2.3.0.pack
                Keil.STM32F1xx_DFP.2.3.0
                STMicroelectronics STM32F1 Series Device Support, Drivers and Examples

<h2>Collection of Component include folders:</h2>
  .\RTE\_Template
  G:\SoftWare\MDK527\Keil\STM32F1xx_DFP\2.3.0\Device\Include

<h2>Collection of Component Files used:</h2>
Build Time Elapsed:  00:00:03
</pre>
</body>
</html>
