Component: ARM Compiler 5.06 update 6 (build 750) Tool: armlink [4d35ed]

==============================================================================

Section Cross References

    startup_stm32f10x_hd.o(STACK) refers (Special) to heapauxi.o(.text) for __use_two_region_memory
    startup_stm32f10x_hd.o(HEAP) refers (Special) to heapauxi.o(.text) for __use_two_region_memory
    startup_stm32f10x_hd.o(RESET) refers (Special) to heapauxi.o(.text) for __use_two_region_memory
    startup_stm32f10x_hd.o(RESET) refers to startup_stm32f10x_hd.o(STACK) for __initial_sp
    startup_stm32f10x_hd.o(RESET) refers to startup_stm32f10x_hd.o(.text) for Reset_Handler
    startup_stm32f10x_hd.o(RESET) refers to stm32f10x_it.o(.text) for NMI_Handler
    startup_stm32f10x_hd.o(RESET) refers to bsp_key.o(.text) for TIM3_IRQHandler
    startup_stm32f10x_hd.o(RESET) refers to bsp_usart2.o(.text) for TIM4_IRQHandler
    startup_stm32f10x_hd.o(RESET) refers to usart.o(.text) for USART1_IRQHandler
    startup_stm32f10x_hd.o(.text) refers (Special) to heapauxi.o(.text) for __use_two_region_memory
    startup_stm32f10x_hd.o(.text) refers to system_stm32f10x.o(.text) for SystemInit
    startup_stm32f10x_hd.o(.text) refers to __main.o(!!!main) for __main
    startup_stm32f10x_hd.o(.text) refers to startup_stm32f10x_hd.o(HEAP) for Heap_Mem
    startup_stm32f10x_hd.o(.text) refers to startup_stm32f10x_hd.o(STACK) for Stack_Mem
    delay.o(.text) refers to misc.o(.text) for SysTick_CLKSourceConfig
    delay.o(.text) refers to system_stm32f10x.o(.data) for SystemCoreClock
    delay.o(.text) refers to delay.o(.data) for fac_us
    usart.o(.text) refers (Special) to use_no_semi_2.o(.text) for __use_no_semihosting
    usart.o(.text) refers to stm32f10x_rcc.o(.text) for RCC_APB2PeriphClockCmd
    usart.o(.text) refers to stm32f10x_gpio.o(.text) for GPIO_Init
    usart.o(.text) refers to misc.o(.text) for NVIC_Init
    usart.o(.text) refers to stm32f10x_usart.o(.text) for USART_Init
    usart.o(.text) refers to usart.o(.data) for USART_RX_STA
    usart.o(.text) refers to usart.o(.bss) for USART_RX_BUF
    usart.o(.bss) refers (Special) to use_no_semi_2.o(.text) for __use_no_semihosting
    usart.o(.data) refers (Special) to use_no_semi_2.o(.text) for __use_no_semihosting
    main.o(.text) refers to delay.o(.text) for delay_init
    main.o(.text) refers to misc.o(.text) for NVIC_PriorityGroupConfig
    main.o(.text) refers to usart.o(.text) for uart_init
    main.o(.text) refers to bsp_usart2.o(.text) for usart2_init
    main.o(.text) refers to bsp_led.o(.text) for led_init
    main.o(.text) refers to bsp_key.o(.text) for key_init
    main.o(.text) refers to pal_button.o(.text) for dev_key_attach_init
    main.o(.text) refers to pal_rgb.o(.text) for dev_rgb_attach_init
    main.o(.text) refers to common.o(.text) for atk_8266_test
    main.o(.text) refers to common.o(.data) for ATK_ESP8266_CWMODE_TBL
    system_stm32f10x.o(.text) refers to system_stm32f10x.o(.data) for SystemCoreClock
    common.o(.text) refers to _printf_percent.o(.ARM.Collect$$_printf_percent$$00000000) for _printf_percent
    common.o(.text) refers to _printf_s.o(.ARM.Collect$$_printf_percent$$00000014) for _printf_s
    common.o(.text) refers to _printf_str.o(.text) for _printf_str
    common.o(.text) refers to __2printf.o(.text) for __2printf
    common.o(.text) refers to strstr.o(.text) for strstr
    common.o(.text) refers to bsp_usart2.o(.text) for u2_printf
    common.o(.text) refers to delay.o(.text) for delay_ms
    common.o(.text) refers to __2sprintf.o(.text) for __2sprintf
    common.o(.text) refers to malloc.o(.text) for mymalloc
    common.o(.text) refers to strcmpv7m.o(.text) for strcmp
    common.o(.text) refers to bsp_usart2.o(.data) for USART2_RX_STA
    common.o(.text) refers to bsp_usart2.o(.bss) for USART2_RX_BUF
    common.o(.text) refers to common.o(.data) for portnum
    common.o(.text) refers to wifista.o(.text) for atk_8266_wifista_test
    common.o(.data) refers to common.o(.conststring) for .conststring
    wifista.o(.text) refers to _printf_percent.o(.ARM.Collect$$_printf_percent$$00000000) for _printf_percent
    wifista.o(.text) refers to _printf_s.o(.ARM.Collect$$_printf_percent$$00000014) for _printf_s
    wifista.o(.text) refers to _printf_str.o(.text) for _printf_str
    wifista.o(.text) refers to _printf_d.o(.ARM.Collect$$_printf_percent$$00000009) for _printf_d
    wifista.o(.text) refers to _printf_dec.o(.text) for _printf_int_dec
    wifista.o(.text) refers to malloc.o(.text) for mymalloc
    wifista.o(.text) refers to common.o(.text) for atk_8266_send_cmd
    wifista.o(.text) refers to delay.o(.text) for delay_ms
    wifista.o(.text) refers to __2sprintf.o(.text) for __2sprintf
    wifista.o(.text) refers to __2printf.o(.text) for __2printf
    wifista.o(.text) refers to bsp_usart2.o(.text) for u2_printf
    wifista.o(.text) refers to common.o(.data) for wifista_password
    wifista.o(.text) refers to wifista.o(.data) for netpro
[...]
    _printf_g                                0x080001bd   Thumb Code     0  _printf_g.o(.ARM.Collect$$_printf_percent$$00000005)
    _printf_a                                0x080001c3   Thumb Code     0  _printf_a.o(.ARM.Collect$$_printf_percent$$00000006)
    _printf_ll                               0x080001c9   Thumb Code     0  _printf_ll.o(.ARM.Collect$$_printf_percent$$00000007)
    _printf_i                                0x080001d3   Thumb Code     0  _printf_i.o(.ARM.Collect$$_printf_percent$$00000008)
    _printf_d                                0x080001d9   Thumb Code     0  _printf_d.o(.ARM.Collect$$_printf_percent$$00000009)
    _printf_u                                0x080001df   Thumb Code     0  _printf_u.o(.ARM.Collect$$_printf_percent$$0000000A)
    _printf_o                                0x080001e5   Thumb Code     0  _printf_o.o(.ARM.Collect$$_printf_percent$$0000000B)
    _printf_x                                0x080001eb   Thumb Code     0  _printf_x.o(.ARM.Collect$$_printf_percent$$0000000C)
    _printf_lli                              0x080001f1   Thumb Code     0  _printf_lli.o(.ARM.Collect$$_printf_percent$$0000000D)
    _printf_lld                              0x080001f7   Thumb Code     0  _printf_lld.o(.ARM.Collect$$_printf_percent$$0000000E)
    _printf_llu                              0x080001fd   Thumb Code     0  _printf_llu.o(.ARM.Collect$$_printf_percent$$0000000F)
    _printf_llo                              0x08000203   Thumb Code     0  _printf_llo.o(.ARM.Collect$$_printf_percent$$00000010)
    _printf_llx                              0x08000209   Thumb Code     0  _printf_llx.o(.ARM.Collect$$_printf_percent$$00000011)
    _printf_l                                0x0800020f   Thumb Code     0  _printf_l.o(.ARM.Collect$$_printf_percent$$00000012)
    _printf_c                                0x08000219   Thumb Code     0  _printf_c.o(.ARM.Collect$$_printf_percent$$00000013)
    _printf_s                                0x0800021f   Thumb Code     0  _printf_s.o(.ARM.Collect$$_printf_percent$$00000014)
    _printf_lc                               0x08000225   Thumb Code     0  _printf_lc.o(.ARM.Collect$$_printf_percent$$00000015)
    _printf_ls                               0x0800022b   Thumb Code     0  _printf_ls.o(.ARM.Collect$$_printf_percent$$00000016)
    _printf_percent_end                      0x08000231   Thumb Code     0  _printf_percent_end.o(.ARM.Collect$$_printf_percent$$00000017)
    __rt_lib_init                            0x08000235   Thumb Code     0  libinit.o(.ARM.Collect$$libinit$$00000000)
    __rt_lib_init_fp_1                       0x08000237   Thumb Code     0  libinit2.o(.ARM.Collect$$libinit$$00000002)
    __rt_lib_init_heap_1                     0x08000237   Thumb Code     0  libinit2.o(.ARM.Collect$$libinit$$0000000A)
    __rt_lib_init_lc_common                  0x08000237   Thumb Code     0  libinit2.o(.ARM.Collect$$libinit$$0000000F)
    __rt_lib_init_preinit_1                  0x08000237   Thumb Code     0  libinit2.o(.ARM.Collect$$libinit$$00000004)
    __rt_lib_init_rand_1                     0x08000237   Thumb Code     0  libinit2.o(.ARM.Collect$$libinit$$0000000E)
    __rt_lib_init_user_alloc_1               0x08000237   Thumb Code     0  libinit2.o(.ARM.Collect$$libinit$$0000000C)
    __rt_lib_init_lc_collate_1               0x0800023d   Thumb Code     0  libinit2.o(.ARM.Collect$$libinit$$00000011)
    __rt_lib_init_lc_ctype_2                 0x0800023d   Thumb Code     0  libinit2.o(.ARM.Collect$$libinit$$00000012)
    __rt_lib_init_lc_ctype_1                 0x08000249   Thumb Code     0  libinit2.o(.ARM.Collect$$libinit$$00000013)
    __rt_lib_init_lc_monetary_1              0x08000249   Thumb Code     0  libinit2.o(.ARM.Collect$$libinit$$00000015)
    __rt_lib_init_lc_numeric_2               0x08000249   Thumb Code     0  libinit2.o(.ARM.Collect$$libinit$$00000016)
    __rt_lib_init_alloca_1                   0x08000253   Thumb Code     0  libinit2.o(.ARM.Collect$$libinit$$0000002E)
    __rt_lib_init_argv_1                     0x08000253   Thumb Code     0  libinit2.o(.ARM.Collect$$libinit$$0000002C)
    __rt_lib_init_atexit_1                   0x08000253   Thumb Code     0  libinit2.o(.ARM.Collect$$libinit$$0000001B)
    __rt_lib_init_clock_1                    0x08000253   Thumb Code     0  libinit2.o(.ARM.Collect$$libinit$$00000021)
    __rt_lib_init_cpp_1                      0x08000253   Thumb Code     0  libinit2.o(.ARM.Collect$$libinit$$00000032)
    __rt_lib_init_exceptions_1               0x08000253   Thumb Code     0  libinit2.o(.ARM.Collect$$libinit$$00000030)
    __rt_lib_init_fp_trap_1                  0x08000253   Thumb Code     0  libinit2.o(.ARM.Collect$$libinit$$0000001F)
    __rt_lib_init_getenv_1                   0x08000253   Thumb Code     0  libinit2.o(.ARM.Collect$$libinit$$00000023)
    __rt_lib_init_lc_numeric_1               0x08000253   Thumb Code     0  libinit2.o(.ARM.Collect$$libinit$$00000017)
    __rt_lib_init_lc_time_1                  0x08000253   Thumb Code     0  libinit2.o(.ARM.Collect$$libinit$$00000019)
    __rt_lib_init_return                     0x08000253   Thumb Code     0  libinit2.o(.ARM.Collect$$libinit$$00000033)
    __rt_lib_init_signal_1                   0x08000253   Thumb Code     0  libinit2.o(.ARM.Collect$$libinit$$0000001D)
    __rt_lib_init_stdio_1                    0x08000253   Thumb Code     0  libinit2.o(.ARM.Collect$$libinit$$00000025)
    __rt_lib_shutdown                        0x08000255   Thumb Code     0  libshutdown.o(.ARM.Collect$$libshutdown$$00000000)
    __rt_lib_shutdown_cpp_1                  0x08000257   Thumb Code     0  libshutdown2.o(.ARM.Collect$$libshutdown$$00000002)
    __rt_lib_shutdown_fp_trap_1              0x08000257   Thumb Code     0  libshutdown2.o(.ARM.Collect$$libshutdown$$00000007)
    __rt_lib_shutdown_heap_1                 0x08000257   Thumb Code     0  libshutdown2.o(.ARM.Collect$$libshutdown$$0000000F)
    __rt_lib_shutdown_return                 0x08000257   Thumb Code     0  libshutdown2.o(.ARM.Collect$$libshutdown$$00000010)
    __rt_lib_shutdown_signal_1               0x08000257   Thumb Code     0  libshutdown2.o(.ARM.Collect$$libshutdown$$0000000A)
    __rt_lib_shutdown_stdio_1                0x08000257   Thumb Code     0  libshutdown2.o(.ARM.Collect$$libshutdown$$00000004)
    __rt_lib_shutdown_user_alloc_1           0x08000257   Thumb Code     0  libshutdown2.o(.ARM.Collect$$libshutdown$$0000000C)
    __rt_entry                               0x08000259   Thumb Code     0  __rtentry.o(.ARM.Collect$$rtentry$$00000000)
    __rt_entry_presh_1                       0x08000259   Thumb Code     0  __rtentry2.o(.ARM.Collect$$rtentry$$00000002)
    __rt_entry_sh                            0x08000259   Thumb Code     0  __rtentry4.o(.ARM.Collect$$rtentry$$00000004)
    __rt_entry_li                            0x0800025f   Thumb Code     0  __rtentry2.o(.ARM.Collect$$rtentry$$0000000A)
    __rt_entry_postsh_1                      0x0800025f   Thumb Code     0  __rtentry2.o(.ARM.Collect$$rtentry$$00000009)
    __rt_entry_main                          0x08000263   Thumb Code     0  __rtentry2.o(.ARM.Collect$$rtentry$$0000000D)
    __rt_entry_postli_1                      0x08000263   Thumb Code     0  __rtentry2.o(.ARM.Collect$$rtentry$$0000000C)
    __rt_exit                                0x0800026b   Thumb Code     0  rtexit.o(.ARM.Collect$$rtexit$$00000000)
    __rt_exit_ls                             0x0800026d   Thumb Code     0  rtexit2.o(.ARM.Collect$$rtexit$$00000003)
    __rt_exit_prels_1                        0x0800026d   Thumb Code     0  rtexit2.o(.ARM.Collect$$rtexit$$00000002)
    __rt_exit_exit                           0x08000271   Thumb Code     0  rtexit2.o(.ARM.Collect$$rtexit$$00000004)
    Reset_Handler                            0x08000279   Thumb Code     8  startup_stm32f10x_hd.o(.text)
    ADC1_2_IRQHandler                        0x08000293   Thumb Code     0  startup_stm32f10x_hd.o(.text)
    ADC3_IRQHandler                          0x08000293   Thumb Code     0  startup_stm32f10x_hd.o(.text)
    CAN1_RX1_IRQHandler                      0x08000293   Thumb Code     0  startup_stm32f10x_hd.o(.text)
    CAN1_SCE_IRQHandler                      0x08000293   Thumb Code     0  startup_stm32f10x_hd.o(.text)
    DMA1_Channel1_IRQHandler                 0x08000293   Thumb Code     0  startup_stm32f10x_hd.o(.text)
    DMA1_Channel2_IRQHandler                 0x08000293   Thumb Code     0  startup_stm32f10x_hd.o(.text)
    DMA1_Channel3_IRQHandler                 0x08000293   Thumb Code     0  startup_stm32f10x_hd.o(.text)
    DMA1_Channel4_IRQHandler                 0x08000293   Thumb Code     0  startup_stm32f10x_hd.o(.text)
    DMA1_Channel5_IRQHandler                 0x08000293   Thumb Code     0  startup_stm32f10x_hd.o(.text)
    DMA1_Channel6_IRQHandler                 0x08000293   Thumb Code     0  startup_stm32f10x_hd.o(.text)
    DMA1_Channel7_IRQHandler                 0x08000293   Thumb Code     0  startup_stm32f10x_hd.o(.text)
    DMA2_Channel1_IRQHandler                 0x08000293   Thumb Code     0  startup_stm32f10x_hd.o(.text)
    DMA2_Channel2_IRQHandler                 0x08000293   Thumb Code     0  startup_stm32f10x_hd.o(.text)
    DMA2_Channel3_IRQHandler                 0x08000293   Thumb Code     0  startup_stm32f10x_hd.o(.text)
    DMA2_Channel4_5_IRQHandler               0x08000293   Thumb Code     0  startup_stm32f10x_hd.o(.text)
    EXTI0_IRQHandler                         0x08000293   Thumb Code     0  startup_stm32f10x_hd.o(.text)
    EXTI15_10_IRQHandler                     0x08000293   Thumb Code     0  startup_stm32f10x_hd.o(.text)
    EXTI1_IRQHandler                         0x08000293   Thumb Code     0  startup_stm32f10x_hd.o(.text)
    EXTI2_IRQHandler                         0x08000293   Thumb Code     0  startup_stm32f10x_hd.o(.text)
    EXTI3_IRQHandler                         0x08000293   Thumb Code     0  startup_stm32f10x_hd.o(.text)
    EXTI4_IRQHandler                         0x08000293   Thumb Code     0  startup_stm32f10x_hd.o(.text)
    EXTI9_5_IRQHandler                       0x08000293   Thumb Code     0  startup_stm32f10x_hd.o(.text)
    FLASH_IRQHandler                         0x08000293   Thumb Code     0  startup_stm32f10x_hd.o(.text)
    FSMC_IRQHandler                          0x08000293   Thumb Code     0  startup_stm32f10x_hd.o(.text)
    I2C1_ER_IRQHandler                       0x08000293   Thumb Code     0  startup_stm32f10x_hd.o(.text)
    I2C1_EV_IRQHandler                       0x08000293   Thumb Code     0  startup_stm32f10x_hd.o(.text)
    I2C2_ER_IRQHandler                       0x08000293   Thumb Code     0  startup_stm32f10x_hd.o(.text)
    I2C2_EV_IRQHandler                       0x08000293   Thumb Code     0  startup_stm32f10x_hd.o(.text)
    PVD_IRQHandler                           0x08000293   Thumb Code     0  startup_stm32f10x_hd.o(.text)
    RCC_IRQHandler                           0x08000293   Thumb Code     0  startup_stm32f10x_hd.o(.text)
    RTCAlarm_IRQHandler                      0x08000293   Thumb Code     0  startup_stm32f10x_hd.o(.text)
    RTC_IRQHandler                           0x08000293   Thumb Code     0  startup_stm32f10x_hd.o(.text)
    SDIO_IRQHandler                          0x08000293   Thumb Code     0  startup_stm32f10x_hd.o(.text)
    SPI1_IRQHandler                          0x08000293   Thumb Code     0  startup_stm32f10x_hd.o(.text)
    SPI2_IRQHandler                          0x08000293   Thumb Code     0  startup_stm32f10x_hd.o(.text)
    SPI3_IRQHandler                          0x08000293   Thumb Code     0  startup_stm32f10x_hd.o(.text)
    TAMPER_IRQHandler                        0x08000293   Thumb Code     0  startup_stm32f10x_hd.o(.text)
    TIM1_BRK_IRQHandler                      0x08000293   Thumb Code     0  startup_stm32f10x_hd.o(.text)
    TIM1_CC_IRQHandler                       0x08000293   Thumb Code     0  startup_stm32f10x_hd.o(.text)
    TIM1_TRG_COM_IRQHandler                  0x08000293   Thumb Code     0  startup_stm32f10x_hd.o(.text)
    TIM1_UP_IRQHandler                       0x08000293   Thumb Code     0  startup_stm32f10x_hd.o(.text)
    TIM2_IRQHandler                          0x08000293   Thumb Code     0  startup_stm32f10x_hd.o(.text)
    TIM5_IRQHandler                          0x08000293   Thumb Code     0  startup_stm32f10x_hd.o(.text)
    TIM6_IRQHandler                          0x08000293   Thumb Code     0  startup_stm32f10x_hd.o(.text)
    TIM7_IRQHandler                          0x08000293   Thumb Code     0  startup_stm32f10x_hd.o(.text)
    TIM8_BRK_IRQHandler                      0x08000293   Thumb Code     0  startup_stm32f10x_hd.o(.text)
    TIM8_CC_IRQHandler                       0x08000293   Thumb Code     0  startup_stm32f10x_hd.o(.text)
    TIM8_TRG_COM_IRQHandler                  0x08000293   Thumb Code     0  startup_stm32f10x_hd.o(.text)
    TIM8_UP_IRQHandler                       0x08000293   Thumb Code     0  startup_stm32f10x_hd.o(.text)
    UART4_IRQHandler                         0x08000293   Thumb Code     0  startup_stm32f10x_hd.o(.text)
    UART5_IRQHandler                         0x08000293   Thumb Code     0  startup_stm32f10x_hd.o(.text)
    USART3_IRQHandler                        0x08000293   Thumb Code     0  startup_stm32f10x_hd.o(.text)
    USBWakeUp_IRQHandler                     0x08000293   Thumb Code     0  startup_stm32f10x_hd.o(.text)
    USB_HP_CAN1_TX_IRQHandler                0x08000293   Thumb Code     0  startup_stm32f10x_hd.o(.text)
    USB_LP_CAN1_RX0_IRQHandler               0x08000293   Thumb Code     0  startup_stm32f10x_hd.o(.text)
    WWDG_IRQHandler                          0x08000293   Thumb Code     0  startup_stm32f10x_hd.o(.text)
    __user_initial_stackheap                 0x08000295   Thumb Code     0  startup_stm32f10x_hd.o(.text)
    delay_init                               0x080002b9   Thumb Code    50  delay.o(.text)
    delay_us                                 0x080002eb   Thumb Code    72  delay.o(.text)
    delay_ms                                 0x08000333   Thumb Code    72  delay.o(.text)
    _sys_exit                                0x0800038d   Thumb Code     4  usart.o(.text)
    fputc                                    0x08000391   Thumb Code    24  usart.o(.text)
    uart_init                                0x080003a9   Thumb Code   152  usart.o(.text)
    USART1_IRQHandler                        0x08000441   Thumb Code   122  usart.o(.text)
    main                                     0x080004cd   Thumb Code    66  main.o(.text)
    NMI_Handler                              0x08000515   Thumb Code     2  stm32f10x_it.o(.text)
    HardFault_Handler                        0x08000517   Thumb Code     4  stm32f10x_it.o(.text)
    MemManage_Handler                        0x0800051b   Thumb Code     4  stm32f10x_it.o(.text)
    BusFault_Handler                         0x0800051f   Thumb Code     4  stm32f10x_it.o(.text)
    UsageFault_Handler                       0x08000523   Thumb Code     4  stm32f10x_it.o(.text)
    SVC_Handler                              0x08000527   Thumb Code     2  stm32f10x_it.o(.text)
    DebugMon_Handler                         0x08000529   Thumb Code     2  stm32f10x_it.o(.text)
    PendSV_Handler                           0x0800052b   Thumb Code     2  stm32f10x_it.o(.text)
    SysTick_Handler                          0x0800052d   Thumb Code     2  stm32f10x_it.o(.text)
    SystemInit                               0x0800060f   Thumb Code    78  system_stm32f10x.o(.text)
    SystemCoreClockUpdate                    0x0800065d   Thumb Code   142  system_stm32f10x.o(.text)
    atk_8266_at_response                     0x08000711   Thumb Code    46  common.o(.text)
    atk_8266_check_cmd                       0x0800073f   Thumb Code    44  common.o(.text)
    atk_8266_send_cmd                        0x0800076b   Thumb Code    92  common.o(.text)
    atk_8266_send_data                       0x080007c7   Thumb Code    84  common.o(.text)
    atk_8266_quit_trans                      0x0800081b   Thumb Code   100  common.o(.text)
    atk_8266_apsta_check                     0x0800087f   Thumb Code    62  common.o(.text)
    atk_8266_consta_check                    0x080008bd   Thumb Code    36  common.o(.text)
    atk_8266_get_wanip                       0x080008e1   Thumb Code    58  common.o(.text)
    atk_8266_get_ip                          0x0800091b   Thumb Code   176  common.o(.text)
    atk_8266_netpro_sel                      0x080009cb   Thumb Code    86  common.o(.text)
    atk_8266_ip_set                          0x08000a21   Thumb Code    36  common.o(.text)
    atk_8266_mode_cofig                      0x08000a45   Thumb Code   148  common.o(.text)
    atk_8266_mtest_ui                        0x08000ad9   Thumb Code   766  common.o(.text)
    atk_8266_test                            0x08000dd7   Thumb Code   116  common.o(.text)
    atk_8266_wifista_test                    0x08000fa1   Thumb Code   320  wifista.o(.text)
    button_init                              0x08001255   Thumb Code    98  button_drv.o(.text)
    button_set_time_param                    0x080012b7   Thumb Code    14  button_drv.o(.text)
    button_attach                            0x080012c5   Thumb Code    10  button_drv.o(.text)
    button_get_event                         0x080012cf   Thumb Code     8  button_drv.o(.text)
    button_scan                              0x0800152d   Thumb Code    22  button_drv.o(.text)
    button_reset                             0x08001543   Thumb Code    52  button_drv.o(.text)
    rgb_init                                 0x0800157d   Thumb Code    72  rgb_drv.o(.text)
    rgb_attach                               0x080015c5   Thumb Code    10  rgb_drv.o(.text)
    rgb_get_event                            0x080015cf   Thumb Code    10  rgb_drv.o(.text)
    rgb_scan                                 0x080016b9   Thumb Code    22  rgb_drv.o(.text)
    dev_dkey_read_pin_level                  0x080016d5   Thumb Code    12  pal_button.o(.text)
    dev_dkey1_read_pin_level                 0x080016e1   Thumb Code    14  pal_button.o(.text)
    button_callback                          0x080016ef   Thumb Code   206  pal_button.o(.text)
    button_callback1                         0x080017bd   Thumb Code   100  pal_button.o(.text)
    dev_key_attach_init                      0x08001821   Thumb Code   128  pal_button.o(.text)
    Write0                                   0x080018d1   Thumb Code   146  pal_rgb.o(.text)
    Write1                                   0x08001963   Thumb Code   140  pal_rgb.o(.text)
    WriteRest                                0x080019ef   Thumb Code   108  pal_rgb.o(.text)
    RGB_WByte                                0x08001a5b   Thumb Code    40  pal_rgb.o(.text)
    setLedColor                              0x08001a83   Thumb Code    28  pal_rgb.o(.text)
    showLeds                                 0x08001a9f   Thumb Code   134  pal_rgb.o(.text)
    singleColor                              0x08001b25   Thumb Code    98  pal_rgb.o(.text)
    rainbowGradient                          0x08001b87   Thumb Code   564  pal_rgb.o(.text)
    getCurrentTime                           0x08001dbb   Thumb Code     6  pal_rgb.o(.text)
    fixedBreatheGradient                     0x08001dc1   Thumb Code   300  pal_rgb.o(.text)
    rainbowBreath                            0x08001eed   Thumb Code   372  pal_rgb.o(.text)
    rainbowBreathSync                        0x08002061   Thumb Code   324  pal_rgb.o(.text)
    rainbowEffect                            0x080021a5   Thumb Code   156  pal_rgb.o(.text)
    dev_rgb_attach_init                      0x08002241   Thumb Code    32  pal_rgb.o(.text)
    tim3_int_init                            0x08002285   Thumb Code    90  bsp_key.o(.text)
    TIM3_IRQHandler                          0x080022df   Thumb Code    62  bsp_key.o(.text)
    key_init                                 0x0800231d   Thumb Code    82  bsp_key.o(.text)
    TIM4_Set                                 0x08002389   Thumb Code    34  bsp_usart2.o(.text)
    USART2_IRQHandler                        0x080023ab   Thumb Code    84  bsp_usart2.o(.text)
    TIM4_Init                                0x080023ff   Thumb Code    82  bsp_usart2.o(.text)
    UART_DMA_Config                          0x08002451   Thumb Code    72  bsp_usart2.o(.text)
    usart2_init                              0x08002499   Thumb Code   206  bsp_usart2.o(.text)
    UART_DMA_Enable                          0x08002567   Thumb Code    32  bsp_usart2.o(.text)
    u2_printf                                0x08002587   Thumb Code    56  bsp_usart2.o(.text)
    TIM4_IRQHandler                          0x080025bf   Thumb Code    40  bsp_usart2.o(.text)
    led_init                                 0x08002605   Thumb Code    44  bsp_led.o(.text)
    mymemcpy                                 0x08002635   Thumb Code    26  malloc.o(.text)
    mymemset                                 0x0800264f   Thumb Code    20  malloc.o(.text)
    mem_init                                 0x08002663   Thumb Code    38  malloc.o(.text)
    mem_perused                              0x08002689   Thumb Code    42  malloc.o(.text)
    mem_malloc                               0x080026b3   Thumb Code   116  malloc.o(.text)
    mem_free                                 0x08002727   Thumb Code    66  malloc.o(.text)
    myfree                                   0x08002769   Thumb Code    24  malloc.o(.text)
    mymalloc                                 0x08002781   Thumb Code    28  malloc.o(.text)
    myrealloc                                0x0800279d   Thumb Code    50  malloc.o(.text)
    NVIC_PriorityGroupConfig                 0x080027d5   Thumb Code    10  misc.o(.text)
    NVIC_Init                                0x080027df   Thumb Code   100  misc.o(.text)
    NVIC_SetVectorTable                      0x08002843   Thumb Code    14  misc.o(.text)
    NVIC_SystemLPConfig                      0x08002851   Thumb Code    34  misc.o(.text)
    SysTick_CLKSourceConfig                  0x08002873   Thumb Code    40  misc.o(.text)
    DMA_DeInit                               0x080028b1   Thumb Code   324  stm32f10x_dma.o(.text)
    DMA_Init                                 0x080029f5   Thumb Code    60  stm32f10x_dma.o(.text)
    DMA_StructInit                           0x08002a31   Thumb Code    26  stm32f10x_dma.o(.text)
    DMA_Cmd                                  0x08002a4b   Thumb Code    24  stm32f10x_dma.o(.text)
    DMA_ITConfig                             0x08002a63   Thumb Code    18  stm32f10x_dma.o(.text)
    DMA_SetCurrDataCounter                   0x08002a75   Thumb Code     4  stm32f10x_dma.o(.text)
    DMA_GetCurrDataCounter                   0x08002a79   Thumb Code     8  stm32f10x_dma.o(.text)
    DMA_GetFlagStatus                        0x08002a81   Thumb Code    40  stm32f10x_dma.o(.text)
    DMA_ClearFlag                            0x08002aa9   Thumb Code    22  stm32f10x_dma.o(.text)
    DMA_GetITStatus                          0x08002abf   Thumb Code    40  stm32f10x_dma.o(.text)
    DMA_ClearITPendingBit                    0x08002ae7   Thumb Code    22  stm32f10x_dma.o(.text)
    GPIO_DeInit                              0x08002b05   Thumb Code   172  stm32f10x_gpio.o(.text)
    GPIO_AFIODeInit                          0x08002bb1   Thumb Code    20  stm32f10x_gpio.o(.text)
    GPIO_Init                                0x08002bc5   Thumb Code   278  stm32f10x_gpio.o(.text)
    GPIO_StructInit                          0x08002cdb   Thumb Code    16  stm32f10x_gpio.o(.text)
    GPIO_ReadInputDataBit                    0x08002ceb   Thumb Code    18  stm32f10x_gpio.o(.text)
    GPIO_ReadInputData                       0x08002cfd   Thumb Code     8  stm32f10x_gpio.o(.text)
    GPIO_ReadOutputDataBit                   0x08002d05   Thumb Code    18  stm32f10x_gpio.o(.text)
    GPIO_ReadOutputData                      0x08002d17   Thumb Code     8  stm32f10x_gpio.o(.text)
    GPIO_SetBits                             0x08002d1f   Thumb Code     4  stm32f10x_gpio.o(.text)
    GPIO_ResetBits                           0x08002d23   Thumb Code     4  stm32f10x_gpio.o(.text)
    GPIO_WriteBit                            0x08002d27   Thumb Code    10  stm32f10x_gpio.o(.text)
    GPIO_Write                               0x08002d31   Thumb Code     4  stm32f10x_gpio.o(.text)
    GPIO_PinLockConfig                       0x08002d35   Thumb Code    18  stm32f10x_gpio.o(.text)
    GPIO_EventOutputConfig                   0x08002d47   Thumb Code    26  stm32f10x_gpio.o(.text)
    GPIO_EventOutputCmd                      0x08002d61   Thumb Code     6  stm32f10x_gpio.o(.text)
    GPIO_PinRemapConfig                      0x08002d67   Thumb Code   138  stm32f10x_gpio.o(.text)
    GPIO_EXTILineConfig                      0x08002df1   Thumb Code    66  stm32f10x_gpio.o(.text)
    GPIO_ETH_MediaInterfaceConfig            0x08002e33   Thumb Code     8  stm32f10x_gpio.o(.text)
    RCC_DeInit                               0x08002e61   Thumb Code    64  stm32f10x_rcc.o(.text)
    RCC_HSEConfig                            0x08002ea1   Thumb Code    70  stm32f10x_rcc.o(.text)
    RCC_GetFlagStatus                        0x08002ee7   Thumb Code    56  stm32f10x_rcc.o(.text)
    RCC_WaitForHSEStartUp                    0x08002f1f   Thumb Code    56  stm32f10x_rcc.o(.text)
    RCC_AdjustHSICalibrationValue            0x08002f57   Thumb Code    20  stm32f10x_rcc.o(.text)
    RCC_HSICmd                               0x08002f6b   Thumb Code     6  stm32f10x_rcc.o(.text)
    RCC_PLLConfig                            0x08002f71   Thumb Code    24  stm32f10x_rcc.o(.text)
    RCC_PLLCmd                               0x08002f89   Thumb Code     6  stm32f10x_rcc.o(.text)
    RCC_SYSCLKConfig                         0x08002f8f   Thumb Code    18  stm32f10x_rcc.o(.text)
    RCC_GetSYSCLKSource                      0x08002fa1   Thumb Code    10  stm32f10x_rcc.o(.text)
    RCC_HCLKConfig                           0x08002fab   Thumb Code    18  stm32f10x_rcc.o(.text)
    RCC_PCLK1Config                          0x08002fbd   Thumb Code    18  stm32f10x_rcc.o(.text)
    RCC_PCLK2Config                          0x08002fcf   Thumb Code    20  stm32f10x_rcc.o(.text)
    RCC_ITConfig                             0x08002fe3   Thumb Code    26  stm32f10x_rcc.o(.text)
    RCC_USBCLKConfig                         0x08002ffd   Thumb Code     8  stm32f10x_rcc.o(.text)
    RCC_ADCCLKConfig                         0x08003005   Thumb Code    18  stm32f10x_rcc.o(.text)
    RCC_LSEConfig                            0x08003017   Thumb Code    50  stm32f10x_rcc.o(.text)
    RCC_LSICmd                               0x08003049   Thumb Code     6  stm32f10x_rcc.o(.text)
    RCC_RTCCLKConfig                         0x0800304f   Thumb Code    12  stm32f10x_rcc.o(.text)
    RCC_RTCCLKCmd                            0x0800305b   Thumb Code     8  stm32f10x_rcc.o(.text)
    RCC_GetClocksFreq                        0x08003063   Thumb Code   192  stm32f10x_rcc.o(.text)
    RCC_AHBPeriphClockCmd                    0x08003123   Thumb Code    26  stm32f10x_rcc.o(.text)
    RCC_APB2PeriphClockCmd                   0x0800313d   Thumb Code    26  stm32f10x_rcc.o(.text)
    RCC_APB1PeriphClockCmd                   0x08003157   Thumb Code    26  stm32f10x_rcc.o(.text)
    RCC_APB2PeriphResetCmd                   0x08003171   Thumb Code    26  stm32f10x_rcc.o(.text)
    RCC_APB1PeriphResetCmd                   0x0800318b   Thumb Code    26  stm32f10x_rcc.o(.text)
    RCC_BackupResetCmd                       0x080031a5   Thumb Code     8  stm32f10x_rcc.o(.text)
    RCC_ClockSecuritySystemCmd               0x080031ad   Thumb Code     6  stm32f10x_rcc.o(.text)
    RCC_MCOConfig                            0x080031b3   Thumb Code     6  stm32f10x_rcc.o(.text)
    RCC_ClearFlag                            0x080031b9   Thumb Code    14  stm32f10x_rcc.o(.text)
    RCC_GetITStatus                          0x080031c7   Thumb Code    20  stm32f10x_rcc.o(.text)
    RCC_ClearITPendingBit                    0x080031db   Thumb Code     6  stm32f10x_rcc.o(.text)
    TIM_DeInit                               0x08003205   Thumb Code   424  stm32f10x_tim.o(.text)
    TIM_TimeBaseInit                         0x080033ad   Thumb Code   122  stm32f10x_tim.o(.text)
    TIM_OC1Init                              0x08003427   Thumb Code   132  stm32f10x_tim.o(.text)
    TIM_OC2Init                              0x080034ab   Thumb Code   154  stm32f10x_tim.o(.text)
    TIM_OC3Init                              0x08003545   Thumb Code   150  stm32f10x_tim.o(.text)
    TIM_OC4Init                              0x080035db   Thumb Code   182  stm32f10x_tim.o(.text)
    TIM_SetIC4Prescaler                      0x08003691   Thumb Code    26  stm32f10x_tim.o(.text)
    TIM_SetIC3Prescaler                      0x0800372d   Thumb Code    18  stm32f10x_tim.o(.text)
    TIM_SetIC2Prescaler                      0x080037b9   Thumb Code    26  stm32f10x_tim.o(.text)
    TIM_SetIC1Prescaler                      0x08003855   Thumb Code    18  stm32f10x_tim.o(.text)
    TIM_ICInit                               0x080038d3   Thumb Code   150  stm32f10x_tim.o(.text)
    TIM_PWMIConfig                           0x08003969   Thumb Code   124  stm32f10x_tim.o(.text)
    TIM_BDTRConfig                           0x080039e5   Thumb Code    32  stm32f10x_tim.o(.text)
    TIM_TimeBaseStructInit                   0x08003a05   Thumb Code    18  stm32f10x_tim.o(.text)
    TIM_OCStructInit                         0x08003a17   Thumb Code    20  stm32f10x_tim.o(.text)
    TIM_ICStructInit                         0x08003a2b   Thumb Code    18  stm32f10x_tim.o(.text)
    TIM_BDTRStructInit                       0x08003a3d   Thumb Code    40  stm32f10x_tim.o(.text)
    TIM_Cmd                                  0x08003a65   Thumb Code    24  stm32f10x_tim.o(.text)
    TIM_CtrlPWMOutputs                       0x08003a7d   Thumb Code    30  stm32f10x_tim.o(.text)
    TIM_ITConfig                             0x08003a9b   Thumb Code    18  stm32f10x_tim.o(.text)
    TIM_GenerateEvent                        0x08003aad   Thumb Code     4  stm32f10x_tim.o(.text)
    TIM_DMAConfig                            0x08003ab1   Thumb Code    10  stm32f10x_tim.o(.text)
    TIM_DMACmd                               0x08003abb   Thumb Code    18  stm32f10x_tim.o(.text)
    TIM_InternalClockConfig                  0x08003acd   Thumb Code    12  stm32f10x_tim.o(.text)
    TIM_SelectInputTrigger                   0x08003ad9   Thumb Code    18  stm32f10x_tim.o(.text)
    TIM_ITRxExternalClockConfig              0x08003aeb   Thumb Code    24  stm32f10x_tim.o(.text)
    TIM_TIxExternalClockConfig               0x08003b03   Thumb Code    62  stm32f10x_tim.o(.text)
    TIM_ETRConfig                            0x08003b41   Thumb Code    28  stm32f10x_tim.o(.text)
    TIM_ETRClockMode1Config                  0x08003b5d   Thumb Code    54  stm32f10x_tim.o(.text)
    TIM_ETRClockMode2Config                  0x08003b93   Thumb Code    32  stm32f10x_tim.o(.text)
    TIM_PrescalerConfig                      0x08003bb3   Thumb Code     6  stm32f10x_tim.o(.text)
    TIM_CounterModeConfig                    0x08003bb9   Thumb Code    18  stm32f10x_tim.o(.text)
    TIM_EncoderInterfaceConfig               0x08003bcb   Thumb Code    66  stm32f10x_tim.o(.text)
    TIM_ForcedOC1Config                      0x08003c0d   Thumb Code    18  stm32f10x_tim.o(.text)
    TIM_ForcedOC2Config                      0x08003c1f   Thumb Code    26  stm32f10x_tim.o(.text)
    TIM_ForcedOC3Config                      0x08003c39   Thumb Code    18  stm32f10x_tim.o(.text)
    TIM_ForcedOC4Config                      0x08003c4b   Thumb Code    26  stm32f10x_tim.o(.text)
    TIM_ARRPreloadConfig                     0x08003c65   Thumb Code    24  stm32f10x_tim.o(.text)
    TIM_SelectCOM                            0x08003c7d   Thumb Code    24  stm32f10x_tim.o(.text)
    TIM_SelectCCDMA                          0x08003c95   Thumb Code    24  stm32f10x_tim.o(.text)
    TIM_CCPreloadControl                     0x08003cad   Thumb Code    24  stm32f10x_tim.o(.text)
    TIM_OC1PreloadConfig                     0x08003cc5   Thumb Code    18  stm32f10x_tim.o(.text)
    TIM_OC2PreloadConfig                     0x08003cd7   Thumb Code    26  stm32f10x_tim.o(.text)
    TIM_OC3PreloadConfig                     0x08003cf1   Thumb Code    18  stm32f10x_tim.o(.text)
    TIM_OC4PreloadConfig                     0x08003d03   Thumb Code    26  stm32f10x_tim.o(.text)
    TIM_OC1FastConfig                        0x08003d1d   Thumb Code    18  stm32f10x_tim.o(.text)
    TIM_OC2FastConfig                        0x08003d2f   Thumb Code    26  stm32f10x_tim.o(.text)
    TIM_OC3FastConfig                        0x08003d49   Thumb Code    18  stm32f10x_tim.o(.text)
    TIM_OC4FastConfig                        0x08003d5b   Thumb Code    26  stm32f10x_tim.o(.text)
    TIM_ClearOC1Ref                          0x08003d75   Thumb Code    18  stm32f10x_tim.o(.text)
    TIM_ClearOC2Ref                          0x08003d87   Thumb Code    24  stm32f10x_tim.o(.text)
    TIM_ClearOC3Ref                          0x08003d9f   Thumb Code    18  stm32f10x_tim.o(.text)
    TIM_ClearOC4Ref                          0x08003db1   Thumb Code    24  stm32f10x_tim.o(.text)
    TIM_OC1PolarityConfig                    0x08003dc9   Thumb Code    18  stm32f10x_tim.o(.text)
    TIM_OC1NPolarityConfig                   0x08003ddb   Thumb Code    18  stm32f10x_tim.o(.text)
    TIM_OC2PolarityConfig                    0x08003ded   Thumb Code    26  stm32f10x_tim.o(.text)
    TIM_OC2NPolarityConfig                   0x08003e07   Thumb Code    26  stm32f10x_tim.o(.text)
    TIM_OC3PolarityConfig                    0x08003e21   Thumb Code    26  stm32f10x_tim.o(.text)
    TIM_OC3NPolarityConfig                   0x08003e3b   Thumb Code    26  stm32f10x_tim.o(.text)
    TIM_OC4PolarityConfig                    0x08003e55   Thumb Code    26  stm32f10x_tim.o(.text)
    TIM_CCxCmd                               0x08003e6f   Thumb Code    30  stm32f10x_tim.o(.text)
    TIM_CCxNCmd                              0x08003e8d   Thumb Code    30  stm32f10x_tim.o(.text)
    TIM_SelectOCxM                           0x08003eab   Thumb Code    82  stm32f10x_tim.o(.text)
    TIM_UpdateDisableConfig                  0x08003efd   Thumb Code    24  stm32f10x_tim.o(.text)
    TIM_UpdateRequestConfig                  0x08003f15   Thumb Code    24  stm32f10x_tim.o(.text)
    TIM_SelectHallSensor                     0x08003f2d   Thumb Code    24  stm32f10x_tim.o(.text)
    TIM_SelectOnePulseMode                   0x08003f45   Thumb Code    18  stm32f10x_tim.o(.text)
    TIM_SelectOutputTrigger                  0x08003f57   Thumb Code    18  stm32f10x_tim.o(.text)
    TIM_SelectSlaveMode                      0x08003f69   Thumb Code    18  stm32f10x_tim.o(.text)
    TIM_SelectMasterSlaveMode                0x08003f7b   Thumb Code    18  stm32f10x_tim.o(.text)
    TIM_SetCounter                           0x08003f8d   Thumb Code     4  stm32f10x_tim.o(.text)
    TIM_SetAutoreload                        0x08003f91   Thumb Code     4  stm32f10x_tim.o(.text)
    TIM_SetCompare1                          0x08003f95   Thumb Code     4  stm32f10x_tim.o(.text)
    TIM_SetCompare2                          0x08003f99   Thumb Code     4  stm32f10x_tim.o(.text)
    TIM_SetCompare3                          0x08003f9d   Thumb Code     4  stm32f10x_tim.o(.text)
    TIM_SetCompare4                          0x08003fa1   Thumb Code     6  stm32f10x_tim.o(.text)
    TIM_SetClockDivision                     0x08003fa7   Thumb Code    18  stm32f10x_tim.o(.text)
    TIM_GetCapture1                          0x08003fb9   Thumb Code     6  stm32f10x_tim.o(.text)
    TIM_GetCapture2                          0x08003fbf   Thumb Code     6  stm32f10x_tim.o(.text)
    TIM_GetCapture3                          0x08003fc5   Thumb Code     6  stm32f10x_tim.o(.text)
    TIM_GetCapture4                          0x08003fcb   Thumb Code     8  stm32f10x_tim.o(.text)
    TIM_GetCounter                           0x08003fd3   Thumb Code     6  stm32f10x_tim.o(.text)
    TIM_GetPrescaler                         0x08003fd9   Thumb Code     6  stm32f10x_tim.o(.text)
    TIM_GetFlagStatus                        0x08003fdf   Thumb Code    18  stm32f10x_tim.o(.text)
    TIM_ClearFlag                            0x08003ff1   Thumb Code     6  stm32f10x_tim.o(.text)
    TIM_GetITStatus                          0x08003ff7   Thumb Code    34  stm32f10x_tim.o(.text)
    TIM_ClearITPendingBit                    0x08004019   Thumb Code     6  stm32f10x_tim.o(.text)
    USART_DeInit                             0x08004021   Thumb Code   134  stm32f10x_usart.o(.text)
    USART_Init                               0x080040a7   Thumb Code   210  stm32f10x_usart.o(.text)
    USART_StructInit                         0x08004179   Thumb Code    24  stm32f10x_usart.o(.text)
    USART_ClockInit                          0x08004191   Thumb Code    34  stm32f10x_usart.o(.text)
    USART_ClockStructInit                    0x080041b3   Thumb Code    12  stm32f10x_usart.o(.text)
    USART_Cmd                                0x080041bf   Thumb Code    24  stm32f10x_usart.o(.text)
    USART_ITConfig                           0x080041d7   Thumb Code    74  stm32f10x_usart.o(.text)
    USART_DMACmd                             0x08004221   Thumb Code    18  stm32f10x_usart.o(.text)
    USART_SetAddress                         0x08004233   Thumb Code    18  stm32f10x_usart.o(.text)
    USART_WakeUpConfig                       0x08004245   Thumb Code    18  stm32f10x_usart.o(.text)
    USART_ReceiverWakeUpCmd                  0x08004257   Thumb Code    24  stm32f10x_usart.o(.text)
    USART_LINBreakDetectLengthConfig         0x0800426f   Thumb Code    18  stm32f10x_usart.o(.text)
    USART_LINCmd                             0x08004281   Thumb Code    24  stm32f10x_usart.o(.text)
    USART_SendData                           0x08004299   Thumb Code     8  stm32f10x_usart.o(.text)
    USART_ReceiveData                        0x080042a1   Thumb Code    10  stm32f10x_usart.o(.text)
    USART_SendBreak                          0x080042ab   Thumb Code    10  stm32f10x_usart.o(.text)
    USART_SetGuardTime                       0x080042b5   Thumb Code    16  stm32f10x_usart.o(.text)
    USART_SetPrescaler                       0x080042c5   Thumb Code    16  stm32f10x_usart.o(.text)
    USART_SmartCardCmd                       0x080042d5   Thumb Code    24  stm32f10x_usart.o(.text)
    USART_SmartCardNACKCmd                   0x080042ed   Thumb Code    24  stm32f10x_usart.o(.text)
    USART_HalfDuplexCmd                      0x08004305   Thumb Code    24  stm32f10x_usart.o(.text)
    USART_OverSampling8Cmd                   0x0800431d   Thumb Code    22  stm32f10x_usart.o(.text)
    USART_OneBitMethodCmd                    0x08004333   Thumb Code    24  stm32f10x_usart.o(.text)
    USART_IrDAConfig                         0x0800434b   Thumb Code    18  stm32f10x_usart.o(.text)
    USART_IrDACmd                            0x0800435d   Thumb Code    24  stm32f10x_usart.o(.text)
    USART_GetFlagStatus                      0x08004375   Thumb Code    26  stm32f10x_usart.o(.text)
    USART_ClearFlag                          0x0800438f   Thumb Code    18  stm32f10x_usart.o(.text)
    USART_GetITStatus                        0x080043a1   Thumb Code    84  stm32f10x_usart.o(.text)
    USART_ClearITPendingBit                  0x080043f5   Thumb Code    52  stm32f10x_usart.o(.text)
    __use_no_semihosting                     0x08004429   Thumb Code     2  use_no_semi_2.o(.text)
    __c89vsprintf                            0x0800442d   Thumb Code    32  c89vsprintf.o(.text)
    __2printf                                0x08004451   Thumb Code    20  __2printf.o(.text)
    __2sprintf                               0x08004469   Thumb Code    38  __2sprintf.o(.text)
    _printf_str                              0x08004495   Thumb Code    82  _printf_str.o(.text)
    _printf_int_dec                          0x080044e9   Thumb Code   104  _printf_dec.o(.text)
    __printf                                 0x08004561   Thumb Code   388  __printf_flags_ss_wp.o(.text)
    strstr                                   0x080046e9   Thumb Code    36  strstr.o(.text)
    strlen                                   0x0800470d   Thumb Code    62  strlen.o(.text)
    __aeabi_memclr4                          0x0800474b   Thumb Code     0  rt_memclr_w.o(.text)
    __aeabi_memclr8                          0x0800474b   Thumb Code     0  rt_memclr_w.o(.text)
    __rt_memclr_w                            0x0800474b   Thumb Code    78  rt_memclr_w.o(.text)
    _memset_w                                0x0800474f   Thumb Code     0  rt_memclr_w.o(.text)
    strcmp                                   0x08004799   Thumb Code   128  strcmpv7m.o(.text)
    __use_two_region_memory                  0x08004819   Thumb Code     2  heapauxi.o(.text)
    __rt_heap_escrow$2region                 0x0800481b   Thumb Code     2  heapauxi.o(.text)
    __rt_heap_expand$2region                 0x0800481d   Thumb Code     2  heapauxi.o(.text)
    __I$use$semihosting                      0x0800481f   Thumb Code     0  use_no_semi.o(.text)
    __use_no_semihosting_swi                 0x0800481f   Thumb Code     2  use_no_semi.o(.text)
    __read_errno                             0x08004821   Thumb Code    10  _rserrno.o(.text)
    __set_errno                              0x0800482b   Thumb Code    12  _rserrno.o(.text)
    _printf_pre_padding                      0x08004837   Thumb Code    44  _printf_pad.o(.text)
    _printf_post_padding                     0x08004863   Thumb Code    34  _printf_pad.o(.text)
    _printf_truncate_signed                  0x08004885   Thumb Code    18  _printf_truncate.o(.text)
    _printf_truncate_unsigned                0x08004897   Thumb Code    18  _printf_truncate.o(.text)
    _printf_int_common                       0x080048a9   Thumb Code   178  _printf_intcommon.o(.text)
    _printf_charcount                        0x0800495b   Thumb Code    40  _printf_charcount.o(.text)
    _printf_char_common                      0x0800498f   Thumb Code    32  _printf_char_common.o(.text)
    _sputc                                   0x080049b5   Thumb Code    10  _sputc.o(.text)
    _printf_cs_common                        0x080049bf   Thumb Code    20  _printf_char.o(.text)
    _printf_char                             0x080049d3   Thumb Code    16  _printf_char.o(.text)
    _printf_string                           0x080049e3   Thumb Code     8  _printf_char.o(.text)
    _printf_char_file                        0x080049ed   Thumb Code    32  _printf_char_file.o(.text)
    _printf_wctomb                           0x08004a11   Thumb Code   182  _printf_wctomb.o(.text)
    _printf_longlong_dec                     0x08004acd   Thumb Code   108  _printf_longlong_dec.o(.text)
    _printf_longlong_oct                     0x08004b49   Thumb Code    66  _printf_oct_int_ll.o(.text)
    _printf_int_oct                          0x08004b8b   Thumb Code    24  _printf_oct_int_ll.o(.text)
    _printf_ll_oct                           0x08004ba3   Thumb Code    12  _printf_oct_int_ll.o(.text)
    _printf_longlong_hex                     0x08004bb9   Thumb Code    86  _printf_hex_int_ll_ptr.o(.text)
    _printf_int_hex                          0x08004c0f   Thumb Code    28  _printf_hex_int_ll_ptr.o(.text)
    _printf_ll_hex                           0x08004c2b   Thumb Code    12  _printf_hex_int_ll_ptr.o(.text)
    _printf_hex_ptr                          0x08004c37   Thumb Code    18  _printf_hex_int_ll_ptr.o(.text)
    __aeabi_errno_addr                       0x08004c4d   Thumb Code     8  rt_errno_addr_intlibspace.o(.text)
    __errno$intlibspace                      0x08004c4d   Thumb Code     0  rt_errno_addr_intlibspace.o(.text)
    __rt_errno_addr$intlibspace              0x08004c4d   Thumb Code     0  rt_errno_addr_intlibspace.o(.text)
    _ll_udiv10                               0x08004c55   Thumb Code   138  lludiv10.o(.text)
    __lib_sel_fp_printf                      0x08004cdf   Thumb Code     2  _printf_fp_dec.o(.text)
    _printf_fp_dec_real                      0x08004e91   Thumb Code   620  _printf_fp_dec.o(.text)
    _printf_lcs_common                       0x080050fd   Thumb Code    20  _printf_wchar.o(.text)
    _printf_wchar                            0x08005111   Thumb Code    16  _printf_wchar.o(.text)
    _printf_wstring                          0x08005121   Thumb Code     8  _printf_wchar.o(.text)
    ferror                                   0x08005129   Thumb Code     8  ferror.o(.text)
    _wcrtomb                                 0x08005131   Thumb Code    64  _wcrtomb.o(.text)
    __user_libspace                          0x08005171   Thumb Code     8  libspace.o(.text)
    __user_perproc_libspace                  0x08005171   Thumb Code     0  libspace.o(.text)
    __user_perthread_libspace                0x08005171   Thumb Code     0  libspace.o(.text)
    __user_setup_stackheap                   0x08005179   Thumb Code    74  sys_stackheap_outer.o(.text)
    __rt_ctype_table                         0x080051c5   Thumb Code    16  rt_ctype_table.o(.text)
    __rt_locale                              0x080051d5   Thumb Code     8  rt_locale_intlibspace.o(.text)
    _printf_fp_infnan                        0x080051dd   Thumb Code   112  _printf_fp_infnan.o(.text)
    _btod_etento                             0x0800525d   Thumb Code   224  bigflt0.o(.text)
    exit                                     0x08005341   Thumb Code    18  exit.o(.text)
    _btod_d2e                                0x08005353   Thumb Code    62  btod.o(CL$$btod_d2e)
    _d2e_denorm_low                          0x08005391   Thumb Code    70  btod.o(CL$$btod_d2e_denorm_low)
    _d2e_norm_op1                            0x080053d7   Thumb Code    96  btod.o(CL$$btod_d2e_norm_op1)
    __btod_div_common                        0x08005437   Thumb Code   696  btod.o(CL$$btod_div_common)
    _e2e                                     0x0800576f   Thumb Code   220  btod.o(CL$$btod_e2e)
    _btod_ediv                               0x0800584b   Thumb Code    42  btod.o(CL$$btod_ediv)
    _btod_emul                               0x08005875   Thumb Code    42  btod.o(CL$$btod_emul)
    __btod_mult_common                       0x0800589f   Thumb Code   580  btod.o(CL$$btod_mult_common)
    __ARM_fpclassify                         0x08005ae3   Thumb Code    40  fpclassify.o(i.__ARM_fpclassify)
    __ieee754_rem_pio2                       0x08005b0d   Thumb Code   828  rred.o(i.__ieee754_rem_pio2)
    __kernel_cos                             0x08005e95   Thumb Code   230  cos_i.o(i.__kernel_cos)
    __kernel_poly                            0x08005f91   Thumb Code   170  poly.o(i.__kernel_poly)
    __kernel_sin                             0x0800603d   Thumb Code   224  sin_i.o(i.__kernel_sin)
    __mathlib_dbl_infnan                     0x08006129   Thumb Code     6  dunder.o(i.__mathlib_dbl_infnan)
    __mathlib_dbl_invalid                    0x0800612f   Thumb Code    12  dunder.o(i.__mathlib_dbl_invalid)
    __mathlib_dbl_underflow                  0x0800613d   Thumb Code    10  dunder.o(i.__mathlib_dbl_underflow)
    _is_digit                                0x0800614d   Thumb Code    14  __printf_wp.o(i._is_digit)
    floor                                    0x0800615d   Thumb Code   204  floor.o(i.floor)
    sin                                      0x08006239   Thumb Code   150  sin.o(i.sin)
    _get_lc_numeric                          0x080062d9   Thumb Code    44  lc_numeric_c.o(locale$$code)
    _get_lc_ctype                            0x08006305   Thumb Code    44  lc_ctype_c.o(locale$$code)
    __aeabi_d2f                              0x08006331   Thumb Code     0  d2f.o(x$fpl$d2f)
    _d2f                                     0x08006331   Thumb Code    98  d2f.o(x$fpl$d2f)
    __aeabi_dadd                             0x08006395   Thumb Code     0  daddsub_clz.o(x$fpl$dadd)
    _dadd                                    0x08006395   Thumb Code   332  daddsub_clz.o(x$fpl$dadd)
    __fpl_dcheck_NaN1                        0x080064e5   Thumb Code    10  dcheck1.o(x$fpl$dcheck1)
    __fpl_dcmp_Inf                           0x080064f5   Thumb Code    24  dcmpi.o(x$fpl$dcmpinf)
    __aeabi_ddiv                             0x0800650d   Thumb Code     0  ddiv.o(x$fpl$ddiv)
    _ddiv                                    0x0800650d   Thumb Code   552  ddiv.o(x$fpl$ddiv)
    __aeabi_d2iz                             0x080067bd   Thumb Code     0  dfix.o(x$fpl$dfix)
    _dfix                                    0x080067bd   Thumb Code    94  dfix.o(x$fpl$dfix)
    __aeabi_i2d                              0x0800681b   Thumb Code     0  dflt_clz.o(x$fpl$dflt)
    _dflt                                    0x0800681b   Thumb Code    46  dflt_clz.o(x$fpl$dflt)
    __aeabi_ui2d                             0x08006849   Thumb Code     0  dflt_clz.o(x$fpl$dfltu)
    _dfltu                                   0x08006849   Thumb Code    38  dflt_clz.o(x$fpl$dfltu)
    __aeabi_cdcmple                          0x08006871   Thumb Code     0  dleqf.o(x$fpl$dleqf)
    _dcmple                                  0x08006871   Thumb Code   120  dleqf.o(x$fpl$dleqf)
    __fpl_dcmple_InfNaN                      0x080068d3   Thumb Code     0  dleqf.o(x$fpl$dleqf)
    __aeabi_dmul                             0x080068e9   Thumb Code     0  dmul.o(x$fpl$dmul)
    _dmul                                    0x080068e9   Thumb Code   332  dmul.o(x$fpl$dmul)
    __fpl_dnaninf                            0x08006a3d   Thumb Code   156  dnaninf.o(x$fpl$dnaninf)
    __fpl_dretinf                            0x08006ad9   Thumb Code    12  dretinf.o(x$fpl$dretinf)
    __aeabi_cdrcmple                         0x08006ae5   Thumb Code     0  drleqf.o(x$fpl$drleqf)
    _drcmple                                 0x08006ae5   Thumb Code   108  drleqf.o(x$fpl$drleqf)
    __aeabi_drsub                            0x08006b51   Thumb Code     0  daddsub_clz.o(x$fpl$drsb)
    _drsb                                    0x08006b51   Thumb Code    22  daddsub_clz.o(x$fpl$drsb)
    __aeabi_dsub                             0x08006b69   Thumb Code     0  daddsub_clz.o(x$fpl$dsub)
    _dsub                                    0x08006b69   Thumb Code   464  daddsub_clz.o(x$fpl$dsub)
    __aeabi_f2d                              0x08006d3d   Thumb Code     0  f2d.o(x$fpl$f2d)
    _f2d                                     0x08006d3d   Thumb Code    86  f2d.o(x$fpl$f2d)
    __aeabi_f2uiz                            0x08006d95   Thumb Code     0  ffixu.o(x$fpl$ffixu)
    _ffixu                                   0x08006d95   Thumb Code    62  ffixu.o(x$fpl$ffixu)
    __aeabi_ui2f                             0x08006dd5   Thumb Code     0  fflt_clz.o(x$fpl$ffltu)
    _ffltu                                   0x08006dd5   Thumb Code    38  fflt_clz.o(x$fpl$ffltu)
    __aeabi_fmul                             0x08006dfd   Thumb Code     0  fmul.o(x$fpl$fmul)
    _fmul                                    0x08006dfd   Thumb Code   258  fmul.o(x$fpl$fmul)
    __fpl_fnaninf                            0x08006eff   Thumb Code   140  fnaninf.o(x$fpl$fnaninf)
    __fpl_fretinf                            0x08006f8b   Thumb Code    10  fretinf.o(x$fpl$fretinf)
    _printf_fp_dec                           0x08006f95   Thumb Code     4  printf1.o(x$fpl$printf1)
    __fpl_return_NaN                         0x08006f99   Thumb Code   100  retnan.o(x$fpl$retnan)
    __ARM_scalbn                             0x08006ffd   Thumb Code    92  scalbn.o(x$fpl$scalbn)
    __fpl_cmpreturn                          0x08007059   Thumb Code    48  trapv.o(x$fpl$trapveneer)
    __I$use$fp                               0x08007088   Number         0  usenofp.o(x$fpl$usenofp)
    Region$$Table$$Base                      0x08007348   Number         0  anon$$obj.o(Region$$Table)
    Region$$Table$$Limit                     0x08007368   Number         0  anon$$obj.o(Region$$Table)
    __ctype                                  0x08007391   Data           0  lc_ctype_c.o(locale$$data)
    __stdout                                 0x20000004   Data           4  usart.o(.data)
    USART_RX_STA                             0x20000008   Data           2  usart.o(.data)
    SystemCoreClock                          0x2000000c   Data           4  system_stm32f10x.o(.data)
    AHBPrescTable                            0x20000010   Data          16  system_stm32f10x.o(.data)
    portnum                                  0x20000020   Data           4  common.o(.data)
    wifista_ssid                             0x20000024   Data           4  common.o(.data)
    wifista_encryption                       0x20000028   Data           4  common.o(.data)
    wifista_password                         0x2000002c   Data           4  common.o(.data)
    wifiap_ssid                              0x20000030   Data           4  common.o(.data)
    wifiap_encryption                        0x20000034   Data           4  common.o(.data)
    wifiap_password                          0x20000038   Data           4  common.o(.data)
    ATK_ESP8266_CWMODE_TBL                   0x2000003c   Data          12  common.o(.data)
    ATK_ESP8266_WORKMODE_TBL                 0x20000048   Data          12  common.o(.data)
    ATK_ESP8266_ECN_TBL                      0x20000054   Data          20  common.o(.data)
    netpro                                   0x20000068   Data           1  wifista.o(.data)
    globalColor                              0x20000074   Data           3  pal_rgb.o(.data)
    svencolors                               0x20000077   Data          21  pal_rgb.o(.data)
    current_time_ms                          0x20000094   Data           4  bsp_key.o(.data)
    current_time_5ms                         0x20000098   Data           4  bsp_key.o(.data)
    USART2_RX_STA                            0x2000009c   Data           2  bsp_usart2.o(.data)
    mallco_dev                               0x200000a0   Data          20  malloc.o(.data)
    USART_RX_BUF                             0x200000c8   Data         200  usart.o(.bss)
    g_stdKey                                 0x20000190   Data          40  pal_button.o(.bss)
    g_stdKey1                                0x200001b8   Data          40  pal_button.o(.bss)
    stdRgb                                   0x200001e0   Data          48  pal_rgb.o(.bss)
    stdRgb1                                  0x20000210   Data          48  pal_rgb.o(.bss)
    stdRgb2                                  0x20000240   Data          48  pal_rgb.o(.bss)
    stdRgb3                                  0x20000270   Data          48  pal_rgb.o(.bss)
    stdRgb4                                  0x200002a0   Data          48  pal_rgb.o(.bss)
    leds                                     0x200002d0   Data          48  pal_rgb.o(.bss)
    led_colors                               0x20000300   Data          48  pal_rgb.o(.bss)
    USART2_TX_BUF                            0x20000330   Data        1024  bsp_usart2.o(.bss)
    USART2_RX_BUF                            0x20000730   Data        1024  bsp_usart2.o(.bss)
    membase                                  0x20000b30   Data       35840  malloc.o(.bss)
    memmapbase                               0x20009730   Data        2240  malloc.o(.bss)
    __libspace_start                         0x20009ff0   Data          96  libspace.o(.bss)
    __temporary_stack_top$libspace           0x2000a050   Data           0  libspace.o(.bss)



==============================================================================

Memory Map of the image

  Image Entry point : 0x08000131

  Load Region LR_IROM1 (Base: 0x08000000, Size: 0x0000755c, Max: 0x00040000, ABSOLUTE)

    Execution Region ER_IROM1 (Exec base: 0x08000000, Load base: 0x08000000, Size: 0x00007494, Max: 0x00040000, ABSOLUTE)

    Exec Addr    Load Addr    Size         Type   Attr      Idx    E Section Name        Object

    0x08000000   0x08000000   0x00000130   Data   RO           19    RESET               startup_stm32f10x_hd.o
    0x08000130   0x08000130   0x00000008   Code   RO          733  * !!!main             c_w.l(__main.o)
    0x08000138   0x08000138   0x00000034   Code   RO         1127    !!!scatter          c_w.l(__scatter.o)
    0x0800016c   0x0800016c   0x0000001a   Code   RO         1129    !!handler_copy      c_w.l(__scatter_copy.o)
    0x08000186   0x08000186   0x00000002   PAD
    0x08000188   0x08000188   0x0000001c   Code   RO         1131    !!handler_zi        c_w.l(__scatter_zi.o)
    0x080001a4   0x080001a4   0x00000000   Code   RO          722    .ARM.Collect$$_printf_percent$$00000000  c_w.l(_printf_percent.o)
    0x080001a4   0x080001a4   0x00000006   Code   RO          837    .ARM.Collect$$_printf_percent$$00000001  c_w.l(_printf_n.o)
    0x080001aa   0x080001aa   0x00000006   Code   RO          839    .ARM.Collect$$_printf_percent$$00000002  c_w.l(_printf_p.o)
    0x080001b0   0x080001b0   0x00000006   Code   RO          843    .ARM.Collect$$_printf_percent$$00000003  c_w.l(_printf_f.o)
    0x080001b6   0x080001b6   0x00000006   Code   RO          844    .ARM.Collect$$_printf_percent$$00000004  c_w.l(_printf_e.o)
    0x080001bc   0x080001bc   0x00000006   Code   RO          845    .ARM.Collect$$_printf_percent$$00000005  c_w.l(_printf_g.o)
    0x080001c2   0x080001c2   0x00000006   Code   RO          846    .ARM.Collect$$_printf_percent$$00000006  c_w.l(_printf_a.o)
    0x080001c8   0x080001c8   0x0000000a   Code   RO          851    .ARM.Collect$$_printf_percent$$00000007  c_w.l(_printf_ll.o)
    0x080001d2   0x080001d2   0x00000006   Code   RO          841    .ARM.Collect$$_printf_percent$$00000008  c_w.l(_printf_i.o)
    0x080001d8   0x080001d8   0x00000006   Code   RO          721    .ARM.Collect$$_printf_percent$$00000009  c_w.l(_printf_d.o)
    0x080001de   0x080001de   0x00000006   Code   RO          842    .ARM.Collect$$_printf_percent$$0000000A  c_w.l(_printf_u.o)
    0x080001e4   0x080001e4   0x00000006   Code   RO          840    .ARM.Collect$$_printf_percent$$0000000B  c_w.l(_printf_o.o)
    0x080001ea   0x080001ea   0x00000006   Code   RO          838    .ARM.Collect$$_printf_percent$$0000000C  c_w.l(_printf_x.o)
    0x080001f0   0x080001f0   0x00000006   Code   RO          848    .ARM.Collect$$_printf_percent$$0000000D  c_w.l(_printf_lli.o)
    0x080001f6   0x080001f6   0x00000006   Code   RO          849    .ARM.Collect$$_printf_percent$$0000000E  c_w.l(_printf_lld.o)
    0x080001fc   0x080001fc   0x00000006   Code   RO          850    .ARM.Collect$$_printf_percent$$0000000F  c_w.l(_printf_llu.o)
    0x08000202   0x08000202   0x00000006   Code   RO          855    .ARM.Collect$$_printf_percent$$00000010  c_w.l(_printf_llo.o)
    0x08000208   0x08000208   0x00000006   Code   RO          856    .ARM.Collect$$_printf_percent$$00000011  c_w.l(_printf_llx.o)
    0x0800020e   0x0800020e   0x0000000a   Code   RO          852    .ARM.Collect$$_printf_percent$$00000012  c_w.l(_printf_l.o)
    0x08000218   0x08000218   0x00000006   Code   RO          836    .ARM.Collect$$_printf_percent$$00000013  c_w.l(_printf_c.o)
    0x0800021e   0x0800021e   0x00000006   Code   RO          720    .ARM.Collect$$_printf_percent$$00000014  c_w.l(_printf_s.o)
    0x08000224   0x08000224   0x00000006   Code   RO          853    .ARM.Collect$$_printf_percent$$00000015  c_w.l(_printf_lc.o)
    0x0800022a   0x0800022a   0x00000006   Code   RO          854    .ARM.Collect$$_printf_percent$$00000016  c_w.l(_printf_ls.o)
    0x08000230   0x08000230   0x00000004   Code   RO          847    .ARM.Collect$$_printf_percent$$00000017  c_w.l(_printf_percent_end.o)
    0x08000234   0x08000234   0x00000002   Code   RO          993    .ARM.Collect$$libinit$$00000000  c_w.l(libinit.o)
    0x08000236   0x08000236   0x00000000   Code   RO         1004    .ARM.Collect$$libinit$$00000002  c_w.l(libinit2.o)
    0x08000236   0x08000236   0x00000000   Code   RO         1006    .ARM.Collect$$libinit$$00000004  c_w.l(libinit2.o)
    0x08000236   0x08000236   0x00000000   Code   RO         1009    .ARM.Collect$$libinit$$0000000A  c_w.l(libinit2.o)
    0x08000236   0x08000236   0x00000000   Code   RO         1011    .ARM.Collect$$libinit$$0000000C  c_w.l(libinit2.o)
    0x08000236   0x08000236   0x00000000   Code   RO         1013    .ARM.Collect$$libinit$$0000000E  c_w.l(libinit2.o)
    0x08000236   0x08000236   0x00000006   Code   RO         1014    .ARM.Collect$$libinit$$0000000F  c_w.l(libinit2.o)
    0x0800023c   0x0800023c   0x00000000   Code   RO         1016    .ARM.Collect$$libinit$$00000011  c_w.l(libinit2.o)
    0x0800023c   0x0800023c   0x0000000c   Code   RO         1017    .ARM.Collect$$libinit$$00000012  c_w.l(libinit2.o)
    0x08000248   0x08000248   0x00000000   Code   RO         1018    .ARM.Collect$$libinit$$00000013  c_w.l(libinit2.o)
    0x08000248   0x08000248   0x00000000   Code   RO         1020    .ARM.Collect$$libinit$$00000015  c_w.l(libinit2.o)
    0x08000248   0x08000248   0x0000000a   Code   RO         1021    .ARM.Collect$$libinit$$00000016  c_w.l(libinit2.o)
    0x08000252   0x08000252   0x00000000   Code   RO         1022    .ARM.Collect$$libinit$$00000017  c_w.l(libinit2.o)
    0x08000252   0x08000252   0x00000000   Code   RO         1024    .ARM.Collect$$libinit$$00000019  c_w.l(libinit2.o)
    0x08000252   0x08000252   0x00000000   Code   RO         1026    .ARM.Collect$$libinit$$0000001B  c_w.l(libinit2.o)
    0x08000252   0x08000252   0x00000000   Code   RO         1028    .ARM.Collect$$libinit$$0000001D  c_w.l(libinit2.o)
    0x08000252   0x08000252   0x00000000   Code   RO         1030    .ARM.Collect$$libinit$$0000001F  c_w.l(libinit2.o)
    0x08000252   0x08000252   0x00000000   Code   RO         1032    .ARM.Collect$$libinit$$00000021  c_w.l(libinit2.o)
    0x08000252   0x08000252   0x00000000   Code   RO         1034    .ARM.Collect$$libinit$$00000023  c_w.l(libinit2.o)
    0x08000252   0x08000252   0x00000000   Code   RO         1036    .ARM.Collect$$libinit$$00000025  c_w.l(libinit2.o)
    0x08000252   0x08000252   0x00000000   Code   RO         1040    .ARM.Collect$$libinit$$0000002C  c_w.l(libinit2.o)
    0x08000252   0x08000252   0x00000000   Code   RO         1042    .ARM.Collect$$libinit$$0000002E  c_w.l(libinit2.o)
    0x08000252   0x08000252   0x00000000   Code   RO         1044    .ARM.Collect$$libinit$$00000030  c_w.l(libinit2.o)
    0x08000252   0x08000252   0x00000000   Code   RO         1046    .ARM.Collect$$libinit$$00000032  c_w.l(libinit2.o)
    0x08000252   0x08000252   0x00000002   Code   RO         1047    .ARM.Collect$$libinit$$00000033  c_w.l(libinit2.o)
    0x08000254   0x08000254   0x00000002   Code   RO         1069    .ARM.Collect$$libshutdown$$00000000  c_w.l(libshutdown.o)
    0x08000256   0x08000256   0x00000000   Code   RO         1079    .ARM.Collect$$libshutdown$$00000002  c_w.l(libshutdown2.o)
    0x08000256   0x08000256   0x00000000   Code   RO         1081    .ARM.Collect$$libshutdown$$00000004  c_w.l(libshutdown2.o)
    0x08000256   0x08000256   0x00000000   Code   RO         1084    .ARM.Collect$$libshutdown$$00000007  c_w.l(libshutdown2.o)
    0x08000256   0x08000256   0x00000000   Code   RO         1087    .ARM.Collect$$libshutdown$$0000000A  c_w.l(libshutdown2.o)
    0x08000256   0x08000256   0x00000000   Code   RO         1089    .ARM.Collect$$libshutdown$$0000000C  c_w.l(libshutdown2.o)
    0x08000256   0x08000256   0x00000000   Code   RO         1092    .ARM.Collect$$libshutdown$$0000000F  c_w.l(libshutdown2.o)
    0x08000256   0x08000256   0x00000002   Code   RO         1093    .ARM.Collect$$libshutdown$$00000010  c_w.l(libshutdown2.o)
    0x08000258   0x08000258   0x00000000   Code   RO          785    .ARM.Collect$$rtentry$$00000000  c_w.l(__rtentry.o)
    0x08000258   0x08000258   0x00000000   Code   RO          901    .ARM.Collect$$rtentry$$00000002  c_w.l(__rtentry2.o)
    0x08000258   0x08000258   0x00000006   Code   RO          913    .ARM.Collect$$rtentry$$00000004  c_w.l(__rtentry4.o)
    0x0800025e   0x0800025e   0x00000000   Code   RO          903    .ARM.Collect$$rtentry$$00000009  c_w.l(__rtentry2.o)
    0x0800025e   0x0800025e   0x00000004   Code   RO          904    .ARM.Collect$$rtentry$$0000000A  c_w.l(__rtentry2.o)
    0x08000262   0x08000262   0x00000000   Code   RO          906    .ARM.Collect$$rtentry$$0000000C  c_w.l(__rtentry2.o)
    0x08000262   0x08000262   0x00000008   Code   RO          907    .ARM.Collect$$rtentry$$0000000D  c_w.l(__rtentry2.o)
    0x0800026a   0x0800026a   0x00000002   Code   RO          998    .ARM.Collect$$rtexit$$00000000  c_w.l(rtexit.o)
    0x0800026c   0x0800026c   0x00000000   Code   RO         1051    .ARM.Collect$$rtexit$$00000002  c_w.l(rtexit2.o)
    0x0800026c   0x0800026c   0x00000004   Code   RO         1052    .ARM.Collect$$rtexit$$00000003  c_w.l(rtexit2.o)
    0x08000270   0x08000270   0x00000006   Code   RO         1053    .ARM.Collect$$rtexit$$00000004  c_w.l(rtexit2.o)
    0x08000276   0x08000276   0x00000002   PAD
    0x08000278   0x08000278   0x00000040   Code   RO           20    .text               startup_stm32f10x_hd.o
    0x080002b8   0x080002b8   0x000000d4   Code   RO           24    .text               delay.o
    0x0800038c   0x0800038c   0x00000140   Code   RO          146    .text               usart.o
    0x080004cc   0x080004cc   0x00000048   Code   RO          169    .text               main.o
    0x08000514   0x08000514   0x0000001a   Code   RO          256    .text               stm32f10x_it.o
    0x0800052e   0x0800052e   0x00000002   PAD
    0x08000530   0x08000530   0x000001e0   Code   RO          271    .text               system_stm32f10x.o
    0x08000710   0x08000710   0x00000890   Code   RO          289    .text               common.o
    0x08000fa0   0x08000fa0   0x000002b4   Code   RO          321    .text               wifista.o
    0x08001254   0x08001254   0x00000328   Code   RO          343    .text               button_drv.o
    0x0800157c   0x0800157c   0x00000158   Code   RO          375    .text               rgb_drv.o
    0x080016d4   0x080016d4   0x000001fc   Code   RO          392    .text               pal_button.o
    0x080018d0   0x080018d0   0x000009b4   Code   RO          411    .text               pal_rgb.o
    0x08002284   0x08002284   0x00000104   Code   RO          497    .text               bsp_key.o
    0x08002388   0x08002388   0x0000027c   Code   RO          536    .text               bsp_usart2.o
    0x08002604   0x08002604   0x00000030   Code   RO          562    .text               bsp_led.o
    0x08002634   0x08002634   0x000001a0   Code   RO          574    .text               malloc.o
    0x080027d4   0x080027d4   0x000000dc   Code   RO          594    .text               misc.o
    0x080028b0   0x080028b0   0x00000254   Code   RO          618    .text               stm32f10x_dma.o
    0x08002b04   0x08002b04   0x0000035c   Code   RO          630    .text               stm32f10x_gpio.o
    0x08002e60   0x08002e60   0x000003a4   Code   RO          642    .text               stm32f10x_rcc.o
    0x08003204   0x08003204   0x00000e1a   Code   RO          656    .text               stm32f10x_tim.o
    0x0800401e   0x0800401e   0x00000002   PAD
    0x08004020   0x08004020   0x00000408   Code   RO          668    .text               stm32f10x_usart.o
    0x08004428   0x08004428   0x00000002   Code   RO          682    .text               c_w.l(use_no_semi_2.o)
    0x0800442a   0x0800442a   0x00000002   PAD
    0x0800442c   0x0800442c   0x00000024   Code   RO          684    .text               c_w.l(c89vsprintf.o)
    0x08004450   0x08004450   0x00000018   Code   RO          686    .text               c_w.l(__2printf.o)
    0x08004468   0x08004468   0x0000002c   Code   RO          688    .text               c_w.l(__2sprintf.o)
    0x08004494   0x08004494   0x00000052   Code   RO          696    .text               c_w.l(_printf_str.o)
    0x080044e6   0x080044e6   0x00000002   PAD
    0x080044e8   0x080044e8   0x00000078   Code   RO          698    .text               c_w.l(_printf_dec.o)
    0x08004560   0x08004560   0x00000188   Code   RO          717    .text               c_w.l(__printf_flags_ss_wp.o)
    0x080046e8   0x080046e8   0x00000024   Code   RO          723    .text               c_w.l(strstr.o)
    0x0800470c   0x0800470c   0x0000003e   Code   RO          725    .text               c_w.l(strlen.o)
    0x0800474a   0x0800474a   0x0000004e   Code   RO          727    .text               c_w.l(rt_memclr_w.o)
    0x08004798   0x08004798   0x00000080   Code   RO          729    .text               c_w.l(strcmpv7m.o)
    0x08004818   0x08004818   0x00000006   Code   RO          731    .text               c_w.l(heapauxi.o)
    0x0800481e   0x0800481e   0x00000002   Code   RO          783    .text               c_w.l(use_no_semi.o)
    0x08004820   0x08004820   0x00000016   Code   RO          786    .text               c_w.l(_rserrno.o)
    0x08004836   0x08004836   0x0000004e   Code   RO          788    .text               c_w.l(_printf_pad.o)
    0x08004884   0x08004884   0x00000024   Code   RO          790    .text               c_w.l(_printf_truncate.o)
    0x080048a8   0x080048a8   0x000000b2   Code   RO          792    .text               c_w.l(_printf_intcommon.o)
    0x0800495a   0x0800495a   0x00000028   Code   RO          794    .text               c_w.l(_printf_charcount.o)
    0x08004982   0x08004982   0x00000002   PAD
    0x08004984   0x08004984   0x00000030   Code   RO          796    .text               c_w.l(_printf_char_common.o)
    0x080049b4   0x080049b4   0x0000000a   Code   RO          798    .text               c_w.l(_sputc.o)
    0x080049be   0x080049be   0x0000002c   Code   RO          800    .text               c_w.l(_printf_char.o)
    0x080049ea   0x080049ea   0x00000002   PAD
    0x080049ec   0x080049ec   0x00000024   Code   RO          802    .text               c_w.l(_printf_char_file.o)
    0x08004a10   0x08004a10   0x000000bc   Code   RO          804    .text               c_w.l(_printf_wctomb.o)
    0x08004acc   0x08004acc   0x0000007c   Code   RO          807    .text               c_w.l(_printf_longlong_dec.o)
    0x08004b48   0x08004b48   0x00000070   Code   RO          813    .text               c_w.l(_printf_oct_int_ll.o)
    0x08004bb8   0x08004bb8   0x00000094   Code   RO          833    .text               c_w.l(_printf_hex_int_ll_ptr.o)
    0x08004c4c   0x08004c4c   0x00000008   Code   RO          918    .text               c_w.l(rt_errno_addr_intlibspace.o)
    0x08004c54   0x08004c54   0x0000008a   Code   RO          920    .text               c_w.l(lludiv10.o)
    0x08004cde   0x08004cde   0x0000041e   Code   RO          922    .text               c_w.l(_printf_fp_dec.o)
    0x080050fc   0x080050fc   0x0000002c   Code   RO          926    .text               c_w.l(_printf_wchar.o)
    0x08005128   0x08005128   0x00000008   Code   RO          928    .text               c_w.l(ferror.o)
    0x08005130   0x08005130   0x00000040   Code   RO          932    .text               c_w.l(_wcrtomb.o)
    0x08005170   0x08005170   0x00000008   Code   RO          944    .text               c_w.l(libspace.o)
    0x08005178   0x08005178   0x0000004a   Code   RO          947    .text               c_w.l(sys_stackheap_outer.o)
    0x080051c2   0x080051c2   0x00000002   PAD
    0x080051c4   0x080051c4   0x00000010   Code   RO          949    .text               c_w.l(rt_ctype_table.o)
    0x080051d4   0x080051d4   0x00000008   Code   RO          954    .text               c_w.l(rt_locale_intlibspace.o)
    0x080051dc   0x080051dc   0x00000080   Code   RO          956    .text               c_w.l(_printf_fp_infnan.o)
    0x0800525c   0x0800525c   0x000000e4   Code   RO          958    .text               c_w.l(bigflt0.o)
    0x08005340   0x08005340   0x00000012   Code   RO          986    .text               c_w.l(exit.o)
    0x08005352   0x08005352   0x0000003e   Code   RO          961    CL$$btod_d2e        c_w.l(btod.o)
    0x08005390   0x08005390   0x00000046   Code   RO          963    CL$$btod_d2e_denorm_low  c_w.l(btod.o)
    0x080053d6   0x080053d6   0x00000060   Code   RO          962    CL$$btod_d2e_norm_op1  c_w.l(btod.o)
    0x08005436   0x08005436   0x00000338   Code   RO          971    CL$$btod_div_common  c_w.l(btod.o)
    0x0800576e   0x0800576e   0x000000dc   Code   RO          968    CL$$btod_e2e        c_w.l(btod.o)
    0x0800584a   0x0800584a   0x0000002a   Code   RO          965    CL$$btod_ediv       c_w.l(btod.o)
    0x08005874   0x08005874   0x0000002a   Code   RO          964    CL$$btod_emul       c_w.l(btod.o)
    0x0800589e   0x0800589e   0x00000244   Code   RO          970    CL$$btod_mult_common  c_w.l(btod.o)
    0x08005ae2   0x08005ae2   0x00000028   Code   RO          940    i.__ARM_fpclassify  m_ws.l(fpclassify.o)
    0x08005b0a   0x08005b0a   0x00000002   PAD
    0x08005b0c   0x08005b0c   0x00000388   Code   RO          889    i.__ieee754_rem_pio2  m_ws.l(rred.o)
    0x08005e94   0x08005e94   0x000000fc   Code   RO          872    i.__kernel_cos      m_ws.l(cos_i.o)
    0x08005f90   0x08005f90   0x000000aa   Code   RO          942    i.__kernel_poly     m_ws.l(poly.o)
    0x0800603a   0x0800603a   0x00000002   PAD
    0x0800603c   0x0800603c   0x000000ec   Code   RO          894    i.__kernel_sin      m_ws.l(sin_i.o)
    0x08006128   0x08006128   0x00000006   Code   RO          876    i.__mathlib_dbl_infnan  m_ws.l(dunder.o)
    0x0800612e   0x0800612e   0x0000000c   Code   RO          878    i.__mathlib_dbl_invalid  m_ws.l(dunder.o)
    0x0800613a   0x0800613a   0x00000002   PAD
    0x0800613c   0x0800613c   0x00000010   Code   RO          881    i.__mathlib_dbl_underflow  m_ws.l(dunder.o)
    0x0800614c   0x0800614c   0x0000000e   Code   RO          710    i._is_digit         c_w.l(__printf_wp.o)
    0x0800615a   0x0800615a   0x00000002   PAD
    0x0800615c   0x0800615c   0x000000dc   Code   RO          772    i.floor             m_ws.l(floor.o)
    0x08006238   0x08006238   0x000000a0   Code   RO          776    i.sin               m_ws.l(sin.o)
    0x080062d8   0x080062d8   0x0000002c   Code   RO          984    locale$$code        c_w.l(lc_numeric_c.o)
    0x08006304   0x08006304   0x0000002c   Code   RO         1001    locale$$code        c_w.l(lc_ctype_c.o)
    0x08006330   0x08006330   0x00000062   Code   RO          735    x$fpl$d2f           fz_ws.l(d2f.o)
    0x08006392   0x08006392   0x00000002   PAD
    0x08006394   0x08006394   0x00000150   Code   RO          737    x$fpl$dadd          fz_ws.l(daddsub_clz.o)
    0x080064e4   0x080064e4   0x00000010   Code   RO          994    x$fpl$dcheck1       fz_ws.l(dcheck1.o)
    0x080064f4   0x080064f4   0x00000018   Code   RO          857    x$fpl$dcmpinf       fz_ws.l(dcmpi.o)
    0x0800650c   0x0800650c   0x000002b0   Code   RO          744    x$fpl$ddiv          fz_ws.l(ddiv.o)
    0x080067bc   0x080067bc   0x0000005e   Code   RO          934    x$fpl$dfix          fz_ws.l(dfix.o)
    0x0800681a   0x0800681a   0x0000002e   Code   RO          748    x$fpl$dflt          fz_ws.l(dflt_clz.o)
    0x08006848   0x08006848   0x00000026   Code   RO          747    x$fpl$dfltu         fz_ws.l(dflt_clz.o)
    0x0800686e   0x0800686e   0x00000002   PAD
    0x08006870   0x08006870   0x00000078   Code   RO          753    x$fpl$dleqf         fz_ws.l(dleqf.o)
    0x080068e8   0x080068e8   0x00000154   Code   RO          755    x$fpl$dmul          fz_ws.l(dmul.o)
    0x08006a3c   0x08006a3c   0x0000009c   Code   RO          859    x$fpl$dnaninf       fz_ws.l(dnaninf.o)
    0x08006ad8   0x08006ad8   0x0000000c   Code   RO          861    x$fpl$dretinf       fz_ws.l(dretinf.o)
    0x08006ae4   0x08006ae4   0x0000006c   Code   RO          863    x$fpl$drleqf        fz_ws.l(drleqf.o)
    0x08006b50   0x08006b50   0x00000016   Code   RO          738    x$fpl$drsb          fz_ws.l(daddsub_clz.o)
    0x08006b66   0x08006b66   0x00000002   PAD
    0x08006b68   0x08006b68   0x000001d4   Code   RO          739    x$fpl$dsub          fz_ws.l(daddsub_clz.o)
    0x08006d3c   0x08006d3c   0x00000056   Code   RO          757    x$fpl$f2d           fz_ws.l(f2d.o)
    0x08006d92   0x08006d92   0x00000002   PAD
    0x08006d94   0x08006d94   0x0000003e   Code   RO          759    x$fpl$ffixu         fz_ws.l(ffixu.o)
    0x08006dd2   0x08006dd2   0x00000002   PAD
    0x08006dd4   0x08006dd4   0x00000026   Code   RO          763    x$fpl$ffltu         fz_ws.l(fflt_clz.o)
    0x08006dfa   0x08006dfa   0x00000002   PAD
    0x08006dfc   0x08006dfc   0x00000102   Code   RO          769    x$fpl$fmul          fz_ws.l(fmul.o)
    0x08006efe   0x08006efe   0x0000008c   Code   RO          865    x$fpl$fnaninf       fz_ws.l(fnaninf.o)
    0x08006f8a   0x08006f8a   0x0000000a   Code   RO          867    x$fpl$fretinf       fz_ws.l(fretinf.o)
    0x08006f94   0x08006f94   0x00000004   Code   RO          869    x$fpl$printf1       fz_ws.l(printf1.o)
    0x08006f98   0x08006f98   0x00000064   Code   RO         1048    x$fpl$retnan        fz_ws.l(retnan.o)
    0x08006ffc   0x08006ffc   0x0000005c   Code   RO          938    x$fpl$scalbn        fz_ws.l(scalbn.o)
    0x08007058   0x08007058   0x00000030   Code   RO         1061    x$fpl$trapveneer    fz_ws.l(trapv.o)
    0x08007088   0x08007088   0x00000000   Code   RO          871    x$fpl$usenofp       fz_ws.l(usenofp.o)
    0x08007088   0x08007088   0x00000011   Data   RO          718    .constdata          c_w.l(__printf_flags_ss_wp.o)
    0x08007099   0x08007099   0x00000003   PAD
    0x0800709c   0x0800709c   0x00000008   Data   RO          805    .constdata          c_w.l(_printf_wctomb.o)
    0x080070a4   0x080070a4   0x00000028   Data   RO          834    .constdata          c_w.l(_printf_hex_int_ll_ptr.o)
    0x080070cc   0x080070cc   0x00000004   PAD
    0x080070d0   0x080070d0   0x00000030   Data   RO          873    .constdata          m_ws.l(cos_i.o)
    0x08007100   0x08007100   0x000000c8   Data   RO          891    .constdata          m_ws.l(rred.o)
    0x080071c8   0x080071c8   0x00000028   Data   RO          895    .constdata          m_ws.l(sin_i.o)
    0x080071f0   0x080071f0   0x00000094   Data   RO          959    .constdata          c_w.l(bigflt0.o)
    0x08007284   0x08007284   0x000000c2   Data   RO          290    .conststring        common.o
    0x08007346   0x08007346   0x00000002   PAD
    0x08007348   0x08007348   0x00000020   Data   RO         1125    Region$$Table       anon$$obj.o
    0x08007368   0x08007368   0x0000001c   Data   RO          983    locale$$data        c_w.l(lc_numeric_c.o)
    0x08007384   0x08007384   0x00000110   Data   RO         1000    locale$$data        c_w.l(lc_ctype_c.o)


    Execution Region RW_IRAM1 (Exec base: 0x20000000, Load base: 0x08007494, Size: 0x0000a650, Max: 0x0000c000, ABSOLUTE)

    Exec Addr    Load Addr    Size         Type   Attr      Idx    E Section Name        Object

    0x20000000   0x08007494   0x00000004   Data   RW           25    .data               delay.o
    0x20000004   0x08007498   0x00000006   Data   RW          148    .data               usart.o
    0x2000000a   0x0800749e   0x00000002   PAD
    0x2000000c   0x080074a0   0x00000014   Data   RW          272    .data               system_stm32f10x.o
    0x20000020   0x080074b4   0x00000048   Data   RW          291    .data               common.o
    0x20000068   0x080074fc   0x00000001   Data   RW          322    .data               wifista.o
    0x20000069   0x080074fd   0x00000003   PAD
    0x2000006c   0x08007500   0x00000004   Data   RW          344    .data               button_drv.o
    0x20000070   0x08007504   0x00000004   Data   RW          376    .data               rgb_drv.o
    0x20000074   0x08007508   0x00000020   Data   RW          413    .data               pal_rgb.o
    0x20000094   0x08007528   0x00000008   Data   RW          498    .data               bsp_key.o
    0x2000009c   0x08007530   0x00000002   Data   RW          538    .data               bsp_usart2.o
    0x2000009e   0x08007532   0x00000002   PAD
    0x200000a0   0x08007534   0x00000014   Data   RW          577    .data               malloc.o
    0x200000b4   0x08007548   0x00000014   Data   RW          643    .data               stm32f10x_rcc.o
    0x200000c8        -       0x000000c8   Zero   RW          147    .bss                usart.o
    0x20000190        -       0x00000050   Zero   RW          393    .bss                pal_button.o
    0x200001e0        -       0x00000150   Zero   RW          412    .bss                pal_rgb.o
    0x20000330        -       0x00000800   Zero   RW          537    .bss                bsp_usart2.o
    0x20000b30        -       0x000094c0   Zero   RW          575    .bss                malloc.o
    0x20009ff0        -       0x00000060   Zero   RW          945    .bss                c_w.l(libspace.o)
    0x2000a050        -       0x00000200   Zero   RW           18    HEAP                startup_stm32f10x_hd.o
    0x2000a250        -       0x00000400   Zero   RW           17    STACK               startup_stm32f10x_hd.o


==============================================================================

Image component sizes


      Code (inc. data)   RO Data    RW Data    ZI Data      Debug   Object Name

       260         26          0          8          0       1460   bsp_key.o
        48          4          0          0          0        431   bsp_led.o
       636         30          0          2       2048       3565   bsp_usart2.o
       808         12          0          4          0       4216   button_drv.o
      2192        776        194         72          0       5326   common.o
         0          0          0          0          0       4556   core_cm3.o
       212         18          0          4          0     258803   delay.o
        72          6          0          0          0       1835   main.o
       416          6          0         20      38080       3801   malloc.o
       220         22          0          0          0       1721   misc.o
       508         54          0          0         80       1573   pal_button.o
      2484        126          0         32        336       9307   pal_rgb.o
       344         14          0          4          0       2509   rgb_drv.o
        64         26        304          0       1536        760   startup_stm32f10x_hd.o
       596          8          0          0          0       4282   stm32f10x_dma.o
       860         38          0          0          0       5653   stm32f10x_gpio.o
        26          0          0          0          0       1138   stm32f10x_it.o
       932         36          0         20          0       8788   stm32f10x_rcc.o
      3610         88          0          0          0      22760   stm32f10x_tim.o
      1032         22          0          0          0       8376   stm32f10x_usart.o
       480         38          0         20          0       1619   system_stm32f10x.o
       320         18          0          6        200       3026   usart.o
       692        372          0          1          0       1169   wifista.o

    ----------------------------------------------------------------------
     16816       1740        532        200      42280     356674   Object Totals
         0          0         32          0          0          0   (incl. Generated)
         4          0          2          7          0          0   (incl. Padding)

    ----------------------------------------------------------------------

      Code (inc. data)   RO Data    RW Data    ZI Data      Debug   Library Member Name

        24          4          0          0          0         84   __2printf.o
        44          6          0          0          0         84   __2sprintf.o
         8          0          0          0          0         68   __main.o
       392          4         17          0          0         92   __printf_flags_ss_wp.o
        14          0          0          0          0         68   __printf_wp.o
         0          0          0          0          0          0   __rtentry.o
        12          0          0          0          0          0   __rtentry2.o
         6          0          0          0          0          0   __rtentry4.o
        52          8          0          0          0          0   __scatter.o
        26          0          0          0          0          0   __scatter_copy.o
        28          0          0          0          0          0   __scatter_zi.o
         6          0          0          0          0          0   _printf_a.o
         6          0          0          0          0          0   _printf_c.o
        44          0          0          0          0        108   _printf_char.o
        48          6          0          0          0         96   _printf_char_common.o
        36          4          0          0          0         80   _printf_char_file.o
        40          0          0          0          0         68   _printf_charcount.o
         6          0          0          0          0          0   _printf_d.o
       120         16          0          0          0         92   _printf_dec.o
         6          0          0          0          0          0   _printf_e.o
         6          0          0          0          0          0   _printf_f.o
      1054          0          0          0          0        216   _printf_fp_dec.o
       128         16          0          0          0         84   _printf_fp_infnan.o
         6          0          0          0          0          0   _printf_g.o
       148          4         40          0          0        160   _printf_hex_int_ll_ptr.o
         6          0          0          0          0          0   _printf_i.o
       178          0          0          0          0         88   _printf_intcommon.o
        10          0          0          0          0          0   _printf_l.o
         6          0          0          0          0          0   _printf_lc.o
        10          0          0          0          0          0   _printf_ll.o
         6          0          0          0          0          0   _printf_lld.o
         6          0          0          0          0          0   _printf_lli.o
         6          0          0          0          0          0   _printf_llo.o
         6          0          0          0          0          0   _printf_llu.o
         6          0          0          0          0          0   _printf_llx.o
       124         16          0          0          0         92   _printf_longlong_dec.o
         6          0          0          0          0          0   _printf_ls.o
         6          0          0          0          0          0   _printf_n.o
         6          0          0          0          0          0   _printf_o.o
       112         10          0          0          0        124   _printf_oct_int_ll.o
         6          0          0          0          0          0   _printf_p.o
        78          0          0          0          0        108   _printf_pad.o
         0          0          0          0          0          0   _printf_percent.o
         4          0          0          0          0          0   _printf_percent_end.o
         6          0          0          0          0          0   _printf_s.o
        82          0          0          0          0         80   _printf_str.o
        36          0          0          0          0         84   _printf_truncate.o
         6          0          0          0          0          0   _printf_u.o
        44          0          0          0          0        108   _printf_wchar.o
       188          6          8          0          0         92   _printf_wctomb.o
         6          0          0          0          0          0   _printf_x.o
        22          0          0          0          0        100   _rserrno.o
        10          0          0          0          0         68   _sputc.o
        64          0          0          0          0         92   _wcrtomb.o
       228          4        148          0          0         96   bigflt0.o
      1936        128          0          0          0        672   btod.o
        36          4          0          0          0         76   c89vsprintf.o
        18          0          0          0          0         80   exit.o
         8          0          0          0          0         68   ferror.o
         6          0          0          0          0        152   heapauxi.o
        44         10        272          0          0         76   lc_ctype_c.o
        44         10         28          0          0         76   lc_numeric_c.o
         2          0          0          0          0          0   libinit.o
        30          0          0          0          0          0   libinit2.o
         2          0          0          0          0          0   libshutdown.o
         2          0          0          0          0          0   libshutdown2.o
         8          4          0          0         96         68   libspace.o
       138          0          0          0          0         80   lludiv10.o
        16          4          0          0          0         76   rt_ctype_table.o
         8          4          0          0          0         68   rt_errno_addr_intlibspace.o
         8          4          0          0          0         68   rt_locale_intlibspace.o
        78          0          0          0          0         80   rt_memclr_w.o
         2          0          0          0          0          0   rtexit.o
        10          0          0          0          0          0   rtexit2.o
       128          0          0          0          0         68   strcmpv7m.o
        62          0          0          0          0         76   strlen.o
        36          0          0          0          0         80   strstr.o
        74          0          0          0          0         80   sys_stackheap_outer.o
         2          0          0          0          0         68   use_no_semi.o
         2          0          0          0          0         68   use_no_semi_2.o
        98          4          0          0          0         92   d2f.o
       826         16          0          0          0        348   daddsub_clz.o
        16          4          0          0          0         68   dcheck1.o
        24          0          0          0          0         68   dcmpi.o
       688        140          0          0          0        208   ddiv.o
        94          4          0          0          0         92   dfix.o
        84          0          0          0          0        136   dflt_clz.o
       120          4          0          0          0         92   dleqf.o
       340         12          0          0          0        104   dmul.o
       156          4          0          0          0         92   dnaninf.o
        12          0          0          0          0         68   dretinf.o
       108          0          0          0          0         80   drleqf.o
        86          4          0          0          0         84   f2d.o
        62          4          0          0          0         84   ffixu.o
        38          0          0          0          0         68   fflt_clz.o
       258          4          0          0          0         84   fmul.o
       140          4          0          0          0         84   fnaninf.o
        10          0          0          0          0         68   fretinf.o
         4          0          0          0          0         68   printf1.o
       100          0          0          0          0         68   retnan.o
        92          0          0          0          0         68   scalbn.o
        48          0          0          0          0         68   trapv.o
         0          0          0          0          0          0   usenofp.o
       252         22         48          0          0        124   cos_i.o
        34          6          0          0          0        204   dunder.o
       220         16          0          0          0         84   floor.o
        40          0          0          0          0         68   fpclassify.o
       170          0          0          0          0         96   poly.o
       904         76        200          0          0        140   rred.o
       160         10          0          0          0        108   sin.o
       236         12         40          0          0        128   sin_i.o

    ----------------------------------------------------------------------
     11688        618        808          0         96       7656   Library Totals
        34          0          7          0          0          0   (incl. Padding)

    ----------------------------------------------------------------------

      Code (inc. data)   RO Data    RW Data    ZI Data      Debug   Library Name

      6234        272        513          0         96       4512   c_w.l
      3404        204          0          0          0       2192   fz_ws.l
      2016        142        288          0          0        952   m_ws.l

    ----------------------------------------------------------------------
     11688        618        808          0         96       7656   Library Totals

    ----------------------------------------------------------------------

==============================================================================


      Code (inc. data)   RO Data    RW Data    ZI Data      Debug   

     28504       2358       1340        200      42376     358294   Grand Totals
     28504       2358       1340        200      42376     358294   ELF Image Totals
     28504       2358       1340        200          0          0   ROM Totals

==============================================================================

    Total RO  Size (Code + RO Data)                29844 (  29.14kB)
    Total RW  Size (RW Data + ZI Data)             42576 (  41.58kB)
    Total ROM Size (Code + RO Data + RW Data)      30044 (  29.34kB)

==============================================================================

