<!doctype html public "-//w3c//dtd html 4.0 transitional//en">
<html><head>
<title>Static Call Graph - [.\User\Objects\RJS32K116_CAN_HSI24M.axf]</title></head>
<body><HR>
<H1>Static Call Graph for image .\User\Objects\RJS32K116_CAN_HSI24M.axf</H1><HR>
<BR><P>#&#060CALLGRAPH&#062# ARM Linker, 5060960: Last Updated: Wed Nov 01 15:41:29 2023
<BR><P>
<H3>Maximum Stack Usage =         36 bytes + Unknown(Cycles, Untraceable Function Pointers)</H3><H3>
Call chain for Maximum Stack Depth:</H3>
main &rArr; LIN_Init &rArr; __aeabi_uidivmod
<P>
<H3>
Mutually Recursive functions
</H3> <LI><a href="#[1]">NMI_Handler</a>&nbsp;&nbsp;&nbsp;&rArr;&nbsp;&nbsp;&nbsp;<a href="#[1]">NMI_Handler</a><BR>
 <LI><a href="#[2]">HardFault_Handler</a>&nbsp;&nbsp;&nbsp;&rArr;&nbsp;&nbsp;&nbsp;<a href="#[2]">HardFault_Handler</a><BR>
 <LI><a href="#[3]">SVC_Handler</a>&nbsp;&nbsp;&nbsp;&rArr;&nbsp;&nbsp;&nbsp;<a href="#[3]">SVC_Handler</a><BR>
 <LI><a href="#[4]">PendSV_Handler</a>&nbsp;&nbsp;&nbsp;&rArr;&nbsp;&nbsp;&nbsp;<a href="#[4]">PendSV_Handler</a><BR>
</UL>
<P>
<H3>
Function Pointers
</H3><UL>
 <LI><a href="#[1d]">ADC_IRQHandler</a> from rjs32k116_it.o(i.ADC_IRQHandler) referenced from startup_rjs32k116.o(RESET)
 <LI><a href="#[20]">CAN_IRQHandler</a> from rjs32k116_it.o(i.CAN_IRQHandler) referenced from startup_rjs32k116.o(RESET)
 <LI><a href="#[1e]">CLKCHK_IRQHandler</a> from rjs32k116_it.o(i.CLKCHK_IRQHandler) referenced from startup_rjs32k116.o(RESET)
 <LI><a href="#[1f]">COMP1COMP2_IRQHandler</a> from rjs32k116_it.o(i.COMP1COMP2_IRQHandler) referenced from startup_rjs32k116.o(RESET)
 <LI><a href="#[22]">DMA_IRQHandler</a> from rjs32k116_it.o(i.DMA_IRQHandler) referenced from startup_rjs32k116.o(RESET)
 <LI><a href="#[12]">GPIOA_IRQHandler</a> from rjs32k116_it.o(i.GPIOA_IRQHandler) referenced from startup_rjs32k116.o(RESET)
 <LI><a href="#[13]">GPIOB_IRQHandler</a> from rjs32k116_it.o(i.GPIOB_IRQHandler) referenced from startup_rjs32k116.o(RESET)
 <LI><a href="#[14]">GPIOC_IRQHandler</a> from rjs32k116_it.o(i.GPIOC_IRQHandler) referenced from startup_rjs32k116.o(RESET)
 <LI><a href="#[15]">GPIOH_IRQHandler</a> from rjs32k116_it.o(i.GPIOH_IRQHandler) referenced from startup_rjs32k116.o(RESET)
 <LI><a href="#[2]">HardFault_Handler</a> from startup_rjs32k116.o(.text) referenced from startup_rjs32k116.o(RESET)
 <LI><a href="#[8]">I2C0_IRQHandler</a> from rjs32k116_it.o(i.I2C0_IRQHandler) referenced from startup_rjs32k116.o(RESET)
 <LI><a href="#[9]">I2C1_IRQHandler</a> from rjs32k116_it.o(i.I2C1_IRQHandler) referenced from startup_rjs32k116.o(RESET)
 <LI><a href="#[7]">IWDG_IRQHandler</a> from rjs32k116_it.o(i.IWDG_IRQHandler) referenced from startup_rjs32k116.o(RESET)
 <LI><a href="#[1b]">LPTIMER_IRQHandler</a> from rjs32k116_it.o(i.LPTIMER_IRQHandler) referenced from startup_rjs32k116.o(RESET)
 <LI><a href="#[10]">LPUART_IRQHandler</a> from rjs32k116_it.o(i.LPUART_IRQHandler) referenced from startup_rjs32k116.o(RESET)
 <LI><a href="#[1]">NMI_Handler</a> from startup_rjs32k116.o(.text) referenced from startup_rjs32k116.o(RESET)
 <LI><a href="#[6]">PVD_IRQHandler</a> from rjs32k116_it.o(i.PVD_IRQHandler) referenced from startup_rjs32k116.o(RESET)
 <LI><a href="#[4]">PendSV_Handler</a> from startup_rjs32k116.o(.text) referenced from startup_rjs32k116.o(RESET)
 <LI><a href="#[11]">RTC_IRQHandler</a> from rjs32k116_it.o(i.RTC_IRQHandler) referenced from startup_rjs32k116.o(RESET)
 <LI><a href="#[0]">Reset_Handler</a> from startup_rjs32k116.o(.text) referenced from startup_rjs32k116.o(RESET)
 <LI><a href="#[a]">SPI0_IRQHandler</a> from rjs32k116_it.o(i.SPI0_IRQHandler) referenced from startup_rjs32k116.o(RESET)
 <LI><a href="#[b]">SPI1_IRQHandler</a> from rjs32k116_it.o(i.SPI1_IRQHandler) referenced from startup_rjs32k116.o(RESET)
 <LI><a href="#[21]">SRAM_ERROR_IRQHandler</a> from rjs32k116_it.o(i.SRAM_ERROR_IRQHandler) referenced from startup_rjs32k116.o(RESET)
 <LI><a href="#[3]">SVC_Handler</a> from startup_rjs32k116.o(.text) referenced from startup_rjs32k116.o(RESET)
 <LI><a href="#[5]">SysTick_Handler</a> from rjs32k116_it.o(i.SysTick_Handler) referenced from startup_rjs32k116.o(RESET)
 <LI><a href="#[16]">TIMER0_IRQHandler</a> from rjs32k116_it.o(i.TIMER0_IRQHandler) referenced from startup_rjs32k116.o(RESET)
 <LI><a href="#[17]">TIMER1_IRQHandler</a> from rjs32k116_it.o(i.TIMER1_IRQHandler) referenced from startup_rjs32k116.o(RESET)
 <LI><a href="#[18]">TIMER2_IRQHandler</a> from rjs32k116_it.o(i.TIMER2_IRQHandler) referenced from startup_rjs32k116.o(RESET)
 <LI><a href="#[19]">TIMER3_IRQHandler</a> from rjs32k116_it.o(i.TIMER3_IRQHandler) referenced from startup_rjs32k116.o(RESET)
 <LI><a href="#[1a]">TIMER4_IRQHandler</a> from rjs32k116_it.o(i.TIMER4_IRQHandler) referenced from startup_rjs32k116.o(RESET)
 <LI><a href="#[c]">UART0_IRQHandler</a> from rjs32k116_it.o(i.UART0_IRQHandler) referenced from startup_rjs32k116.o(RESET)
 <LI><a href="#[d]">UART1_IRQHandler</a> from rjs32k116_it.o(i.UART1_IRQHandler) referenced from startup_rjs32k116.o(RESET)
 <LI><a href="#[e]">UART2_IRQHandler</a> from rjs32k116_it.o(i.UART2_IRQHandler) referenced from startup_rjs32k116.o(RESET)
 <LI><a href="#[f]">UART3_IRQHandler</a> from rjs32k116_it.o(i.UART3_IRQHandler) referenced from startup_rjs32k116.o(RESET)
 <LI><a href="#[1c]">WDG_IRQHandler</a> from rjs32k116_it.o(i.WDG_IRQHandler) referenced from startup_rjs32k116.o(RESET)
 <LI><a href="#[24]">__main</a> from entry.o(.ARM.Collect$$$$00000000) referenced from startup_rjs32k116.o(.text)
 <LI><a href="#[23]">main</a> from main.o(i.main) referenced from entry9a.o(.ARM.Collect$$$$0000000B)
</UL>
<P>
<H3>
Global Symbols
</H3>
<P><STRONG><a name="[24]"></a>__main</STRONG> (Thumb, 0 bytes, Stack size unknown bytes, entry.o(.ARM.Collect$$$$00000000))
<BR>[Address Reference Count : 1]<UL><LI> startup_rjs32k116.o(.text)
</UL>
<P><STRONG><a name="[31]"></a>_main_stk</STRONG> (Thumb, 0 bytes, Stack size unknown bytes, entry2.o(.ARM.Collect$$$$00000001))

<P><STRONG><a name="[25]"></a>_main_scatterload</STRONG> (Thumb, 0 bytes, Stack size unknown bytes, entry5.o(.ARM.Collect$$$$00000004))
<BR><BR>[Calls]<UL><LI><a href="#[26]">&gt;&gt;</a>&nbsp;&nbsp;&nbsp;__scatterload
</UL>

<P><STRONG><a name="[29]"></a>__main_after_scatterload</STRONG> (Thumb, 0 bytes, Stack size unknown bytes, entry5.o(.ARM.Collect$$$$00000004))
<BR><BR>[Called By]<UL><LI><a href="#[26]">&gt;&gt;</a>&nbsp;&nbsp;&nbsp;__scatterload
</UL>

<P><STRONG><a name="[32]"></a>_main_clock</STRONG> (Thumb, 0 bytes, Stack size unknown bytes, entry7b.o(.ARM.Collect$$$$00000008))

<P><STRONG><a name="[33]"></a>_main_cpp_init</STRONG> (Thumb, 0 bytes, Stack size unknown bytes, entry8b.o(.ARM.Collect$$$$0000000A))

<P><STRONG><a name="[34]"></a>_main_init</STRONG> (Thumb, 0 bytes, Stack size unknown bytes, entry9a.o(.ARM.Collect$$$$0000000B))

<P><STRONG><a name="[27]"></a>__rt_lib_shutdown_fini</STRONG> (Thumb, 0 bytes, Stack size unknown bytes, entry12b.o(.ARM.Collect$$$$0000000E))
<BR><BR>[Calls]<UL><LI><a href="#[28]">&gt;&gt;</a>&nbsp;&nbsp;&nbsp;__arm_fini_ (Weak Reference)
</UL>

<P><STRONG><a name="[35]"></a>__rt_final_cpp</STRONG> (Thumb, 0 bytes, Stack size unknown bytes, entry10a.o(.ARM.Collect$$$$0000000F))

<P><STRONG><a name="[36]"></a>__rt_final_exit</STRONG> (Thumb, 0 bytes, Stack size unknown bytes, entry11a.o(.ARM.Collect$$$$00000011))

<P><STRONG><a name="[0]"></a>Reset_Handler</STRONG> (Thumb, 4 bytes, Stack size 0 bytes, startup_rjs32k116.o(.text))
<BR>[Address Reference Count : 1]<UL><LI> startup_rjs32k116.o(RESET)
</UL>
<P><STRONG><a name="[1]"></a>NMI_Handler</STRONG> (Thumb, 2 bytes, Stack size 0 bytes, startup_rjs32k116.o(.text))
<BR><BR>[Calls]<UL><LI><a href="#[1]">&gt;&gt;</a>&nbsp;&nbsp;&nbsp;NMI_Handler
</UL>
<BR>[Called By]<UL><LI><a href="#[1]">&gt;&gt;</a>&nbsp;&nbsp;&nbsp;NMI_Handler
</UL>
<BR>[Address Reference Count : 1]<UL><LI> startup_rjs32k116.o(RESET)
</UL>
<P><STRONG><a name="[2]"></a>HardFault_Handler</STRONG> (Thumb, 2 bytes, Stack size 0 bytes, startup_rjs32k116.o(.text))
<BR><BR>[Calls]<UL><LI><a href="#[2]">&gt;&gt;</a>&nbsp;&nbsp;&nbsp;HardFault_Handler
</UL>
<BR>[Called By]<UL><LI><a href="#[2]">&gt;&gt;</a>&nbsp;&nbsp;&nbsp;HardFault_Handler
</UL>
<BR>[Address Reference Count : 1]<UL><LI> startup_rjs32k116.o(RESET)
</UL>
<P><STRONG><a name="[3]"></a>SVC_Handler</STRONG> (Thumb, 2 bytes, Stack size 0 bytes, startup_rjs32k116.o(.text))
<BR><BR>[Calls]<UL><LI><a href="#[3]">&gt;&gt;</a>&nbsp;&nbsp;&nbsp;SVC_Handler
</UL>
<BR>[Called By]<UL><LI><a href="#[3]">&gt;&gt;</a>&nbsp;&nbsp;&nbsp;SVC_Handler
</UL>
<BR>[Address Reference Count : 1]<UL><LI> startup_rjs32k116.o(RESET)
</UL>
<P><STRONG><a name="[4]"></a>PendSV_Handler</STRONG> (Thumb, 2 bytes, Stack size 0 bytes, startup_rjs32k116.o(.text))
<BR><BR>[Calls]<UL><LI><a href="#[4]">&gt;&gt;</a>&nbsp;&nbsp;&nbsp;PendSV_Handler
</UL>
<BR>[Called By]<UL><LI><a href="#[4]">&gt;&gt;</a>&nbsp;&nbsp;&nbsp;PendSV_Handler
</UL>
<BR>[Address Reference Count : 1]<UL><LI> startup_rjs32k116.o(RESET)
</UL>
<P><STRONG><a name="[37]"></a>__aeabi_uidiv</STRONG> (Thumb, 0 bytes, Stack size 12 bytes, uidiv.o(.text), UNUSED)

<P><STRONG><a name="[2c]"></a>__aeabi_uidivmod</STRONG> (Thumb, 44 bytes, Stack size 12 bytes, uidiv.o(.text))
<BR><BR>[Stack]<UL><LI>Max Depth = 12<LI>Call Chain = __aeabi_uidivmod
</UL>
<BR>[Called By]<UL><LI><a href="#[2b]">&gt;&gt;</a>&nbsp;&nbsp;&nbsp;LIN_Init
</UL>

<P><STRONG><a name="[26]"></a>__scatterload</STRONG> (Thumb, 28 bytes, Stack size 0 bytes, init.o(.text))
<BR><BR>[Calls]<UL><LI><a href="#[29]">&gt;&gt;</a>&nbsp;&nbsp;&nbsp;__main_after_scatterload
</UL>
<BR>[Called By]<UL><LI><a href="#[25]">&gt;&gt;</a>&nbsp;&nbsp;&nbsp;_main_scatterload
</UL>

<P><STRONG><a name="[38]"></a>__scatterload_rt2</STRONG> (Thumb, 0 bytes, Stack size 0 bytes, init.o(.text), UNUSED)

<P><STRONG><a name="[1d]"></a>ADC_IRQHandler</STRONG> (Thumb, 2 bytes, Stack size 0 bytes, rjs32k116_it.o(i.ADC_IRQHandler))
<BR>[Address Reference Count : 1]<UL><LI> startup_rjs32k116.o(RESET)
</UL>
<P><STRONG><a name="[20]"></a>CAN_IRQHandler</STRONG> (Thumb, 68 bytes, Stack size 8 bytes, rjs32k116_it.o(i.CAN_IRQHandler))
<BR><BR>[Stack]<UL><LI>Max Depth = 8<LI>Call Chain = CAN_IRQHandler
</UL>
<BR>[Calls]<UL><LI><a href="#[2a]">&gt;&gt;</a>&nbsp;&nbsp;&nbsp;CAN_Receive
</UL>
<BR>[Address Reference Count : 1]<UL><LI> startup_rjs32k116.o(RESET)
</UL>
<P><STRONG><a name="[2a]"></a>CAN_Receive</STRONG> (Thumb, 94 bytes, Stack size 0 bytes, can.o(i.CAN_Receive))
<BR><BR>[Called By]<UL><LI><a href="#[20]">&gt;&gt;</a>&nbsp;&nbsp;&nbsp;CAN_IRQHandler
</UL>

<P><STRONG><a name="[1e]"></a>CLKCHK_IRQHandler</STRONG> (Thumb, 2 bytes, Stack size 0 bytes, rjs32k116_it.o(i.CLKCHK_IRQHandler))
<BR>[Address Reference Count : 1]<UL><LI> startup_rjs32k116.o(RESET)
</UL>
<P><STRONG><a name="[1f]"></a>COMP1COMP2_IRQHandler</STRONG> (Thumb, 2 bytes, Stack size 0 bytes, rjs32k116_it.o(i.COMP1COMP2_IRQHandler))
<BR>[Address Reference Count : 1]<UL><LI> startup_rjs32k116.o(RESET)
</UL>
<P><STRONG><a name="[22]"></a>DMA_IRQHandler</STRONG> (Thumb, 2 bytes, Stack size 0 bytes, rjs32k116_it.o(i.DMA_IRQHandler))
<BR>[Address Reference Count : 1]<UL><LI> startup_rjs32k116.o(RESET)
</UL>
<P><STRONG><a name="[30]"></a>Delay_Init</STRONG> (Thumb, 44 bytes, Stack size 0 bytes, delay.o(i.Delay_Init))
<BR><BR>[Called By]<UL><LI><a href="#[23]">&gt;&gt;</a>&nbsp;&nbsp;&nbsp;main
</UL>

<P><STRONG><a name="[12]"></a>GPIOA_IRQHandler</STRONG> (Thumb, 2 bytes, Stack size 0 bytes, rjs32k116_it.o(i.GPIOA_IRQHandler))
<BR>[Address Reference Count : 1]<UL><LI> startup_rjs32k116.o(RESET)
</UL>
<P><STRONG><a name="[13]"></a>GPIOB_IRQHandler</STRONG> (Thumb, 2 bytes, Stack size 0 bytes, rjs32k116_it.o(i.GPIOB_IRQHandler))
<BR>[Address Reference Count : 1]<UL><LI> startup_rjs32k116.o(RESET)
</UL>
<P><STRONG><a name="[14]"></a>GPIOC_IRQHandler</STRONG> (Thumb, 2 bytes, Stack size 0 bytes, rjs32k116_it.o(i.GPIOC_IRQHandler))
<BR>[Address Reference Count : 1]<UL><LI> startup_rjs32k116.o(RESET)
</UL>
<P><STRONG><a name="[15]"></a>GPIOH_IRQHandler</STRONG> (Thumb, 2 bytes, Stack size 0 bytes, rjs32k116_it.o(i.GPIOH_IRQHandler))
<BR>[Address Reference Count : 1]<UL><LI> startup_rjs32k116.o(RESET)
</UL>
<P><STRONG><a name="[8]"></a>I2C0_IRQHandler</STRONG> (Thumb, 2 bytes, Stack size 0 bytes, rjs32k116_it.o(i.I2C0_IRQHandler))
<BR>[Address Reference Count : 1]<UL><LI> startup_rjs32k116.o(RESET)
</UL>
<P><STRONG><a name="[9]"></a>I2C1_IRQHandler</STRONG> (Thumb, 2 bytes, Stack size 0 bytes, rjs32k116_it.o(i.I2C1_IRQHandler))
<BR>[Address Reference Count : 1]<UL><LI> startup_rjs32k116.o(RESET)
</UL>
<P><STRONG><a name="[7]"></a>IWDG_IRQHandler</STRONG> (Thumb, 2 bytes, Stack size 0 bytes, rjs32k116_it.o(i.IWDG_IRQHandler))
<BR>[Address Reference Count : 1]<UL><LI> startup_rjs32k116.o(RESET)
</UL>
<P><STRONG><a name="[2b]"></a>LIN_Init</STRONG> (Thumb, 236 bytes, Stack size 24 bytes, uart.o(i.LIN_Init))
<BR><BR>[Stack]<UL><LI>Max Depth = 36<LI>Call Chain = LIN_Init &rArr; __aeabi_uidivmod
</UL>
<BR>[Calls]<UL><LI><a href="#[2c]">&gt;&gt;</a>&nbsp;&nbsp;&nbsp;__aeabi_uidivmod
</UL>
<BR>[Called By]<UL><LI><a href="#[23]">&gt;&gt;</a>&nbsp;&nbsp;&nbsp;main
</UL>

<P><STRONG><a name="[1b]"></a>LPTIMER_IRQHandler</STRONG> (Thumb, 2 bytes, Stack size 0 bytes, rjs32k116_it.o(i.LPTIMER_IRQHandler))
<BR>[Address Reference Count : 1]<UL><LI> startup_rjs32k116.o(RESET)
</UL>
<P><STRONG><a name="[10]"></a>LPUART_IRQHandler</STRONG> (Thumb, 2 bytes, Stack size 0 bytes, rjs32k116_it.o(i.LPUART_IRQHandler))
<BR>[Address Reference Count : 1]<UL><LI> startup_rjs32k116.o(RESET)
</UL>
<P><STRONG><a name="[2f]"></a>PLL_Init</STRONG> (Thumb, 90 bytes, Stack size 0 bytes, crg.o(i.PLL_Init))
<BR><BR>[Called By]<UL><LI><a href="#[23]">&gt;&gt;</a>&nbsp;&nbsp;&nbsp;main
</UL>

<P><STRONG><a name="[6]"></a>PVD_IRQHandler</STRONG> (Thumb, 2 bytes, Stack size 0 bytes, rjs32k116_it.o(i.PVD_IRQHandler))
<BR>[Address Reference Count : 1]<UL><LI> startup_rjs32k116.o(RESET)
</UL>
<P><STRONG><a name="[11]"></a>RTC_IRQHandler</STRONG> (Thumb, 2 bytes, Stack size 0 bytes, rjs32k116_it.o(i.RTC_IRQHandler))
<BR>[Address Reference Count : 1]<UL><LI> startup_rjs32k116.o(RESET)
</UL>
<P><STRONG><a name="[a]"></a>SPI0_IRQHandler</STRONG> (Thumb, 2 bytes, Stack size 0 bytes, rjs32k116_it.o(i.SPI0_IRQHandler))
<BR>[Address Reference Count : 1]<UL><LI> startup_rjs32k116.o(RESET)
</UL>
<P><STRONG><a name="[b]"></a>SPI1_IRQHandler</STRONG> (Thumb, 2 bytes, Stack size 0 bytes, rjs32k116_it.o(i.SPI1_IRQHandler))
<BR>[Address Reference Count : 1]<UL><LI> startup_rjs32k116.o(RESET)
</UL>
<P><STRONG><a name="[21]"></a>SRAM_ERROR_IRQHandler</STRONG> (Thumb, 2 bytes, Stack size 0 bytes, rjs32k116_it.o(i.SRAM_ERROR_IRQHandler))
<BR>[Address Reference Count : 1]<UL><LI> startup_rjs32k116.o(RESET)
</UL>
<P><STRONG><a name="[5]"></a>SysTick_Handler</STRONG> (Thumb, 2 bytes, Stack size 0 bytes, rjs32k116_it.o(i.SysTick_Handler))
<BR>[Address Reference Count : 1]<UL><LI> startup_rjs32k116.o(RESET)
</UL>
<P><STRONG><a name="[16]"></a>TIMER0_IRQHandler</STRONG> (Thumb, 2 bytes, Stack size 0 bytes, rjs32k116_it.o(i.TIMER0_IRQHandler))
<BR>[Address Reference Count : 1]<UL><LI> startup_rjs32k116.o(RESET)
</UL>
<P><STRONG><a name="[17]"></a>TIMER1_IRQHandler</STRONG> (Thumb, 2 bytes, Stack size 0 bytes, rjs32k116_it.o(i.TIMER1_IRQHandler))
<BR>[Address Reference Count : 1]<UL><LI> startup_rjs32k116.o(RESET)
</UL>
<P><STRONG><a name="[18]"></a>TIMER2_IRQHandler</STRONG> (Thumb, 2 bytes, Stack size 0 bytes, rjs32k116_it.o(i.TIMER2_IRQHandler))
<BR>[Address Reference Count : 1]<UL><LI> startup_rjs32k116.o(RESET)
</UL>
<P><STRONG><a name="[19]"></a>TIMER3_IRQHandler</STRONG> (Thumb, 2 bytes, Stack size 0 bytes, rjs32k116_it.o(i.TIMER3_IRQHandler))
<BR>[Address Reference Count : 1]<UL><LI> startup_rjs32k116.o(RESET)
</UL>
<P><STRONG><a name="[1a]"></a>TIMER4_IRQHandler</STRONG> (Thumb, 2 bytes, Stack size 0 bytes, rjs32k116_it.o(i.TIMER4_IRQHandler))
<BR>[Address Reference Count : 1]<UL><LI> startup_rjs32k116.o(RESET)
</UL>
<P><STRONG><a name="[c]"></a>UART0_IRQHandler</STRONG> (Thumb, 36 bytes, Stack size 0 bytes, rjs32k116_it.o(i.UART0_IRQHandler))
<BR>[Address Reference Count : 1]<UL><LI> startup_rjs32k116.o(RESET)
</UL>
<P><STRONG><a name="[2e]"></a>UART0_LINSendByte</STRONG> (Thumb, 20 bytes, Stack size 0 bytes, uart.o(i.UART0_LINSendByte))
<BR><BR>[Called By]<UL><LI><a href="#[2d]">&gt;&gt;</a>&nbsp;&nbsp;&nbsp;UART0_LINSendData
</UL>

<P><STRONG><a name="[2d]"></a>UART0_LINSendData</STRONG> (Thumb, 54 bytes, Stack size 12 bytes, uart.o(i.UART0_LINSendData))
<BR><BR>[Stack]<UL><LI>Max Depth = 12<LI>Call Chain = UART0_LINSendData
</UL>
<BR>[Calls]<UL><LI><a href="#[2e]">&gt;&gt;</a>&nbsp;&nbsp;&nbsp;UART0_LINSendByte
</UL>
<BR>[Called By]<UL><LI><a href="#[23]">&gt;&gt;</a>&nbsp;&nbsp;&nbsp;main
</UL>

<P><STRONG><a name="[d]"></a>UART1_IRQHandler</STRONG> (Thumb, 2 bytes, Stack size 0 bytes, rjs32k116_it.o(i.UART1_IRQHandler))
<BR>[Address Reference Count : 1]<UL><LI> startup_rjs32k116.o(RESET)
</UL>
<P><STRONG><a name="[e]"></a>UART2_IRQHandler</STRONG> (Thumb, 2 bytes, Stack size 0 bytes, rjs32k116_it.o(i.UART2_IRQHandler))
<BR>[Address Reference Count : 1]<UL><LI> startup_rjs32k116.o(RESET)
</UL>
<P><STRONG><a name="[f]"></a>UART3_IRQHandler</STRONG> (Thumb, 2 bytes, Stack size 0 bytes, rjs32k116_it.o(i.UART3_IRQHandler))
<BR>[Address Reference Count : 1]<UL><LI> startup_rjs32k116.o(RESET)
</UL>
<P><STRONG><a name="[1c]"></a>WDG_IRQHandler</STRONG> (Thumb, 2 bytes, Stack size 0 bytes, rjs32k116_it.o(i.WDG_IRQHandler))
<BR>[Address Reference Count : 1]<UL><LI> startup_rjs32k116.o(RESET)
</UL>
<P><STRONG><a name="[39]"></a>__scatterload_copy</STRONG> (Thumb, 14 bytes, Stack size unknown bytes, handlers.o(i.__scatterload_copy), UNUSED)

<P><STRONG><a name="[3a]"></a>__scatterload_null</STRONG> (Thumb, 2 bytes, Stack size unknown bytes, handlers.o(i.__scatterload_null), UNUSED)

<P><STRONG><a name="[3b]"></a>__scatterload_zeroinit</STRONG> (Thumb, 14 bytes, Stack size unknown bytes, handlers.o(i.__scatterload_zeroinit), UNUSED)

<P><STRONG><a name="[23]"></a>main</STRONG> (Thumb, 64 bytes, Stack size 0 bytes, main.o(i.main))
<BR><BR>[Stack]<UL><LI>Max Depth = 36<LI>Call Chain = main &rArr; LIN_Init &rArr; __aeabi_uidivmod
</UL>
<BR>[Calls]<UL><LI><a href="#[2d]">&gt;&gt;</a>&nbsp;&nbsp;&nbsp;UART0_LINSendData
<LI><a href="#[2f]">&gt;&gt;</a>&nbsp;&nbsp;&nbsp;PLL_Init
<LI><a href="#[2b]">&gt;&gt;</a>&nbsp;&nbsp;&nbsp;LIN_Init
<LI><a href="#[30]">&gt;&gt;</a>&nbsp;&nbsp;&nbsp;Delay_Init
</UL>
<BR>[Address Reference Count : 1]<UL><LI> entry9a.o(.ARM.Collect$$$$0000000B)
</UL><P>
<H3>
Local Symbols
</H3><P>
<H3>
Undefined Global Symbols
</H3>
<P><STRONG><a name="[28]"></a>__arm_fini_</STRONG> (Unknown, 0 bytes, Stack size 0 bytes, UNDEFINED)
<BR><BR>[Called By]<UL><LI><a href="#[27]">&gt;&gt;</a>&nbsp;&nbsp;&nbsp;__rt_lib_shutdown_fini
</UL>
<HR></body></html>
