Component: ARM Compiler 5.06 update 7 (build 960) Tool: armlink [4d3601]

==============================================================================

Section Cross References

    main.o(i.CAN_Config) refers to can.o(i.CAN_Init) for CAN_Init
    main.o(i.CAN_Config) refers to main.o(.bss) for CAN_InitConfig
    main.o(i.CAN_Config) refers to main.o(.data) for CAN_FilterSetup
    main.o(i.CAN_TX) refers to can.o(i.CAN_Transmit) for CAN_Transmit
    main.o(i.CAN_TX) refers to main.o(.bss) for TxMsg
    main.o(i.CAN_TX) refers to main.o(.data) for count
    main.o(i.main) refers to crg.o(i.HSI_Init) for HSI_Init
    main.o(i.main) refers to main.o(i.CAN_Config) for CAN_Config
    main.o(i.main) refers to main.o(i.CAN_TX) for CAN_TX
    startup_rjs32k116.o(RESET) refers to startup_rjs32k116.o(STACK) for __initial_sp
    startup_rjs32k116.o(RESET) refers to startup_rjs32k116.o(.text) for Reset_Handler
    startup_rjs32k116.o(.text) refers to entry.o(.ARM.Collect$$$$00000000) for __main
    uart.o(i.UART0_Init) refers to uidiv.o(.text) for __aeabi_uidivmod
    uart.o(i.fputc) refers to uart.o(i.UART0_SendData) for UART0_SendData
    delay.o(i.Delay_Init) refers to delay.o(.data) for us
    delay.o(i.Delay_ms) refers to delay.o(.data) for ms
    delay.o(i.Delay_us) refers to delay.o(.data) for us
    entry.o(.ARM.Collect$$$$00000000) refers (Special) to entry10a.o(.ARM.Collect$$$$0000000F) for __rt_final_cpp
    entry.o(.ARM.Collect$$$$00000000) refers (Special) to entry11a.o(.ARM.Collect$$$$00000011) for __rt_final_exit
    entry.o(.ARM.Collect$$$$00000000) refers (Special) to entry12b.o(.ARM.Collect$$$$0000000E) for __rt_lib_shutdown_fini
    entry.o(.ARM.Collect$$$$00000000) refers (Special) to entry7b.o(.ARM.Collect$$$$00000008) for _main_clock
    entry.o(.ARM.Collect$$$$00000000) refers (Special) to entry8b.o(.ARM.Collect$$$$0000000A) for _main_cpp_init
    entry.o(.ARM.Collect$$$$00000000) refers (Special) to entry9a.o(.ARM.Collect$$$$0000000B) for _main_init
    entry.o(.ARM.Collect$$$$00000000) refers (Special) to entry5.o(.ARM.Collect$$$$00000004) for _main_scatterload
    entry.o(.ARM.Collect$$$$00000000) refers (Special) to entry2.o(.ARM.Collect$$$$00000001) for _main_stk
    entry2.o(.ARM.Collect$$$$00000001) refers to entry2.o(.ARM.Collect$$$$00002712) for __lit__00000000
    entry2.o(.ARM.Collect$$$$00002712) refers to startup_rjs32k116.o(STACK) for __initial_sp
    entry2.o(__vectab_stack_and_reset_area) refers to startup_rjs32k116.o(STACK) for __initial_sp
    entry2.o(__vectab_stack_and_reset_area) refers to entry.o(.ARM.Collect$$$$00000000) for __main
    entry5.o(.ARM.Collect$$$$00000004) refers to init.o(.text) for __scatterload
    entry9a.o(.ARM.Collect$$$$0000000B) refers to main.o(i.main) for main
    entry9b.o(.ARM.Collect$$$$0000000C) refers to main.o(i.main) for main
    init.o(.text) refers to entry5.o(.ARM.Collect$$$$00000004) for __main_after_scatterload


==============================================================================

Removing Unused input sections from the image.

    Removing main.o(.rev16_text), (4 bytes).
    Removing main.o(.revsh_text), (4 bytes).
    Removing startup_rjs32k116.o(HEAP), (512 bytes).
    Removing uart.o(.rev16_text), (4 bytes).
    Removing uart.o(.revsh_text), (4 bytes).
    Removing uart.o(i.UART0_Init), (176 bytes).
    Removing uart.o(i.UART0_ReceiveData), (16 bytes).
    Removing uart.o(i.UART0_SendData), (28 bytes).
    Removing uart.o(i.fputc), (16 bytes).
    Removing crg.o(.rev16_text), (4 bytes).
    Removing crg.o(.revsh_text), (4 bytes).
    Removing crg.o(i.PLL_Init), (52 bytes).
    Removing delay.o(.rev16_text), (4 bytes).
    Removing delay.o(.revsh_text), (4 bytes).
    Removing delay.o(i.Delay_Init), (60 bytes).
    Removing delay.o(i.Delay_ms), (80 bytes).
    Removing delay.o(i.Delay_us), (80 bytes).
    Removing delay.o(.data), (8 bytes).
    Removing can.o(.rev16_text), (4 bytes).
    Removing can.o(.revsh_text), (4 bytes).
    Removing can.o(i.CAN_Receive), (100 bytes).

21 unused section(s) (total 1168 bytes) removed from the image.

==============================================================================

Image Symbol Table

    Local Symbols

    Symbol Name                              Value     Ov Type        Size  Object(Section)

    RESET                                    0x00000000   Section      192  startup_rjs32k116.o(RESET)
    ../clib/microlib/division.c              0x00000000   Number         0  uidiv.o ABSOLUTE
    ../clib/microlib/init/entry.s            0x00000000   Number         0  entry2.o ABSOLUTE
    ../clib/microlib/init/entry.s            0x00000000   Number         0  entry12a.o ABSOLUTE
    ../clib/microlib/init/entry.s            0x00000000   Number         0  entry11b.o ABSOLUTE
    ../clib/microlib/init/entry.s            0x00000000   Number         0  entry11a.o ABSOLUTE
    ../clib/microlib/init/entry.s            0x00000000   Number         0  entry10b.o ABSOLUTE
    ../clib/microlib/init/entry.s            0x00000000   Number         0  entry12b.o ABSOLUTE
    ../clib/microlib/init/entry.s            0x00000000   Number         0  entry10a.o ABSOLUTE
    ../clib/microlib/init/entry.s            0x00000000   Number         0  entry9b.o ABSOLUTE
    ../clib/microlib/init/entry.s            0x00000000   Number         0  entry9a.o ABSOLUTE
    ../clib/microlib/init/entry.s            0x00000000   Number         0  entry8b.o ABSOLUTE
    ../clib/microlib/init/entry.s            0x00000000   Number         0  entry8a.o ABSOLUTE
    ../clib/microlib/init/entry.s            0x00000000   Number         0  entry7b.o ABSOLUTE
    ../clib/microlib/init/entry.s            0x00000000   Number         0  entry.o ABSOLUTE
    ../clib/microlib/init/entry.s            0x00000000   Number         0  entry7a.o ABSOLUTE
    ../clib/microlib/init/entry.s            0x00000000   Number         0  entry5.o ABSOLUTE
    ..\..\..\..\CMSIS\startup_rjs32k116.s    0x00000000   Number         0  startup_rjs32k116.o ABSOLUTE
    System\Src\can.c                         0x00000000   Number         0  can.o ABSOLUTE
    System\Src\crg.c                         0x00000000   Number         0  crg.o ABSOLUTE
    System\Src\delay.c                       0x00000000   Number         0  delay.o ABSOLUTE
    System\Src\uart.c                        0x00000000   Number         0  uart.o ABSOLUTE
    System\\Src\\can.c                       0x00000000   Number         0  can.o ABSOLUTE
    System\\Src\\crg.c                       0x00000000   Number         0  crg.o ABSOLUTE
    System\\Src\\delay.c                     0x00000000   Number         0  delay.o ABSOLUTE
    System\\Src\\uart.c                      0x00000000   Number         0  uart.o ABSOLUTE
    User\\main.c                             0x00000000   Number         0  main.o ABSOLUTE
    User\main.c                              0x00000000   Number         0  main.o ABSOLUTE
    User\rjs32k116_it.c                      0x00000000   Number         0  rjs32k116_it.o ABSOLUTE
    dc.s                                     0x00000000   Number         0  dc.o ABSOLUTE
    handlers.s                               0x00000000   Number         0  handlers.o ABSOLUTE
    init.s                                   0x00000000   Number         0  init.o ABSOLUTE
    .ARM.Collect$$$$00000000                 0x000000c0   Section        0  entry.o(.ARM.Collect$$$$00000000)
    .ARM.Collect$$$$00000001                 0x000000c0   Section        4  entry2.o(.ARM.Collect$$$$00000001)
    .ARM.Collect$$$$00000004                 0x000000c4   Section        4  entry5.o(.ARM.Collect$$$$00000004)
    .ARM.Collect$$$$00000008                 0x000000c8   Section        0  entry7b.o(.ARM.Collect$$$$00000008)
    .ARM.Collect$$$$0000000A                 0x000000c8   Section        0  entry8b.o(.ARM.Collect$$$$0000000A)
    .ARM.Collect$$$$0000000B                 0x000000c8   Section        8  entry9a.o(.ARM.Collect$$$$0000000B)
    .ARM.Collect$$$$0000000E                 0x000000d0   Section        4  entry12b.o(.ARM.Collect$$$$0000000E)
    .ARM.Collect$$$$0000000F                 0x000000d4   Section        0  entry10a.o(.ARM.Collect$$$$0000000F)
    .ARM.Collect$$$$00000011                 0x000000d4   Section        0  entry11a.o(.ARM.Collect$$$$00000011)
    .ARM.Collect$$$$00002712                 0x000000d4   Section        4  entry2.o(.ARM.Collect$$$$00002712)
    __lit__00000000                          0x000000d4   Data           4  entry2.o(.ARM.Collect$$$$00002712)
    .text                                    0x000000d8   Section       20  startup_rjs32k116.o(.text)
    .text                                    0x000000ec   Section       36  init.o(.text)
    i.CAN_Config                             0x00000110   Section        0  main.o(i.CAN_Config)
    i.CAN_Init                               0x00000130   Section        0  can.o(i.CAN_Init)
    i.CAN_TX                                 0x00000360   Section        0  main.o(i.CAN_TX)
    i.CAN_Transmit                           0x000003c0   Section        0  can.o(i.CAN_Transmit)
    i.HSI_Init                               0x00000538   Section        0  crg.o(i.HSI_Init)
    i.__scatterload_copy                     0x00000584   Section       14  handlers.o(i.__scatterload_copy)
    i.__scatterload_null                     0x00000592   Section        2  handlers.o(i.__scatterload_null)
    i.__scatterload_zeroinit                 0x00000594   Section       14  handlers.o(i.__scatterload_zeroinit)
    i.main                                   0x000005a2   Section        0  main.o(i.main)
    .data                                    0x20000000   Section       16  main.o(.data)
    .bss                                     0x20000010   Section      128  main.o(.bss)
    STACK                                    0x20000090   Section     1024  startup_rjs32k116.o(STACK)

    Global Symbols

    Symbol Name                              Value     Ov Type        Size  Object(Section)

    BuildAttributes$$THM_ISAv3M$S$PE$A:L22$X:L11$S22$IEEE1$IW$USESV6$~STKCKD$USESV7$~SHL$OSPACE$EBA8$MICROLIB$REQ8$PRES8$EABIv2 0x00000000   Number         0  anon$$obj.o ABSOLUTE
    __ARM_use_no_argv                        0x00000000   Number         0  main.o ABSOLUTE
    __Vectors                                0x00000000   Data           4  startup_rjs32k116.o(RESET)
    __arm_fini_                               - Undefined Weak Reference
    __cpp_initialize__aeabi_                  - Undefined Weak Reference
    __cxa_finalize                            - Undefined Weak Reference
    __decompress                              - Undefined Weak Reference
    _clock_init                               - Undefined Weak Reference
    _microlib_exit                            - Undefined Weak Reference
    __Vectors_End                            0x000000c0   Data           0  startup_rjs32k116.o(RESET)
    __Vectors_Size                           0x000000c0   Number         0  startup_rjs32k116.o ABSOLUTE
    __main                                   0x000000c1   Thumb Code     0  entry.o(.ARM.Collect$$$$00000000)
    _main_stk                                0x000000c1   Thumb Code     0  entry2.o(.ARM.Collect$$$$00000001)
    _main_scatterload                        0x000000c5   Thumb Code     0  entry5.o(.ARM.Collect$$$$00000004)
    __main_after_scatterload                 0x000000c9   Thumb Code     0  entry5.o(.ARM.Collect$$$$00000004)
    _main_clock                              0x000000c9   Thumb Code     0  entry7b.o(.ARM.Collect$$$$00000008)
    _main_cpp_init                           0x000000c9   Thumb Code     0  entry8b.o(.ARM.Collect$$$$0000000A)
    _main_init                               0x000000c9   Thumb Code     0  entry9a.o(.ARM.Collect$$$$0000000B)
    __rt_lib_shutdown_fini                   0x000000d1   Thumb Code     0  entry12b.o(.ARM.Collect$$$$0000000E)
    __rt_final_cpp                           0x000000d5   Thumb Code     0  entry10a.o(.ARM.Collect$$$$0000000F)
    __rt_final_exit                          0x000000d5   Thumb Code     0  entry11a.o(.ARM.Collect$$$$00000011)
    Reset_Handler                            0x000000d9   Thumb Code     4  startup_rjs32k116.o(.text)
    NMI_Handler                              0x000000dd   Thumb Code     2  startup_rjs32k116.o(.text)
    HardFault_Handler                        0x000000df   Thumb Code     2  startup_rjs32k116.o(.text)
    SVC_Handler                              0x000000e1   Thumb Code     2  startup_rjs32k116.o(.text)
    PendSV_Handler                           0x000000e3   Thumb Code     2  startup_rjs32k116.o(.text)
    SysTick_Handler                          0x000000e5   Thumb Code     2  startup_rjs32k116.o(.text)
    ADC_IRQHandler                           0x000000e7   Thumb Code     0  startup_rjs32k116.o(.text)
    CAN_IRQHandler                           0x000000e7   Thumb Code     0  startup_rjs32k116.o(.text)
    CLKCHK_IRQHandler                        0x000000e7   Thumb Code     0  startup_rjs32k116.o(.text)
    COMP1COMP2_IRQHandler                    0x000000e7   Thumb Code     0  startup_rjs32k116.o(.text)
    DMA_IRQHandler                           0x000000e7   Thumb Code     0  startup_rjs32k116.o(.text)
    GPIOA_IRQHandler                         0x000000e7   Thumb Code     0  startup_rjs32k116.o(.text)
    GPIOB_IRQHandler                         0x000000e7   Thumb Code     0  startup_rjs32k116.o(.text)
    GPIOC_IRQHandler                         0x000000e7   Thumb Code     0  startup_rjs32k116.o(.text)
    GPIOH_IRQHandler                         0x000000e7   Thumb Code     0  startup_rjs32k116.o(.text)
    I2C0_IRQHandler                          0x000000e7   Thumb Code     0  startup_rjs32k116.o(.text)
    I2C1_IRQHandler                          0x000000e7   Thumb Code     0  startup_rjs32k116.o(.text)
    IWDG_IRQHandler                          0x000000e7   Thumb Code     0  startup_rjs32k116.o(.text)
    LPTIMER_IRQHandler                       0x000000e7   Thumb Code     0  startup_rjs32k116.o(.text)
    LPUART_IRQHandler                        0x000000e7   Thumb Code     0  startup_rjs32k116.o(.text)
    PVD_IRQHandler                           0x000000e7   Thumb Code     0  startup_rjs32k116.o(.text)
    RTC_IRQHandler                           0x000000e7   Thumb Code     0  startup_rjs32k116.o(.text)
    SPI0_IRQHandler                          0x000000e7   Thumb Code     0  startup_rjs32k116.o(.text)
    SPI1_IRQHandler                          0x000000e7   Thumb Code     0  startup_rjs32k116.o(.text)
    SRAM_ERROR_IRQHandler                    0x000000e7   Thumb Code     0  startup_rjs32k116.o(.text)
    TIMER0_IRQHandler                        0x000000e7   Thumb Code     0  startup_rjs32k116.o(.text)
    TIMER1_IRQHandler                        0x000000e7   Thumb Code     0  startup_rjs32k116.o(.text)
    TIMER2_IRQHandler                        0x000000e7   Thumb Code     0  startup_rjs32k116.o(.text)
    TIMER3_IRQHandler                        0x000000e7   Thumb Code     0  startup_rjs32k116.o(.text)
    TIMER4_IRQHandler                        0x000000e7   Thumb Code     0  startup_rjs32k116.o(.text)
    UART0_IRQHandler                         0x000000e7   Thumb Code     0  startup_rjs32k116.o(.text)
    UART1_IRQHandler                         0x000000e7   Thumb Code     0  startup_rjs32k116.o(.text)
    UART2_IRQHandler                         0x000000e7   Thumb Code     0  startup_rjs32k116.o(.text)
    UART3_IRQHandler                         0x000000e7   Thumb Code     0  startup_rjs32k116.o(.text)
    WDG_IRQHandler                           0x000000e7   Thumb Code     0  startup_rjs32k116.o(.text)
    __scatterload                            0x000000ed   Thumb Code    28  init.o(.text)
    __scatterload_rt2                        0x000000ed   Thumb Code     0  init.o(.text)
    CAN_Config                               0x00000111   Thumb Code    22  main.o(i.CAN_Config)
    CAN_Init                                 0x00000131   Thumb Code   544  can.o(i.CAN_Init)
    CAN_TX                                   0x00000361   Thumb Code    84  main.o(i.CAN_TX)
    CAN_Transmit                             0x000003c1   Thumb Code   372  can.o(i.CAN_Transmit)
    HSI_Init                                 0x00000539   Thumb Code    66  crg.o(i.HSI_Init)
    __scatterload_copy                       0x00000585   Thumb Code    14  handlers.o(i.__scatterload_copy)
    __scatterload_null                       0x00000593   Thumb Code     2  handlers.o(i.__scatterload_null)
    __scatterload_zeroinit                   0x00000595   Thumb Code    14  handlers.o(i.__scatterload_zeroinit)
    main                                     0x000005a3   Thumb Code    16  main.o(i.main)
    Region$$Table$$Base                      0x000005b4   Number         0  anon$$obj.o(Region$$Table)
    Region$$Table$$Limit                     0x000005d4   Number         0  anon$$obj.o(Region$$Table)
    count                                    0x20000000   Data           1  main.o(.data)
    CAN_FilterSetup                          0x20000004   Data          12  main.o(.data)
    can_data                                 0x20000010   Data         100  main.o(.bss)
    TxMsg                                    0x20000074   Data          16  main.o(.bss)
    CAN_InitConfig                           0x20000084   Data          12  main.o(.bss)
    __initial_sp                             0x20000490   Data           0  startup_rjs32k116.o(STACK)



==============================================================================

Memory Map of the image

  Image Entry point : 0x000000c1

  Load Region LR_IROM1 (Base: 0x00000000, Size: 0x000005e4, Max: 0x00020000, ABSOLUTE)

    Execution Region ER_IROM1 (Exec base: 0x00000000, Load base: 0x00000000, Size: 0x000005d4, Max: 0x00020000, ABSOLUTE)

    Exec Addr    Load Addr    Size         Type   Attr      Idx    E Section Name        Object

    0x00000000   0x00000000   0x000000c0   Data   RO           84    RESET               startup_rjs32k116.o
    0x000000c0   0x000000c0   0x00000000   Code   RO          233  * .ARM.Collect$$$$00000000  mc_p.l(entry.o)
    0x000000c0   0x000000c0   0x00000004   Code   RO          238    .ARM.Collect$$$$00000001  mc_p.l(entry2.o)
    0x000000c4   0x000000c4   0x00000004   Code   RO          241    .ARM.Collect$$$$00000004  mc_p.l(entry5.o)
    0x000000c8   0x000000c8   0x00000000   Code   RO          243    .ARM.Collect$$$$00000008  mc_p.l(entry7b.o)
    0x000000c8   0x000000c8   0x00000000   Code   RO          245    .ARM.Collect$$$$0000000A  mc_p.l(entry8b.o)
    0x000000c8   0x000000c8   0x00000008   Code   RO          246    .ARM.Collect$$$$0000000B  mc_p.l(entry9a.o)
    0x000000d0   0x000000d0   0x00000004   Code   RO          253    .ARM.Collect$$$$0000000E  mc_p.l(entry12b.o)
    0x000000d4   0x000000d4   0x00000000   Code   RO          248    .ARM.Collect$$$$0000000F  mc_p.l(entry10a.o)
    0x000000d4   0x000000d4   0x00000000   Code   RO          250    .ARM.Collect$$$$00000011  mc_p.l(entry11a.o)
    0x000000d4   0x000000d4   0x00000004   Code   RO          239    .ARM.Collect$$$$00002712  mc_p.l(entry2.o)
    0x000000d8   0x000000d8   0x00000014   Code   RO           85    .text               startup_rjs32k116.o
    0x000000ec   0x000000ec   0x00000024   Code   RO          254    .text               mc_p.l(init.o)
    0x00000110   0x00000110   0x00000020   Code   RO            3    i.CAN_Config        main.o
    0x00000130   0x00000130   0x00000230   Code   RO          200    i.CAN_Init          can.o
    0x00000360   0x00000360   0x00000060   Code   RO            4    i.CAN_TX            main.o
    0x000003c0   0x000003c0   0x00000178   Code   RO          202    i.CAN_Transmit      can.o
    0x00000538   0x00000538   0x0000004c   Code   RO          139    i.HSI_Init          crg.o
    0x00000584   0x00000584   0x0000000e   Code   RO          258    i.__scatterload_copy  mc_p.l(handlers.o)
    0x00000592   0x00000592   0x00000002   Code   RO          259    i.__scatterload_null  mc_p.l(handlers.o)
    0x00000594   0x00000594   0x0000000e   Code   RO          260    i.__scatterload_zeroinit  mc_p.l(handlers.o)
    0x000005a2   0x000005a2   0x00000010   Code   RO            5    i.main              main.o
    0x000005b2   0x000005b2   0x00000002   PAD
    0x000005b4   0x000005b4   0x00000020   Data   RO          256    Region$$Table       anon$$obj.o


    Execution Region RW_IRAM1 (Exec base: 0x20000000, Load base: 0x000005d4, Size: 0x00000490, Max: 0x00004000, ABSOLUTE)

    Exec Addr    Load Addr    Size         Type   Attr      Idx    E Section Name        Object

    0x20000000   0x000005d4   0x00000010   Data   RW            7    .data               main.o
    0x20000010        -       0x00000080   Zero   RW            6    .bss                main.o
    0x20000090        -       0x00000400   Zero   RW           82    STACK               startup_rjs32k116.o


==============================================================================

Image component sizes


      Code (inc. data)   RO Data    RW Data    ZI Data      Debug   Object Name

       936         20          0          0          0       3214   can.o
        76         10          0          0          0        443   crg.o
       144         22          0         16        128      23231   main.o
        20          4        192          0       1024        656   startup_rjs32k116.o
         0          0          0          0          0      15172   uart.o

    ----------------------------------------------------------------------
      1178         56        224         16       1152      42716   Object Totals
         0          0         32          0          0          0   (incl. Generated)
         2          0          0          0          0          0   (incl. Padding)

    ----------------------------------------------------------------------

      Code (inc. data)   RO Data    RW Data    ZI Data      Debug   Library Member Name

         0          0          0          0          0          0   entry.o
         0          0          0          0          0          0   entry10a.o
         0          0          0          0          0          0   entry11a.o
         4          0          0          0          0          0   entry12b.o
         8          4          0          0          0          0   entry2.o
         4          0          0          0          0          0   entry5.o
         0          0          0          0          0          0   entry7b.o
         0          0          0          0          0          0   entry8b.o
         8          4          0          0          0          0   entry9a.o
        30          0          0          0          0          0   handlers.o
        36          8          0          0          0         68   init.o

    ----------------------------------------------------------------------
        90         16          0          0          0         68   Library Totals
         0          0          0          0          0          0   (incl. Padding)

    ----------------------------------------------------------------------

      Code (inc. data)   RO Data    RW Data    ZI Data      Debug   Library Name

        90         16          0          0          0         68   mc_p.l

    ----------------------------------------------------------------------
        90         16          0          0          0         68   Library Totals

    ----------------------------------------------------------------------

==============================================================================


      Code (inc. data)   RO Data    RW Data    ZI Data      Debug   

      1268         72        224         16       1152      42760   Grand Totals
      1268         72        224         16       1152      42760   ELF Image Totals
      1268         72        224         16          0          0   ROM Totals

==============================================================================

    Total RO  Size (Code + RO Data)                 1492 (   1.46kB)
    Total RW  Size (RW Data + ZI Data)              1168 (   1.14kB)
    Total ROM Size (Code + RO Data + RW Data)       1508 (   1.47kB)

==============================================================================

